------------------------------------------------------------
TimeQuest Timing Analyzer Summary
------------------------------------------------------------

Type  : Slow 1200mV 85C Model Setup 'CLOCK_50'
Slack : -2.385
TNS   : -123.103

Type  : Slow 1200mV 85C Model Hold 'CLOCK_50'
Slack : 0.358
TNS   : 0.000

Type  : Slow 1200mV 85C Model Recovery 'CLOCK_50'
Slack : -0.765
TNS   : -32.991

Type  : Slow 1200mV 85C Model Removal 'CLOCK_50'
Slack : 1.061
TNS   : 0.000

Type  : Slow 1200mV 85C Model Minimum Pulse Width 'CLOCK_50'
Slack : -3.000
TNS   : -87.000

Type  : Slow 1200mV 0C Model Setup 'CLOCK_50'
Slack : -2.061
TNS   : -102.652

Type  : Slow 1200mV 0C Model Hold 'CLOCK_50'
Slack : 0.312
TNS   : 0.000

Type  : Slow 1200mV 0C Model Recovery 'CLOCK_50'
Slack : -0.568
TNS   : -23.635

Type  : Slow 1200mV 0C Model Removal 'CLOCK_50'
Slack : 0.969
TNS   : 0.000

Type  : Slow 1200mV 0C Model Minimum Pulse Width 'CLOCK_50'
Slack : -3.000
TNS   : -87.000

Type  : Fast 1200mV 0C Model Setup 'CLOCK_50'
Slack : -0.892
TNS   : -36.658

Type  : Fast 1200mV 0C Model Hold 'CLOCK_50'
Slack : 0.187
TNS   : 0.000

Type  : Fast 1200mV 0C Model Recovery 'CLOCK_50'
Slack : -0.027
TNS   : -0.248

Type  : Fast 1200mV 0C Model Removal 'CLOCK_50'
Slack : 0.573
TNS   : 0.000

Type  : Fast 1200mV 0C Model Minimum Pulse Width 'CLOCK_50'
Slack : -3.000
TNS   : -111.592

------------------------------------------------------------
