Archive member included because of file (symbol)

../12_bsp/\libhal_bsp.a(alt_load.o)
                              ../12_bsp//obj/HAL/src/crt0.o (alt_load)
../12_bsp/\libhal_bsp.a(alt_main.o)
                              ../12_bsp//obj/HAL/src/crt0.o (alt_main)
../12_bsp/\libhal_bsp.a(alt_usleep.o)
                              obj/default/hello_world.o (usleep)
../12_bsp/\libhal_bsp.a(alt_sys_init.o)
                              ../12_bsp/\libhal_bsp.a(alt_main.o) (alt_irq_init)
../12_bsp/\libhal_bsp.a(altera_avalon_jtag_uart_fd.o)
                              ../12_bsp/\libhal_bsp.a(alt_sys_init.o) (altera_avalon_jtag_uart_read_fd)
../12_bsp/\libhal_bsp.a(altera_avalon_jtag_uart_init.o)
                              ../12_bsp/\libhal_bsp.a(alt_sys_init.o) (altera_avalon_jtag_uart_init)
../12_bsp/\libhal_bsp.a(altera_avalon_jtag_uart_ioctl.o)
                              ../12_bsp/\libhal_bsp.a(altera_avalon_jtag_uart_fd.o) (altera_avalon_jtag_uart_ioctl)
../12_bsp/\libhal_bsp.a(altera_avalon_jtag_uart_read.o)
                              ../12_bsp/\libhal_bsp.a(altera_avalon_jtag_uart_fd.o) (altera_avalon_jtag_uart_read)
../12_bsp/\libhal_bsp.a(altera_avalon_jtag_uart_write.o)
                              ../12_bsp/\libhal_bsp.a(altera_avalon_jtag_uart_fd.o) (altera_avalon_jtag_uart_write)
../12_bsp/\libhal_bsp.a(alt_alarm_start.o)
                              ../12_bsp/\libhal_bsp.a(altera_avalon_jtag_uart_init.o) (alt_alarm_start)
../12_bsp/\libhal_bsp.a(alt_busy_sleep.o)
                              ../12_bsp/\libhal_bsp.a(alt_usleep.o) (alt_busy_sleep)
../12_bsp/\libhal_bsp.a(alt_close.o)
                              ../12_bsp/\libhal_bsp.a(alt_main.o) (close)
../12_bsp/\libhal_bsp.a(alt_dcache_flush_all.o)
                              ../12_bsp/\libhal_bsp.a(alt_load.o) (alt_dcache_flush_all)
../12_bsp/\libhal_bsp.a(alt_dev.o)
                              ../12_bsp/\libhal_bsp.a(alt_sys_init.o) (alt_dev_list)
../12_bsp/\libhal_bsp.a(alt_dev_llist_insert.o)
                              ../12_bsp/\libhal_bsp.a(alt_sys_init.o) (alt_dev_llist_insert)
../12_bsp/\libhal_bsp.a(alt_do_ctors.o)
                              ../12_bsp/\libhal_bsp.a(alt_main.o) (_do_ctors)
../12_bsp/\libhal_bsp.a(alt_do_dtors.o)
                              ../12_bsp/\libhal_bsp.a(alt_main.o) (_do_dtors)
../12_bsp/\libhal_bsp.a(alt_errno.o)
                              ../12_bsp/\libhal_bsp.a(alt_close.o) (alt_errno)
../12_bsp/\libhal_bsp.a(alt_icache_flush_all.o)
                              ../12_bsp/\libhal_bsp.a(alt_load.o) (alt_icache_flush_all)
../12_bsp/\libhal_bsp.a(alt_iic.o)
                              ../12_bsp/\libhal_bsp.a(altera_avalon_jtag_uart_init.o) (alt_ic_isr_register)
../12_bsp/\libhal_bsp.a(alt_iic_isr_register.o)
                              ../12_bsp/\libhal_bsp.a(alt_iic.o) (alt_iic_isr_register)
../12_bsp/\libhal_bsp.a(alt_io_redirect.o)
                              ../12_bsp/\libhal_bsp.a(alt_main.o) (alt_io_redirect)
../12_bsp/\libhal_bsp.a(alt_irq_entry.o)
                              ../12_bsp/\libhal_bsp.a(alt_iic_isr_register.o) (alt_irq_entry)
../12_bsp/\libhal_bsp.a(alt_irq_handler.o)
                              ../12_bsp/\libhal_bsp.a(alt_iic_isr_register.o) (alt_irq_handler)
../12_bsp/\libhal_bsp.a(alt_irq_vars.o)
                              ../12_bsp/\libhal_bsp.a(alt_iic.o) (alt_irq_active)
../12_bsp/\libhal_bsp.a(alt_open.o)
                              ../12_bsp/\libhal_bsp.a(alt_io_redirect.o) (open)
../12_bsp/\libhal_bsp.a(alt_release_fd.o)
                              ../12_bsp/\libhal_bsp.a(alt_close.o) (alt_release_fd)
../12_bsp/\libhal_bsp.a(alt_tick.o)
                              ../12_bsp/\libhal_bsp.a(altera_avalon_jtag_uart_init.o) (_alt_tick_rate)
../12_bsp/\libhal_bsp.a(altera_nios2_qsys_irq.o)
                              ../12_bsp/\libhal_bsp.a(alt_sys_init.o) (altera_nios2_qsys_irq_init)
../12_bsp/\libhal_bsp.a(alt_exception_entry.o)
                              ../12_bsp/\libhal_bsp.a(alt_irq_entry.o) (alt_exception)
../12_bsp/\libhal_bsp.a(alt_find_dev.o)
                              ../12_bsp/\libhal_bsp.a(alt_open.o) (alt_find_dev)
../12_bsp/\libhal_bsp.a(alt_find_file.o)
                              ../12_bsp/\libhal_bsp.a(alt_open.o) (alt_find_file)
../12_bsp/\libhal_bsp.a(alt_get_fd.o)
                              ../12_bsp/\libhal_bsp.a(alt_open.o) (alt_get_fd)
c:/altera/13.0sp1/nios2eds/bin/gnu/h-i686-mingw32/bin/../lib/gcc/nios2-elf/4.1.2/../../../../nios2-elf/lib/mno-hw-mul\libc.a(lib_a-atexit.o)
                              ../12_bsp/\libhal_bsp.a(alt_main.o) (atexit)
c:/altera/13.0sp1/nios2eds/bin/gnu/h-i686-mingw32/bin/../lib/gcc/nios2-elf/4.1.2/../../../../nios2-elf/lib/mno-hw-mul\libc.a(lib_a-exit.o)
                              ../12_bsp/\libhal_bsp.a(alt_main.o) (exit)
c:/altera/13.0sp1/nios2eds/bin/gnu/h-i686-mingw32/bin/../lib/gcc/nios2-elf/4.1.2/../../../../nios2-elf/lib/mno-hw-mul\libc.a(lib_a-impure.o)
                              c:/altera/13.0sp1/nios2eds/bin/gnu/h-i686-mingw32/bin/../lib/gcc/nios2-elf/4.1.2/../../../../nios2-elf/lib/mno-hw-mul\libc.a(lib_a-exit.o) (_global_impure_ptr)
c:/altera/13.0sp1/nios2eds/bin/gnu/h-i686-mingw32/bin/../lib/gcc/nios2-elf/4.1.2/../../../../nios2-elf/lib/mno-hw-mul\libc.a(lib_a-int_errno.o)
                              ../12_bsp/\libhal_bsp.a(alt_close.o) (errno)
c:/altera/13.0sp1/nios2eds/bin/gnu/h-i686-mingw32/bin/../lib/gcc/nios2-elf/4.1.2/../../../../nios2-elf/lib/mno-hw-mul\libc.a(lib_a-memcmp.o)
                              ../12_bsp/\libhal_bsp.a(alt_find_dev.o) (memcmp)
c:/altera/13.0sp1/nios2eds/bin/gnu/h-i686-mingw32/bin/../lib/gcc/nios2-elf/4.1.2/../../../../nios2-elf/lib/mno-hw-mul\libc.a(lib_a-memcpy.o)
                              ../12_bsp/\libhal_bsp.a(altera_avalon_jtag_uart_read.o) (memcpy)
c:/altera/13.0sp1/nios2eds/bin/gnu/h-i686-mingw32/bin/../lib/gcc/nios2-elf/4.1.2/../../../../nios2-elf/lib/mno-hw-mul\libc.a(lib_a-strlen.o)
                              ../12_bsp/\libhal_bsp.a(alt_find_dev.o) (strlen)
c:/altera/13.0sp1/nios2eds/bin/gnu/h-i686-mingw32/bin/../lib/gcc/nios2-elf/4.1.2/../../../../nios2-elf/lib/mno-hw-mul\libc.a(lib_a-__atexit.o)
                              c:/altera/13.0sp1/nios2eds/bin/gnu/h-i686-mingw32/bin/../lib/gcc/nios2-elf/4.1.2/../../../../nios2-elf/lib/mno-hw-mul\libc.a(lib_a-atexit.o) (__register_exitproc)
c:/altera/13.0sp1/nios2eds/bin/gnu/h-i686-mingw32/bin/../lib/gcc/nios2-elf/4.1.2/../../../../nios2-elf/lib/mno-hw-mul\libc.a(lib_a-__call_atexit.o)
                              c:/altera/13.0sp1/nios2eds/bin/gnu/h-i686-mingw32/bin/../lib/gcc/nios2-elf/4.1.2/../../../../nios2-elf/lib/mno-hw-mul\libc.a(lib_a-exit.o) (__call_exitprocs)
c:/altera/13.0sp1/nios2eds/bin/gnu/h-i686-mingw32/bin/../lib/gcc/nios2-elf/4.1.2/mno-hw-mul\libgcc.a(lib2-divmod.o)
                              ../12_bsp/\libhal_bsp.a(alt_busy_sleep.o) (__udivsi3)
c:/altera/13.0sp1/nios2eds/bin/gnu/h-i686-mingw32/bin/../lib/gcc/nios2-elf/4.1.2/mno-hw-mul\libgcc.a(lib2-mul.o)
                              ../12_bsp/\libhal_bsp.a(alt_busy_sleep.o) (__mulsi3)
../12_bsp/\libhal_bsp.a(alt_exit.o)
                              c:/altera/13.0sp1/nios2eds/bin/gnu/h-i686-mingw32/bin/../lib/gcc/nios2-elf/4.1.2/../../../../nios2-elf/lib/mno-hw-mul\libc.a(lib_a-exit.o) (_exit)

Allocating common symbols
Common symbol       size              file

alt_irq             0x100             ../12_bsp/\libhal_bsp.a(alt_irq_handler.o)
errno               0x4               c:/altera/13.0sp1/nios2eds/bin/gnu/h-i686-mingw32/bin/../lib/gcc/nios2-elf/4.1.2/../../../../nios2-elf/lib/mno-hw-mul\libc.a(lib_a-int_errno.o)
_atexit0            0x190             c:/altera/13.0sp1/nios2eds/bin/gnu/h-i686-mingw32/bin/../lib/gcc/nios2-elf/4.1.2/../../../../nios2-elf/lib/mno-hw-mul\libc.a(lib_a-atexit.o)

Memory Configuration

Name             Origin             Length             Attributes
reset            0x02800000         0x00000020
sdram_ctrl       0x02800020         0x007fffe0
*default*        0x00000000         0xffffffff

Linker script and memory map

LOAD ../12_bsp//obj/HAL/src/crt0.o
LOAD obj/default/hello_world.o
LOAD c:/altera/13.0sp1/nios2eds/bin/gnu/h-i686-mingw32/bin/../lib/gcc/nios2-elf/4.1.2/../../../../nios2-elf/lib/mno-hw-mul\libstdc++.a
LOAD c:/altera/13.0sp1/nios2eds/bin/gnu/h-i686-mingw32/bin/../lib/gcc/nios2-elf/4.1.2/../../../../nios2-elf/lib/mno-hw-mul\libm.a
LOAD c:/altera/13.0sp1/nios2eds/bin/gnu/h-i686-mingw32/bin/../lib/gcc/nios2-elf/4.1.2/mno-hw-mul\libgcc.a
START GROUP
LOAD c:/altera/13.0sp1/nios2eds/bin/gnu/h-i686-mingw32/bin/../lib/gcc/nios2-elf/4.1.2/../../../../nios2-elf/lib/mno-hw-mul\libc.a
LOAD c:/altera/13.0sp1/nios2eds/bin/gnu/h-i686-mingw32/bin/../lib/gcc/nios2-elf/4.1.2/mno-hw-mul\libgcc.a
LOAD ../12_bsp/\libhal_bsp.a
END GROUP
LOAD c:/altera/13.0sp1/nios2eds/bin/gnu/h-i686-mingw32/bin/../lib/gcc/nios2-elf/4.1.2/mno-hw-mul\libgcc.a
                0x02800000                __alt_mem_sdram_ctrl = 0x2800000

.entry          0x02800000       0x20
 *(.entry)
 .entry         0x02800000       0x20 ../12_bsp//obj/HAL/src/crt0.o
                0x02800000                __reset

.exceptions     0x02800020      0x194
                0x02800020                PROVIDE (__ram_exceptions_start, ABSOLUTE (.))
                0x02800020                . = ALIGN (0x20)
 *(.irq)
 *(.exceptions.entry.label)
 .exceptions.entry.label
                0x02800020        0x0 ../12_bsp/\libhal_bsp.a(alt_irq_entry.o)
                0x02800020                alt_irq_entry
 .exceptions.entry.label
                0x02800020        0x0 ../12_bsp/\libhal_bsp.a(alt_exception_entry.o)
                0x02800020                alt_exception
 *(.exceptions.entry.user)
 *(.exceptions.entry)
 .exceptions.entry
                0x02800020       0x54 ../12_bsp/\libhal_bsp.a(alt_exception_entry.o)
 *(.exceptions.irqtest.user)
 *(.exceptions.irqtest)
 .exceptions.irqtest
                0x02800074       0x10 ../12_bsp/\libhal_bsp.a(alt_irq_entry.o)
 *(.exceptions.irqhandler.user)
 *(.exceptions.irqhandler)
 .exceptions.irqhandler
                0x02800084        0x4 ../12_bsp/\libhal_bsp.a(alt_irq_entry.o)
 *(.exceptions.irqreturn.user)
 *(.exceptions.irqreturn)
 .exceptions.irqreturn
                0x02800088        0x4 ../12_bsp/\libhal_bsp.a(alt_irq_entry.o)
 *(.exceptions.notirq.label)
 .exceptions.notirq.label
                0x0280008c        0x0 ../12_bsp/\libhal_bsp.a(alt_irq_entry.o)
 *(.exceptions.notirq.user)
 *(.exceptions.notirq)
 .exceptions.notirq
                0x0280008c        0x8 ../12_bsp/\libhal_bsp.a(alt_exception_entry.o)
 *(.exceptions.soft.user)
 *(.exceptions.soft)
 *(.exceptions.unknown.user)
 *(.exceptions.unknown)
 .exceptions.unknown
                0x02800094        0x4 ../12_bsp/\libhal_bsp.a(alt_exception_entry.o)
 *(.exceptions.exit.label)
 .exceptions.exit.label
                0x02800098        0x0 ../12_bsp/\libhal_bsp.a(alt_irq_entry.o)
 .exceptions.exit.label
                0x02800098        0x0 ../12_bsp/\libhal_bsp.a(alt_exception_entry.o)
 *(.exceptions.exit.user)
 *(.exceptions.exit)
 .exceptions.exit
                0x02800098       0x54 ../12_bsp/\libhal_bsp.a(alt_exception_entry.o)
 *(.exceptions)
 .exceptions    0x028000ec       0xc8 ../12_bsp/\libhal_bsp.a(alt_irq_handler.o)
                0x028000ec                alt_irq_handler
                0x028001b4                PROVIDE (__ram_exceptions_end, ABSOLUTE (.))
                0x02800020                PROVIDE (__flash_exceptions_start, LOADADDR (.exceptions))

.text           0x028001b4     0x2680
                0x028001b4                PROVIDE (stext, ABSOLUTE (.))
 *(.interp)
 *(.hash)
 *(.dynsym)
 *(.dynstr)
 *(.gnu.version)
 *(.gnu.version_d)
 *(.gnu.version_r)
 *(.rel.init)
 *(.rela.init)
 *(.rel.text .rel.text.* .rel.gnu.linkonce.t.*)
 *(.rela.text .rela.text.* .rela.gnu.linkonce.t.*)
 *(.rel.fini)
 *(.rela.fini)
 *(.rel.rodata .rel.rodata.* .rel.gnu.linkonce.r.*)
 *(.rela.rodata .rela.rodata.* .rela.gnu.linkonce.r.*)
 *(.rel.data .rel.data.* .rel.gnu.linkonce.d.*)
 *(.rela.data .rela.data.* .rela.gnu.linkonce.d.*)
 *(.rel.tdata .rel.tdata.* .rel.gnu.linkonce.td.*)
 *(.rela.tdata .rela.tdata.* .rela.gnu.linkonce.td.*)
 *(.rel.tbss .rel.tbss.* .rel.gnu.linkonce.tb.*)
 *(.rela.tbss .rela.tbss.* .rela.gnu.linkonce.tb.*)
 *(.rel.ctors)
 *(.rela.ctors)
 *(.rel.dtors)
 *(.rela.dtors)
 *(.rel.got)
 *(.rela.got)
 *(.rel.sdata .rel.sdata.* .rel.gnu.linkonce.s.*)
 *(.rela.sdata .rela.sdata.* .rela.gnu.linkonce.s.*)
 *(.rel.sbss .rel.sbss.* .rel.gnu.linkonce.sb.*)
 *(.rela.sbss .rela.sbss.* .rela.gnu.linkonce.sb.*)
 *(.rel.sdata2 .rel.sdata2.* .rel.gnu.linkonce.s2.*)
 *(.rela.sdata2 .rela.sdata2.* .rela.gnu.linkonce.s2.*)
 *(.rel.sbss2 .rel.sbss2.* .rel.gnu.linkonce.sb2.*)
 *(.rela.sbss2 .rela.sbss2.* .rela.gnu.linkonce.sb2.*)
 *(.rel.bss .rel.bss.* .rel.gnu.linkonce.b.*)
 *(.rela.bss .rela.bss.* .rela.gnu.linkonce.b.*)
 *(.rel.plt)
 *(.rela.plt)
 *(.rel.dyn)
 *(.init)
 *(.plt)
 *(.text .stub .text.* .gnu.linkonce.t.*)
 .text          0x028001b4       0x3c ../12_bsp//obj/HAL/src/crt0.o
                0x028001b4                _start
 .text          0x028001f0       0xac obj/default/hello_world.o
                0x028001f0                main
 .text          0x0280029c       0xec ../12_bsp/\libhal_bsp.a(alt_load.o)
                0x0280029c                alt_load
 .text          0x02800388       0x6c ../12_bsp/\libhal_bsp.a(alt_main.o)
                0x02800388                alt_main
 .text          0x028003f4       0x30 ../12_bsp/\libhal_bsp.a(alt_usleep.o)
                0x028003f4                usleep
 .text          0x02800424       0xb0 ../12_bsp/\libhal_bsp.a(alt_sys_init.o)
                0x02800424                alt_irq_init
                0x02800458                alt_sys_init
 .text          0x028004d4      0x148 ../12_bsp/\libhal_bsp.a(altera_avalon_jtag_uart_fd.o)
                0x028004d4                altera_avalon_jtag_uart_read_fd
                0x0280052c                altera_avalon_jtag_uart_write_fd
                0x02800584                altera_avalon_jtag_uart_close_fd
                0x028005cc                altera_avalon_jtag_uart_ioctl_fd
 .text          0x0280061c      0x40c ../12_bsp/\libhal_bsp.a(altera_avalon_jtag_uart_init.o)
                0x0280061c                altera_avalon_jtag_uart_init
                0x028009b4                altera_avalon_jtag_uart_close
 .text          0x02800a28       0xf4 ../12_bsp/\libhal_bsp.a(altera_avalon_jtag_uart_ioctl.o)
                0x02800a28                altera_avalon_jtag_uart_ioctl
 .text          0x02800b1c      0x224 ../12_bsp/\libhal_bsp.a(altera_avalon_jtag_uart_read.o)
                0x02800b1c                altera_avalon_jtag_uart_read
 .text          0x02800d40      0x240 ../12_bsp/\libhal_bsp.a(altera_avalon_jtag_uart_write.o)
                0x02800d40                altera_avalon_jtag_uart_write
 .text          0x02800f80      0x154 ../12_bsp/\libhal_bsp.a(alt_alarm_start.o)
                0x02800f80                alt_alarm_start
 .text          0x028010d4      0x15c ../12_bsp/\libhal_bsp.a(alt_busy_sleep.o)
                0x028010d4                alt_busy_sleep
 .text          0x02801230      0x160 ../12_bsp/\libhal_bsp.a(alt_close.o)
                0x02801230                close
 .text          0x02801390       0x1c ../12_bsp/\libhal_bsp.a(alt_dcache_flush_all.o)
                0x02801390                alt_dcache_flush_all
 .text          0x028013ac       0x2c ../12_bsp/\libhal_bsp.a(alt_dev.o)
 .text          0x028013d8      0x114 ../12_bsp/\libhal_bsp.a(alt_dev_llist_insert.o)
                0x028013d8                alt_dev_llist_insert
 .text          0x028014ec       0x64 ../12_bsp/\libhal_bsp.a(alt_do_ctors.o)
                0x028014ec                _do_ctors
 .text          0x02801550       0x64 ../12_bsp/\libhal_bsp.a(alt_do_dtors.o)
                0x02801550                _do_dtors
 .text          0x028015b4        0x0 ../12_bsp/\libhal_bsp.a(alt_errno.o)
 .text          0x028015b4       0x1c ../12_bsp/\libhal_bsp.a(alt_icache_flush_all.o)
                0x028015b4                alt_icache_flush_all
 .text          0x028015d0      0x1d4 ../12_bsp/\libhal_bsp.a(alt_iic.o)
                0x028015d0                alt_ic_isr_register
                0x02801620                alt_ic_irq_enable
                0x028016bc                alt_ic_irq_disable
                0x0280175c                alt_ic_irq_enabled
 .text          0x028017a4       0xf8 ../12_bsp/\libhal_bsp.a(alt_iic_isr_register.o)
                0x028017a4                alt_iic_isr_register
 .text          0x0280189c      0x150 ../12_bsp/\libhal_bsp.a(alt_io_redirect.o)
                0x02801974                alt_io_redirect
 .text          0x028019ec        0x0 ../12_bsp/\libhal_bsp.a(alt_irq_entry.o)
 .text          0x028019ec        0x0 ../12_bsp/\libhal_bsp.a(alt_irq_handler.o)
 .text          0x028019ec        0x0 ../12_bsp/\libhal_bsp.a(alt_irq_vars.o)
 .text          0x028019ec      0x2e4 ../12_bsp/\libhal_bsp.a(alt_open.o)
                0x02801ae4                open
 .text          0x02801cd0       0x78 ../12_bsp/\libhal_bsp.a(alt_release_fd.o)
                0x02801cd0                alt_release_fd
 .text          0x02801d48      0x1a4 ../12_bsp/\libhal_bsp.a(alt_tick.o)
                0x02801d48                alt_alarm_stop
                0x02801de0                alt_tick
 .text          0x02801eec       0x20 ../12_bsp/\libhal_bsp.a(altera_nios2_qsys_irq.o)
                0x02801eec                altera_nios2_qsys_irq_init
 .text          0x02801f0c        0x0 ../12_bsp/\libhal_bsp.a(alt_exception_entry.o)
 .text          0x02801f0c       0x94 ../12_bsp/\libhal_bsp.a(alt_find_dev.o)
                0x02801f0c                alt_find_dev
 .text          0x02801fa0      0x120 ../12_bsp/\libhal_bsp.a(alt_find_file.o)
                0x02801fa0                alt_find_file
 .text          0x028020c0       0xd0 ../12_bsp/\libhal_bsp.a(alt_get_fd.o)
                0x028020c0                alt_get_fd
 .text          0x02802190       0x14 c:/altera/13.0sp1/nios2eds/bin/gnu/h-i686-mingw32/bin/../lib/gcc/nios2-elf/4.1.2/../../../../nios2-elf/lib/mno-hw-mul\libc.a(lib_a-atexit.o)
                0x02802190                atexit
 .text          0x028021a4       0x38 c:/altera/13.0sp1/nios2eds/bin/gnu/h-i686-mingw32/bin/../lib/gcc/nios2-elf/4.1.2/../../../../nios2-elf/lib/mno-hw-mul\libc.a(lib_a-exit.o)
                0x028021a4                exit
 .text          0x028021dc        0x0 c:/altera/13.0sp1/nios2eds/bin/gnu/h-i686-mingw32/bin/../lib/gcc/nios2-elf/4.1.2/../../../../nios2-elf/lib/mno-hw-mul\libc.a(lib_a-impure.o)
 .text          0x028021dc        0x0 c:/altera/13.0sp1/nios2eds/bin/gnu/h-i686-mingw32/bin/../lib/gcc/nios2-elf/4.1.2/../../../../nios2-elf/lib/mno-hw-mul\libc.a(lib_a-int_errno.o)
 .text          0x028021dc       0x74 c:/altera/13.0sp1/nios2eds/bin/gnu/h-i686-mingw32/bin/../lib/gcc/nios2-elf/4.1.2/../../../../nios2-elf/lib/mno-hw-mul\libc.a(lib_a-memcmp.o)
                0x028021dc                memcmp
 .text          0x02802250       0xa0 c:/altera/13.0sp1/nios2eds/bin/gnu/h-i686-mingw32/bin/../lib/gcc/nios2-elf/4.1.2/../../../../nios2-elf/lib/mno-hw-mul\libc.a(lib_a-memcpy.o)
                0x02802250                memcpy
 .text          0x028022f0       0x74 c:/altera/13.0sp1/nios2eds/bin/gnu/h-i686-mingw32/bin/../lib/gcc/nios2-elf/4.1.2/../../../../nios2-elf/lib/mno-hw-mul\libc.a(lib_a-strlen.o)
                0x028022f0                strlen
 .text          0x02802364      0x134 c:/altera/13.0sp1/nios2eds/bin/gnu/h-i686-mingw32/bin/../lib/gcc/nios2-elf/4.1.2/../../../../nios2-elf/lib/mno-hw-mul\libc.a(lib_a-__atexit.o)
                0x02802364                __register_exitproc
 .text          0x02802498      0x1b4 c:/altera/13.0sp1/nios2eds/bin/gnu/h-i686-mingw32/bin/../lib/gcc/nios2-elf/4.1.2/../../../../nios2-elf/lib/mno-hw-mul\libc.a(lib_a-__call_atexit.o)
                0x0280249c                __call_exitprocs
 .text          0x0280264c      0x14c c:/altera/13.0sp1/nios2eds/bin/gnu/h-i686-mingw32/bin/../lib/gcc/nios2-elf/4.1.2/mno-hw-mul\libgcc.a(lib2-divmod.o)
                0x028026c8                __divsi3
                0x02802728                __modsi3
                0x02802788                __udivsi3
                0x02802790                __umodsi3
 .text          0x02802798       0x38 c:/altera/13.0sp1/nios2eds/bin/gnu/h-i686-mingw32/bin/../lib/gcc/nios2-elf/4.1.2/mno-hw-mul\libgcc.a(lib2-mul.o)
                0x02802798                __mulsi3
 .text          0x028027d0       0x60 ../12_bsp/\libhal_bsp.a(alt_exit.o)
                0x02802810                _exit
 *(.gnu.warning.*)
 *(.fini)
                0x02802830                PROVIDE (__etext, ABSOLUTE (.))
                0x02802830                PROVIDE (_etext, ABSOLUTE (.))
                0x02802830                PROVIDE (etext, ABSOLUTE (.))
 *(.eh_frame_hdr)
                0x02802830                . = ALIGN (0x4)
                0x02802830                PROVIDE (__preinit_array_start, ABSOLUTE (.))
 *(.preinit_array)
                0x02802830                PROVIDE (__preinit_array_end, ABSOLUTE (.))
                0x02802830                PROVIDE (__init_array_start, ABSOLUTE (.))
 *(.init_array)
                0x02802830                PROVIDE (__init_array_end, ABSOLUTE (.))
                0x02802830                PROVIDE (__fini_array_start, ABSOLUTE (.))
 *(.fini_array)
                0x02802830                PROVIDE (__fini_array_end, ABSOLUTE (.))
 *(.eh_frame)
 *(.gcc_except_table)
 *(.dynamic)
                0x02802830                PROVIDE (__CTOR_LIST__, ABSOLUTE (.))
 *(.ctors)
 *(SORT(.ctors.*))
 .ctors.65535   0x02802830        0x4 c:/altera/13.0sp1/nios2eds/bin/gnu/h-i686-mingw32/bin/../lib/gcc/nios2-elf/4.1.2/../../../../nios2-elf/lib/mno-hw-mul\libc.a(lib_a-__call_atexit.o)
                0x02802834                PROVIDE (__CTOR_END__, ABSOLUTE (.))
                0x02802834                PROVIDE (__DTOR_LIST__, ABSOLUTE (.))
 *(.dtors)
 *(SORT(.dtors.*))
                0x02802834                PROVIDE (__DTOR_END__, ABSOLUTE (.))
 *(.jcr)
                0x02802834                . = ALIGN (0x4)

.rodata         0x02802834       0x30
                0x02802834                PROVIDE (__ram_rodata_start, ABSOLUTE (.))
                0x02802834                . = ALIGN (0x4)
 *(.rodata .rodata.* .gnu.linkonce.r.*)
 .rodata        0x02802834       0x10 ../12_bsp/\libhal_bsp.a(alt_main.o)
 .rodata        0x02802844       0x10 ../12_bsp/\libhal_bsp.a(alt_sys_init.o)
 .rodata        0x02802854        0xc ../12_bsp/\libhal_bsp.a(alt_dev.o)
 .rodata.str1.4
                0x02802860        0x4 c:/altera/13.0sp1/nios2eds/bin/gnu/h-i686-mingw32/bin/../lib/gcc/nios2-elf/4.1.2/../../../../nios2-elf/lib/mno-hw-mul\libc.a(lib_a-impure.o)
 *(.rodata1)
                0x02802864                . = ALIGN (0x4)
                0x02802864                PROVIDE (__ram_rodata_end, ABSOLUTE (.))
                0x02802834                PROVIDE (__flash_rodata_start, LOADADDR (.rodata))

.rwdata         0x02802864     0x1634 load address 0x02803e98
                0x02802864                PROVIDE (__ram_rwdata_start, ABSOLUTE (.))
                0x02802864                . = ALIGN (0x4)
 *(.got.plt)
 *(.got)
 *(.data1)
 *(.data .data.* .gnu.linkonce.d.*)
 .data          0x02802864        0x0 ../12_bsp//obj/HAL/src/crt0.o
 .data          0x02802864        0x0 obj/default/hello_world.o
 .data          0x02802864        0x0 ../12_bsp/\libhal_bsp.a(alt_load.o)
 .data          0x02802864        0x0 ../12_bsp/\libhal_bsp.a(alt_main.o)
 .data          0x02802864        0x0 ../12_bsp/\libhal_bsp.a(alt_usleep.o)
 .data          0x02802864     0x1060 ../12_bsp/\libhal_bsp.a(alt_sys_init.o)
 .data          0x028038c4        0x0 ../12_bsp/\libhal_bsp.a(altera_avalon_jtag_uart_fd.o)
 .data          0x028038c4        0x0 ../12_bsp/\libhal_bsp.a(altera_avalon_jtag_uart_init.o)
 .data          0x028038c4        0x0 ../12_bsp/\libhal_bsp.a(altera_avalon_jtag_uart_ioctl.o)
 .data          0x028038c4        0x0 ../12_bsp/\libhal_bsp.a(altera_avalon_jtag_uart_read.o)
 .data          0x028038c4        0x0 ../12_bsp/\libhal_bsp.a(altera_avalon_jtag_uart_write.o)
 .data          0x028038c4        0x0 ../12_bsp/\libhal_bsp.a(alt_alarm_start.o)
 .data          0x028038c4        0x0 ../12_bsp/\libhal_bsp.a(alt_busy_sleep.o)
 .data          0x028038c4        0x0 ../12_bsp/\libhal_bsp.a(alt_close.o)
 .data          0x028038c4        0x0 ../12_bsp/\libhal_bsp.a(alt_dcache_flush_all.o)
 .data          0x028038c4      0x1a8 ../12_bsp/\libhal_bsp.a(alt_dev.o)
                0x028038c4                alt_dev_null
                0x028038ec                alt_fd_list
 .data          0x02803a6c        0x0 ../12_bsp/\libhal_bsp.a(alt_dev_llist_insert.o)
 .data          0x02803a6c        0x0 ../12_bsp/\libhal_bsp.a(alt_do_ctors.o)
 .data          0x02803a6c        0x0 ../12_bsp/\libhal_bsp.a(alt_do_dtors.o)
 .data          0x02803a6c        0x0 ../12_bsp/\libhal_bsp.a(alt_errno.o)
 .data          0x02803a6c        0x0 ../12_bsp/\libhal_bsp.a(alt_icache_flush_all.o)
 .data          0x02803a6c        0x0 ../12_bsp/\libhal_bsp.a(alt_iic.o)
 .data          0x02803a6c        0x0 ../12_bsp/\libhal_bsp.a(alt_iic_isr_register.o)
 .data          0x02803a6c        0x0 ../12_bsp/\libhal_bsp.a(alt_io_redirect.o)
 .data          0x02803a6c        0x0 ../12_bsp/\libhal_bsp.a(alt_irq_entry.o)
 .data          0x02803a6c        0x0 ../12_bsp/\libhal_bsp.a(alt_irq_handler.o)
 .data          0x02803a6c        0x0 ../12_bsp/\libhal_bsp.a(alt_irq_vars.o)
 .data          0x02803a6c        0x0 ../12_bsp/\libhal_bsp.a(alt_open.o)
 .data          0x02803a6c        0x0 ../12_bsp/\libhal_bsp.a(alt_release_fd.o)
 .data          0x02803a6c        0x0 ../12_bsp/\libhal_bsp.a(alt_tick.o)
 .data          0x02803a6c        0x0 ../12_bsp/\libhal_bsp.a(altera_nios2_qsys_irq.o)
 .data          0x02803a6c        0x0 ../12_bsp/\libhal_bsp.a(alt_exception_entry.o)
 .data          0x02803a6c        0x0 ../12_bsp/\libhal_bsp.a(alt_find_dev.o)
 .data          0x02803a6c        0x0 ../12_bsp/\libhal_bsp.a(alt_find_file.o)
 .data          0x02803a6c        0x0 ../12_bsp/\libhal_bsp.a(alt_get_fd.o)
 .data          0x02803a6c        0x0 c:/altera/13.0sp1/nios2eds/bin/gnu/h-i686-mingw32/bin/../lib/gcc/nios2-elf/4.1.2/../../../../nios2-elf/lib/mno-hw-mul\libc.a(lib_a-atexit.o)
 .data          0x02803a6c        0x0 c:/altera/13.0sp1/nios2eds/bin/gnu/h-i686-mingw32/bin/../lib/gcc/nios2-elf/4.1.2/../../../../nios2-elf/lib/mno-hw-mul\libc.a(lib_a-exit.o)
 .data          0x02803a6c      0x400 c:/altera/13.0sp1/nios2eds/bin/gnu/h-i686-mingw32/bin/../lib/gcc/nios2-elf/4.1.2/../../../../nios2-elf/lib/mno-hw-mul\libc.a(lib_a-impure.o)
 .data          0x02803e6c        0x0 c:/altera/13.0sp1/nios2eds/bin/gnu/h-i686-mingw32/bin/../lib/gcc/nios2-elf/4.1.2/../../../../nios2-elf/lib/mno-hw-mul\libc.a(lib_a-int_errno.o)
 .data          0x02803e6c        0x0 c:/altera/13.0sp1/nios2eds/bin/gnu/h-i686-mingw32/bin/../lib/gcc/nios2-elf/4.1.2/../../../../nios2-elf/lib/mno-hw-mul\libc.a(lib_a-memcmp.o)
 .data          0x02803e6c        0x0 c:/altera/13.0sp1/nios2eds/bin/gnu/h-i686-mingw32/bin/../lib/gcc/nios2-elf/4.1.2/../../../../nios2-elf/lib/mno-hw-mul\libc.a(lib_a-memcpy.o)
 .data          0x02803e6c        0x0 c:/altera/13.0sp1/nios2eds/bin/gnu/h-i686-mingw32/bin/../lib/gcc/nios2-elf/4.1.2/../../../../nios2-elf/lib/mno-hw-mul\libc.a(lib_a-strlen.o)
 .data          0x02803e6c        0x0 c:/altera/13.0sp1/nios2eds/bin/gnu/h-i686-mingw32/bin/../lib/gcc/nios2-elf/4.1.2/../../../../nios2-elf/lib/mno-hw-mul\libc.a(lib_a-__atexit.o)
 .data          0x02803e6c        0x0 c:/altera/13.0sp1/nios2eds/bin/gnu/h-i686-mingw32/bin/../lib/gcc/nios2-elf/4.1.2/../../../../nios2-elf/lib/mno-hw-mul\libc.a(lib_a-__call_atexit.o)
 .data          0x02803e6c        0x0 c:/altera/13.0sp1/nios2eds/bin/gnu/h-i686-mingw32/bin/../lib/gcc/nios2-elf/4.1.2/mno-hw-mul\libgcc.a(lib2-divmod.o)
 .data          0x02803e6c        0x0 c:/altera/13.0sp1/nios2eds/bin/gnu/h-i686-mingw32/bin/../lib/gcc/nios2-elf/4.1.2/mno-hw-mul\libgcc.a(lib2-mul.o)
 .data          0x02803e6c        0x0 ../12_bsp/\libhal_bsp.a(alt_exit.o)
                0x0280be6c                _gp = ABSOLUTE ((. + 0x8000))
                0x0280be6c                PROVIDE (gp, _gp)
 *(.rwdata .rwdata.*)
 *(.sdata .sdata.* .gnu.linkonce.s.*)
 .sdata         0x02803e6c       0x14 ../12_bsp/\libhal_bsp.a(alt_dev.o)
                0x02803e6c                alt_fs_list
                0x02803e74                alt_dev_list
                0x02803e7c                alt_max_fd
 .sdata         0x02803e80        0x4 ../12_bsp/\libhal_bsp.a(alt_errno.o)
                0x02803e80                alt_errno
 .sdata         0x02803e84        0x4 ../12_bsp/\libhal_bsp.a(alt_irq_vars.o)
                0x02803e84                alt_priority_mask
 .sdata         0x02803e88        0x8 ../12_bsp/\libhal_bsp.a(alt_tick.o)
                0x02803e88                alt_alarm_list
 .sdata         0x02803e90        0x8 c:/altera/13.0sp1/nios2eds/bin/gnu/h-i686-mingw32/bin/../lib/gcc/nios2-elf/4.1.2/../../../../nios2-elf/lib/mno-hw-mul\libc.a(lib_a-impure.o)
                0x02803e90                _impure_ptr
                0x02803e94                _global_impure_ptr
 *(.sdata2 .sdata2.* .gnu.linkonce.s2.*)
                0x02803e98                . = ALIGN (0x4)
                0x02803e98                _edata = ABSOLUTE (.)
                0x02803e98                PROVIDE (edata, ABSOLUTE (.))
                0x02803e98                PROVIDE (__ram_rwdata_end, ABSOLUTE (.))
                0x02803e98                PROVIDE (__flash_rwdata_start, LOADADDR (.rwdata))

.bss            0x028054cc      0x2ac
                0x028054cc                __bss_start = ABSOLUTE (.)
                0x028054cc                PROVIDE (__sbss_start, ABSOLUTE (.))
                0x028054cc                PROVIDE (___sbss_start, ABSOLUTE (.))
 *(.dynsbss)
 *(.sbss .sbss.* .gnu.linkonce.sb.*)
 .sbss          0x028054cc        0xc ../12_bsp/\libhal_bsp.a(alt_main.o)
                0x028054cc                alt_argc
                0x028054d0                alt_argv
                0x028054d4                alt_envp
 .sbss          0x028054d8        0x4 ../12_bsp/\libhal_bsp.a(alt_irq_vars.o)
                0x028054d8                alt_irq_active
 .sbss          0x028054dc        0x8 ../12_bsp/\libhal_bsp.a(alt_tick.o)
                0x028054dc                _alt_tick_rate
                0x028054e0                _alt_nticks
 .sbss          0x028054e4        0x4 c:/altera/13.0sp1/nios2eds/bin/gnu/h-i686-mingw32/bin/../lib/gcc/nios2-elf/4.1.2/../../../../nios2-elf/lib/mno-hw-mul\libc.a(lib_a-int_errno.o)
                0x028054e4                errno
 *(.sbss2 .sbss2.* .gnu.linkonce.sb2.*)
 *(.scommon)
                0x028054e8                PROVIDE (__sbss_end, ABSOLUTE (.))
                0x028054e8                PROVIDE (___sbss_end, ABSOLUTE (.))
 *(.dynbss)
 *(.bss .bss.* .gnu.linkonce.b.*)
 .bss           0x028054e8        0x0 ../12_bsp//obj/HAL/src/crt0.o
 .bss           0x028054e8        0x0 obj/default/hello_world.o
 .bss           0x028054e8        0x0 ../12_bsp/\libhal_bsp.a(alt_load.o)
 .bss           0x028054e8        0x0 ../12_bsp/\libhal_bsp.a(alt_main.o)
 .bss           0x028054e8        0x0 ../12_bsp/\libhal_bsp.a(alt_usleep.o)
 .bss           0x028054e8        0x0 ../12_bsp/\libhal_bsp.a(alt_sys_init.o)
 .bss           0x028054e8        0x0 ../12_bsp/\libhal_bsp.a(altera_avalon_jtag_uart_fd.o)
 .bss           0x028054e8        0x0 ../12_bsp/\libhal_bsp.a(altera_avalon_jtag_uart_init.o)
 .bss           0x028054e8        0x0 ../12_bsp/\libhal_bsp.a(altera_avalon_jtag_uart_ioctl.o)
 .bss           0x028054e8        0x0 ../12_bsp/\libhal_bsp.a(altera_avalon_jtag_uart_read.o)
 .bss           0x028054e8        0x0 ../12_bsp/\libhal_bsp.a(altera_avalon_jtag_uart_write.o)
 .bss           0x028054e8        0x0 ../12_bsp/\libhal_bsp.a(alt_alarm_start.o)
 .bss           0x028054e8        0x0 ../12_bsp/\libhal_bsp.a(alt_busy_sleep.o)
 .bss           0x028054e8        0x0 ../12_bsp/\libhal_bsp.a(alt_close.o)
 .bss           0x028054e8        0x0 ../12_bsp/\libhal_bsp.a(alt_dcache_flush_all.o)
 .bss           0x028054e8        0x0 ../12_bsp/\libhal_bsp.a(alt_dev.o)
 .bss           0x028054e8        0x0 ../12_bsp/\libhal_bsp.a(alt_dev_llist_insert.o)
 .bss           0x028054e8        0x0 ../12_bsp/\libhal_bsp.a(alt_do_ctors.o)
 .bss           0x028054e8        0x0 ../12_bsp/\libhal_bsp.a(alt_do_dtors.o)
 .bss           0x028054e8        0x0 ../12_bsp/\libhal_bsp.a(alt_errno.o)
 .bss           0x028054e8        0x0 ../12_bsp/\libhal_bsp.a(alt_icache_flush_all.o)
 .bss           0x028054e8        0x0 ../12_bsp/\libhal_bsp.a(alt_iic.o)
 .bss           0x028054e8        0x0 ../12_bsp/\libhal_bsp.a(alt_iic_isr_register.o)
 .bss           0x028054e8        0x0 ../12_bsp/\libhal_bsp.a(alt_io_redirect.o)
 .bss           0x028054e8        0x0 ../12_bsp/\libhal_bsp.a(alt_irq_entry.o)
 .bss           0x028054e8        0x0 ../12_bsp/\libhal_bsp.a(alt_irq_handler.o)
 .bss           0x028054e8        0x0 ../12_bsp/\libhal_bsp.a(alt_irq_vars.o)
 .bss           0x028054e8        0x0 ../12_bsp/\libhal_bsp.a(alt_open.o)
 .bss           0x028054e8        0x0 ../12_bsp/\libhal_bsp.a(alt_release_fd.o)
 .bss           0x028054e8        0x0 ../12_bsp/\libhal_bsp.a(alt_tick.o)
 .bss           0x028054e8        0x0 ../12_bsp/\libhal_bsp.a(altera_nios2_qsys_irq.o)
 .bss           0x028054e8        0x0 ../12_bsp/\libhal_bsp.a(alt_exception_entry.o)
 .bss           0x028054e8        0x0 ../12_bsp/\libhal_bsp.a(alt_find_dev.o)
 .bss           0x028054e8        0x0 ../12_bsp/\libhal_bsp.a(alt_find_file.o)
 .bss           0x028054e8        0x0 ../12_bsp/\libhal_bsp.a(alt_get_fd.o)
 .bss           0x028054e8        0x0 c:/altera/13.0sp1/nios2eds/bin/gnu/h-i686-mingw32/bin/../lib/gcc/nios2-elf/4.1.2/../../../../nios2-elf/lib/mno-hw-mul\libc.a(lib_a-atexit.o)
 .bss           0x028054e8        0x0 c:/altera/13.0sp1/nios2eds/bin/gnu/h-i686-mingw32/bin/../lib/gcc/nios2-elf/4.1.2/../../../../nios2-elf/lib/mno-hw-mul\libc.a(lib_a-exit.o)
 .bss           0x028054e8        0x0 c:/altera/13.0sp1/nios2eds/bin/gnu/h-i686-mingw32/bin/../lib/gcc/nios2-elf/4.1.2/../../../../nios2-elf/lib/mno-hw-mul\libc.a(lib_a-impure.o)
 .bss           0x028054e8        0x0 c:/altera/13.0sp1/nios2eds/bin/gnu/h-i686-mingw32/bin/../lib/gcc/nios2-elf/4.1.2/../../../../nios2-elf/lib/mno-hw-mul\libc.a(lib_a-int_errno.o)
 .bss           0x028054e8        0x0 c:/altera/13.0sp1/nios2eds/bin/gnu/h-i686-mingw32/bin/../lib/gcc/nios2-elf/4.1.2/../../../../nios2-elf/lib/mno-hw-mul\libc.a(lib_a-memcmp.o)
 .bss           0x028054e8        0x0 c:/altera/13.0sp1/nios2eds/bin/gnu/h-i686-mingw32/bin/../lib/gcc/nios2-elf/4.1.2/../../../../nios2-elf/lib/mno-hw-mul\libc.a(lib_a-memcpy.o)
 .bss           0x028054e8        0x0 c:/altera/13.0sp1/nios2eds/bin/gnu/h-i686-mingw32/bin/../lib/gcc/nios2-elf/4.1.2/../../../../nios2-elf/lib/mno-hw-mul\libc.a(lib_a-strlen.o)
 .bss           0x028054e8        0x0 c:/altera/13.0sp1/nios2eds/bin/gnu/h-i686-mingw32/bin/../lib/gcc/nios2-elf/4.1.2/../../../../nios2-elf/lib/mno-hw-mul\libc.a(lib_a-__atexit.o)
 .bss           0x028054e8        0x0 c:/altera/13.0sp1/nios2eds/bin/gnu/h-i686-mingw32/bin/../lib/gcc/nios2-elf/4.1.2/../../../../nios2-elf/lib/mno-hw-mul\libc.a(lib_a-__call_atexit.o)
 .bss           0x028054e8        0x0 c:/altera/13.0sp1/nios2eds/bin/gnu/h-i686-mingw32/bin/../lib/gcc/nios2-elf/4.1.2/mno-hw-mul\libgcc.a(lib2-divmod.o)
 .bss           0x028054e8        0x0 c:/altera/13.0sp1/nios2eds/bin/gnu/h-i686-mingw32/bin/../lib/gcc/nios2-elf/4.1.2/mno-hw-mul\libgcc.a(lib2-mul.o)
 .bss           0x028054e8        0x0 ../12_bsp/\libhal_bsp.a(alt_exit.o)
 *(COMMON)
 COMMON         0x028054e8      0x100 ../12_bsp/\libhal_bsp.a(alt_irq_handler.o)
                0x028054e8                alt_irq
 COMMON         0x028055e8      0x190 c:/altera/13.0sp1/nios2eds/bin/gnu/h-i686-mingw32/bin/../lib/gcc/nios2-elf/4.1.2/../../../../nios2-elf/lib/mno-hw-mul\libc.a(lib_a-atexit.o)
                0x028055e8                _atexit0
                0x02805778                . = ALIGN (0x4)
                0x02805778                __bss_end = ABSOLUTE (.)

.sdram_ctrl     0x02805778        0x0
                0x02805778                PROVIDE (_alt_partition_sdram_ctrl_start, ABSOLUTE (.))
 *(.sdram_ctrl. sdram_ctrl.*)
                0x02805778                . = ALIGN (0x4)
                0x02805778                PROVIDE (_alt_partition_sdram_ctrl_end, ABSOLUTE (.))
                0x02805778                _end = ABSOLUTE (.)
                0x02805778                end = ABSOLUTE (.)
                0x02805778                __alt_stack_base = ABSOLUTE (.)
                0x02805778                PROVIDE (_alt_partition_sdram_ctrl_load_addr, LOADADDR (.sdram_ctrl))

.stab
 *(.stab)

.stabstr
 *(.stabstr)

.stab.excl
 *(.stab.excl)

.stab.exclstr
 *(.stab.exclstr)

.stab.index
 *(.stab.index)

.stab.indexstr
 *(.stab.indexstr)

.comment        0x00000000       0x26
 *(.comment)
 .comment       0x00000000       0x26 obj/default/hello_world.o
                                 0x27 (size before relaxing)
 .comment       0x00000000       0x27 ../12_bsp/\libhal_bsp.a(alt_load.o)
 .comment       0x00000000       0x27 ../12_bsp/\libhal_bsp.a(alt_main.o)
 .comment       0x00000000       0x27 ../12_bsp/\libhal_bsp.a(alt_usleep.o)
 .comment       0x00000000       0x27 ../12_bsp/\libhal_bsp.a(alt_sys_init.o)
 .comment       0x00000000       0x27 ../12_bsp/\libhal_bsp.a(altera_avalon_jtag_uart_fd.o)
 .comment       0x00000000       0x27 ../12_bsp/\libhal_bsp.a(altera_avalon_jtag_uart_init.o)
 .comment       0x00000000       0x27 ../12_bsp/\libhal_bsp.a(altera_avalon_jtag_uart_ioctl.o)
 .comment       0x00000000       0x27 ../12_bsp/\libhal_bsp.a(altera_avalon_jtag_uart_read.o)
 .comment       0x00000000       0x27 ../12_bsp/\libhal_bsp.a(altera_avalon_jtag_uart_write.o)
 .comment       0x00000000       0x27 ../12_bsp/\libhal_bsp.a(alt_alarm_start.o)
 .comment       0x00000000       0x27 ../12_bsp/\libhal_bsp.a(alt_busy_sleep.o)
 .comment       0x00000000       0x27 ../12_bsp/\libhal_bsp.a(alt_close.o)
 .comment       0x00000000       0x27 ../12_bsp/\libhal_bsp.a(alt_dcache_flush_all.o)
 .comment       0x00000000       0x27 ../12_bsp/\libhal_bsp.a(alt_dev.o)
 .comment       0x00000000       0x27 ../12_bsp/\libhal_bsp.a(alt_dev_llist_insert.o)
 .comment       0x00000000       0x27 ../12_bsp/\libhal_bsp.a(alt_do_ctors.o)
 .comment       0x00000000       0x27 ../12_bsp/\libhal_bsp.a(alt_do_dtors.o)
 .comment       0x00000000       0x27 ../12_bsp/\libhal_bsp.a(alt_errno.o)
 .comment       0x00000000       0x27 ../12_bsp/\libhal_bsp.a(alt_icache_flush_all.o)
 .comment       0x00000000       0x27 ../12_bsp/\libhal_bsp.a(alt_iic.o)
 .comment       0x00000000       0x27 ../12_bsp/\libhal_bsp.a(alt_iic_isr_register.o)
 .comment       0x00000000       0x27 ../12_bsp/\libhal_bsp.a(alt_io_redirect.o)
 .comment       0x00000000       0x27 ../12_bsp/\libhal_bsp.a(alt_irq_handler.o)
 .comment       0x00000000       0x27 ../12_bsp/\libhal_bsp.a(alt_irq_vars.o)
 .comment       0x00000000       0x27 ../12_bsp/\libhal_bsp.a(alt_open.o)
 .comment       0x00000000       0x27 ../12_bsp/\libhal_bsp.a(alt_release_fd.o)
 .comment       0x00000000       0x27 ../12_bsp/\libhal_bsp.a(alt_tick.o)
 .comment       0x00000000       0x27 ../12_bsp/\libhal_bsp.a(altera_nios2_qsys_irq.o)
 .comment       0x00000000       0x27 ../12_bsp/\libhal_bsp.a(alt_find_dev.o)
 .comment       0x00000000       0x27 ../12_bsp/\libhal_bsp.a(alt_find_file.o)
 .comment       0x00000000       0x27 ../12_bsp/\libhal_bsp.a(alt_get_fd.o)
 .comment       0x00000000       0x27 c:/altera/13.0sp1/nios2eds/bin/gnu/h-i686-mingw32/bin/../lib/gcc/nios2-elf/4.1.2/../../../../nios2-elf/lib/mno-hw-mul\libc.a(lib_a-atexit.o)
 .comment       0x00000000       0x27 c:/altera/13.0sp1/nios2eds/bin/gnu/h-i686-mingw32/bin/../lib/gcc/nios2-elf/4.1.2/../../../../nios2-elf/lib/mno-hw-mul\libc.a(lib_a-exit.o)
 .comment       0x00000000       0x27 c:/altera/13.0sp1/nios2eds/bin/gnu/h-i686-mingw32/bin/../lib/gcc/nios2-elf/4.1.2/../../../../nios2-elf/lib/mno-hw-mul\libc.a(lib_a-impure.o)
 .comment       0x00000000       0x27 c:/altera/13.0sp1/nios2eds/bin/gnu/h-i686-mingw32/bin/../lib/gcc/nios2-elf/4.1.2/../../../../nios2-elf/lib/mno-hw-mul\libc.a(lib_a-int_errno.o)
 .comment       0x00000000       0x27 c:/altera/13.0sp1/nios2eds/bin/gnu/h-i686-mingw32/bin/../lib/gcc/nios2-elf/4.1.2/../../../../nios2-elf/lib/mno-hw-mul\libc.a(lib_a-memcmp.o)
 .comment       0x00000000       0x27 c:/altera/13.0sp1/nios2eds/bin/gnu/h-i686-mingw32/bin/../lib/gcc/nios2-elf/4.1.2/../../../../nios2-elf/lib/mno-hw-mul\libc.a(lib_a-memcpy.o)
 .comment       0x00000000       0x27 c:/altera/13.0sp1/nios2eds/bin/gnu/h-i686-mingw32/bin/../lib/gcc/nios2-elf/4.1.2/../../../../nios2-elf/lib/mno-hw-mul\libc.a(lib_a-strlen.o)
 .comment       0x00000000       0x27 c:/altera/13.0sp1/nios2eds/bin/gnu/h-i686-mingw32/bin/../lib/gcc/nios2-elf/4.1.2/../../../../nios2-elf/lib/mno-hw-mul\libc.a(lib_a-__atexit.o)
 .comment       0x00000000       0x27 c:/altera/13.0sp1/nios2eds/bin/gnu/h-i686-mingw32/bin/../lib/gcc/nios2-elf/4.1.2/../../../../nios2-elf/lib/mno-hw-mul\libc.a(lib_a-__call_atexit.o)
 .comment       0x00000000       0x27 c:/altera/13.0sp1/nios2eds/bin/gnu/h-i686-mingw32/bin/../lib/gcc/nios2-elf/4.1.2/mno-hw-mul\libgcc.a(lib2-divmod.o)
 .comment       0x00000000       0x27 c:/altera/13.0sp1/nios2eds/bin/gnu/h-i686-mingw32/bin/../lib/gcc/nios2-elf/4.1.2/mno-hw-mul\libgcc.a(lib2-mul.o)
 .comment       0x00000000       0x27 ../12_bsp/\libhal_bsp.a(alt_exit.o)

.debug
 *(.debug)

.line
 *(.line)

.debug_srcinfo
 *(.debug_srcinfo)

.debug_sfnames
 *(.debug_sfnames)

.debug_aranges  0x00000000      0x598
 *(.debug_aranges)
 .debug_aranges
                0x00000000       0x28 ../12_bsp//obj/HAL/src/crt0.o
 .debug_aranges
                0x00000028       0x20 obj/default/hello_world.o
 .debug_aranges
                0x00000048       0x20 ../12_bsp/\libhal_bsp.a(alt_load.o)
 .debug_aranges
                0x00000068       0x20 ../12_bsp/\libhal_bsp.a(alt_main.o)
 .debug_aranges
                0x00000088       0x20 ../12_bsp/\libhal_bsp.a(alt_usleep.o)
 .debug_aranges
                0x000000a8       0x20 ../12_bsp/\libhal_bsp.a(alt_sys_init.o)
 .debug_aranges
                0x000000c8       0x20 ../12_bsp/\libhal_bsp.a(altera_avalon_jtag_uart_fd.o)
 .debug_aranges
                0x000000e8       0x20 ../12_bsp/\libhal_bsp.a(altera_avalon_jtag_uart_init.o)
 .debug_aranges
                0x00000108       0x20 ../12_bsp/\libhal_bsp.a(altera_avalon_jtag_uart_ioctl.o)
 .debug_aranges
                0x00000128       0x20 ../12_bsp/\libhal_bsp.a(altera_avalon_jtag_uart_read.o)
 .debug_aranges
                0x00000148       0x20 ../12_bsp/\libhal_bsp.a(altera_avalon_jtag_uart_write.o)
 .debug_aranges
                0x00000168       0x20 ../12_bsp/\libhal_bsp.a(alt_alarm_start.o)
 .debug_aranges
                0x00000188       0x20 ../12_bsp/\libhal_bsp.a(alt_busy_sleep.o)
 .debug_aranges
                0x000001a8       0x20 ../12_bsp/\libhal_bsp.a(alt_close.o)
 .debug_aranges
                0x000001c8       0x20 ../12_bsp/\libhal_bsp.a(alt_dcache_flush_all.o)
 .debug_aranges
                0x000001e8       0x20 ../12_bsp/\libhal_bsp.a(alt_dev.o)
 .debug_aranges
                0x00000208       0x20 ../12_bsp/\libhal_bsp.a(alt_dev_llist_insert.o)
 .debug_aranges
                0x00000228       0x20 ../12_bsp/\libhal_bsp.a(alt_do_ctors.o)
 .debug_aranges
                0x00000248       0x20 ../12_bsp/\libhal_bsp.a(alt_do_dtors.o)
 .debug_aranges
                0x00000268       0x20 ../12_bsp/\libhal_bsp.a(alt_icache_flush_all.o)
 .debug_aranges
                0x00000288       0x20 ../12_bsp/\libhal_bsp.a(alt_iic.o)
 .debug_aranges
                0x000002a8       0x20 ../12_bsp/\libhal_bsp.a(alt_iic_isr_register.o)
 .debug_aranges
                0x000002c8       0x20 ../12_bsp/\libhal_bsp.a(alt_io_redirect.o)
 .debug_aranges
                0x000002e8       0x30 ../12_bsp/\libhal_bsp.a(alt_irq_entry.o)
 .debug_aranges
                0x00000318       0x28 ../12_bsp/\libhal_bsp.a(alt_irq_handler.o)
 .debug_aranges
                0x00000340       0x20 ../12_bsp/\libhal_bsp.a(alt_open.o)
 .debug_aranges
                0x00000360       0x20 ../12_bsp/\libhal_bsp.a(alt_release_fd.o)
 .debug_aranges
                0x00000380       0x20 ../12_bsp/\libhal_bsp.a(alt_tick.o)
 .debug_aranges
                0x000003a0       0x20 ../12_bsp/\libhal_bsp.a(altera_nios2_qsys_irq.o)
 .debug_aranges
                0x000003c0       0x38 ../12_bsp/\libhal_bsp.a(alt_exception_entry.o)
 .debug_aranges
                0x000003f8       0x20 ../12_bsp/\libhal_bsp.a(alt_find_dev.o)
 .debug_aranges
                0x00000418       0x20 ../12_bsp/\libhal_bsp.a(alt_find_file.o)
 .debug_aranges
                0x00000438       0x20 ../12_bsp/\libhal_bsp.a(alt_get_fd.o)
 .debug_aranges
                0x00000458       0x20 c:/altera/13.0sp1/nios2eds/bin/gnu/h-i686-mingw32/bin/../lib/gcc/nios2-elf/4.1.2/../../../../nios2-elf/lib/mno-hw-mul\libc.a(lib_a-atexit.o)
 .debug_aranges
                0x00000478       0x20 c:/altera/13.0sp1/nios2eds/bin/gnu/h-i686-mingw32/bin/../lib/gcc/nios2-elf/4.1.2/../../../../nios2-elf/lib/mno-hw-mul\libc.a(lib_a-exit.o)
 .debug_aranges
                0x00000498       0x20 c:/altera/13.0sp1/nios2eds/bin/gnu/h-i686-mingw32/bin/../lib/gcc/nios2-elf/4.1.2/../../../../nios2-elf/lib/mno-hw-mul\libc.a(lib_a-memcmp.o)
 .debug_aranges
                0x000004b8       0x20 c:/altera/13.0sp1/nios2eds/bin/gnu/h-i686-mingw32/bin/../lib/gcc/nios2-elf/4.1.2/../../../../nios2-elf/lib/mno-hw-mul\libc.a(lib_a-memcpy.o)
 .debug_aranges
                0x000004d8       0x20 c:/altera/13.0sp1/nios2eds/bin/gnu/h-i686-mingw32/bin/../lib/gcc/nios2-elf/4.1.2/../../../../nios2-elf/lib/mno-hw-mul\libc.a(lib_a-strlen.o)
 .debug_aranges
                0x000004f8       0x20 c:/altera/13.0sp1/nios2eds/bin/gnu/h-i686-mingw32/bin/../lib/gcc/nios2-elf/4.1.2/../../../../nios2-elf/lib/mno-hw-mul\libc.a(lib_a-__atexit.o)
 .debug_aranges
                0x00000518       0x20 c:/altera/13.0sp1/nios2eds/bin/gnu/h-i686-mingw32/bin/../lib/gcc/nios2-elf/4.1.2/../../../../nios2-elf/lib/mno-hw-mul\libc.a(lib_a-__call_atexit.o)
 .debug_aranges
                0x00000538       0x20 c:/altera/13.0sp1/nios2eds/bin/gnu/h-i686-mingw32/bin/../lib/gcc/nios2-elf/4.1.2/mno-hw-mul\libgcc.a(lib2-divmod.o)
 .debug_aranges
                0x00000558       0x20 c:/altera/13.0sp1/nios2eds/bin/gnu/h-i686-mingw32/bin/../lib/gcc/nios2-elf/4.1.2/mno-hw-mul\libgcc.a(lib2-mul.o)
 .debug_aranges
                0x00000578       0x20 ../12_bsp/\libhal_bsp.a(alt_exit.o)

.debug_pubnames
                0x00000000      0x843
 *(.debug_pubnames)
 .debug_pubnames
                0x00000000       0x1b obj/default/hello_world.o
 .debug_pubnames
                0x0000001b       0x1f ../12_bsp/\libhal_bsp.a(alt_load.o)
 .debug_pubnames
                0x0000003a       0x46 ../12_bsp/\libhal_bsp.a(alt_main.o)
 .debug_pubnames
                0x00000080       0x1d ../12_bsp/\libhal_bsp.a(alt_usleep.o)
 .debug_pubnames
                0x0000009d       0x34 ../12_bsp/\libhal_bsp.a(alt_sys_init.o)
 .debug_pubnames
                0x000000d1       0xa5 ../12_bsp/\libhal_bsp.a(altera_avalon_jtag_uart_fd.o)
 .debug_pubnames
                0x00000176       0x55 ../12_bsp/\libhal_bsp.a(altera_avalon_jtag_uart_init.o)
 .debug_pubnames
                0x000001cb       0x34 ../12_bsp/\libhal_bsp.a(altera_avalon_jtag_uart_ioctl.o)
 .debug_pubnames
                0x000001ff       0x33 ../12_bsp/\libhal_bsp.a(altera_avalon_jtag_uart_read.o)
 .debug_pubnames
                0x00000232       0x34 ../12_bsp/\libhal_bsp.a(altera_avalon_jtag_uart_write.o)
 .debug_pubnames
                0x00000266       0x26 ../12_bsp/\libhal_bsp.a(alt_alarm_start.o)
 .debug_pubnames
                0x0000028c       0x25 ../12_bsp/\libhal_bsp.a(alt_busy_sleep.o)
 .debug_pubnames
                0x000002b1       0x1c ../12_bsp/\libhal_bsp.a(alt_close.o)
 .debug_pubnames
                0x000002cd       0x2b ../12_bsp/\libhal_bsp.a(alt_dcache_flush_all.o)
 .debug_pubnames
                0x000002f8       0x63 ../12_bsp/\libhal_bsp.a(alt_dev.o)
 .debug_pubnames
                0x0000035b       0x2b ../12_bsp/\libhal_bsp.a(alt_dev_llist_insert.o)
 .debug_pubnames
                0x00000386       0x20 ../12_bsp/\libhal_bsp.a(alt_do_ctors.o)
 .debug_pubnames
                0x000003a6       0x20 ../12_bsp/\libhal_bsp.a(alt_do_dtors.o)
 .debug_pubnames
                0x000003c6       0x20 ../12_bsp/\libhal_bsp.a(alt_errno.o)
 .debug_pubnames
                0x000003e6       0x2b ../12_bsp/\libhal_bsp.a(alt_icache_flush_all.o)
 .debug_pubnames
                0x00000411       0x6e ../12_bsp/\libhal_bsp.a(alt_iic.o)
 .debug_pubnames
                0x0000047f       0x2b ../12_bsp/\libhal_bsp.a(alt_iic_isr_register.o)
 .debug_pubnames
                0x000004aa       0x26 ../12_bsp/\libhal_bsp.a(alt_io_redirect.o)
 .debug_pubnames
                0x000004d0       0x32 ../12_bsp/\libhal_bsp.a(alt_irq_handler.o)
 .debug_pubnames
                0x00000502       0x3b ../12_bsp/\libhal_bsp.a(alt_irq_vars.o)
 .debug_pubnames
                0x0000053d       0x1b ../12_bsp/\libhal_bsp.a(alt_open.o)
 .debug_pubnames
                0x00000558       0x25 ../12_bsp/\libhal_bsp.a(alt_release_fd.o)
 .debug_pubnames
                0x0000057d       0x68 ../12_bsp/\libhal_bsp.a(alt_tick.o)
 .debug_pubnames
                0x000005e5       0x31 ../12_bsp/\libhal_bsp.a(altera_nios2_qsys_irq.o)
 .debug_pubnames
                0x00000616       0x23 ../12_bsp/\libhal_bsp.a(alt_find_dev.o)
 .debug_pubnames
                0x00000639       0x24 ../12_bsp/\libhal_bsp.a(alt_find_file.o)
 .debug_pubnames
                0x0000065d       0x21 ../12_bsp/\libhal_bsp.a(alt_get_fd.o)
 .debug_pubnames
                0x0000067e       0x2a c:/altera/13.0sp1/nios2eds/bin/gnu/h-i686-mingw32/bin/../lib/gcc/nios2-elf/4.1.2/../../../../nios2-elf/lib/mno-hw-mul\libc.a(lib_a-atexit.o)
 .debug_pubnames
                0x000006a8       0x1b c:/altera/13.0sp1/nios2eds/bin/gnu/h-i686-mingw32/bin/../lib/gcc/nios2-elf/4.1.2/../../../../nios2-elf/lib/mno-hw-mul\libc.a(lib_a-exit.o)
 .debug_pubnames
                0x000006c3       0x39 c:/altera/13.0sp1/nios2eds/bin/gnu/h-i686-mingw32/bin/../lib/gcc/nios2-elf/4.1.2/../../../../nios2-elf/lib/mno-hw-mul\libc.a(lib_a-impure.o)
 .debug_pubnames
                0x000006fc       0x1c c:/altera/13.0sp1/nios2eds/bin/gnu/h-i686-mingw32/bin/../lib/gcc/nios2-elf/4.1.2/../../../../nios2-elf/lib/mno-hw-mul\libc.a(lib_a-int_errno.o)
 .debug_pubnames
                0x00000718       0x1d c:/altera/13.0sp1/nios2eds/bin/gnu/h-i686-mingw32/bin/../lib/gcc/nios2-elf/4.1.2/../../../../nios2-elf/lib/mno-hw-mul\libc.a(lib_a-memcmp.o)
 .debug_pubnames
                0x00000735       0x1d c:/altera/13.0sp1/nios2eds/bin/gnu/h-i686-mingw32/bin/../lib/gcc/nios2-elf/4.1.2/../../../../nios2-elf/lib/mno-hw-mul\libc.a(lib_a-memcpy.o)
 .debug_pubnames
                0x00000752       0x1d c:/altera/13.0sp1/nios2eds/bin/gnu/h-i686-mingw32/bin/../lib/gcc/nios2-elf/4.1.2/../../../../nios2-elf/lib/mno-hw-mul\libc.a(lib_a-strlen.o)
 .debug_pubnames
                0x0000076f       0x2a c:/altera/13.0sp1/nios2eds/bin/gnu/h-i686-mingw32/bin/../lib/gcc/nios2-elf/4.1.2/../../../../nios2-elf/lib/mno-hw-mul\libc.a(lib_a-__atexit.o)
 .debug_pubnames
                0x00000799       0x27 c:/altera/13.0sp1/nios2eds/bin/gnu/h-i686-mingw32/bin/../lib/gcc/nios2-elf/4.1.2/../../../../nios2-elf/lib/mno-hw-mul\libc.a(lib_a-__call_atexit.o)
 .debug_pubnames
                0x000007c0       0x48 c:/altera/13.0sp1/nios2eds/bin/gnu/h-i686-mingw32/bin/../lib/gcc/nios2-elf/4.1.2/mno-hw-mul\libgcc.a(lib2-divmod.o)
 .debug_pubnames
                0x00000808       0x1f c:/altera/13.0sp1/nios2eds/bin/gnu/h-i686-mingw32/bin/../lib/gcc/nios2-elf/4.1.2/mno-hw-mul\libgcc.a(lib2-mul.o)
 .debug_pubnames
                0x00000827       0x1c ../12_bsp/\libhal_bsp.a(alt_exit.o)

.debug_info     0x00000000     0xa00e
 *(.debug_info .gnu.linkonce.wi.*)
 .debug_info    0x00000000       0x66 ../12_bsp//obj/HAL/src/crt0.o
 .debug_info    0x00000066      0x150 obj/default/hello_world.o
 .debug_info    0x000001b6      0x278 ../12_bsp/\libhal_bsp.a(alt_load.o)
 .debug_info    0x0000042e      0x210 ../12_bsp/\libhal_bsp.a(alt_main.o)
 .debug_info    0x0000063e      0x153 ../12_bsp/\libhal_bsp.a(alt_usleep.o)
 .debug_info    0x00000791      0x6c1 ../12_bsp/\libhal_bsp.a(alt_sys_init.o)
 .debug_info    0x00000e52      0x7c4 ../12_bsp/\libhal_bsp.a(altera_avalon_jtag_uart_fd.o)
 .debug_info    0x00001616      0x5ec ../12_bsp/\libhal_bsp.a(altera_avalon_jtag_uart_init.o)
 .debug_info    0x00001c02      0x42e ../12_bsp/\libhal_bsp.a(altera_avalon_jtag_uart_ioctl.o)
 .debug_info    0x00002030      0x531 ../12_bsp/\libhal_bsp.a(altera_avalon_jtag_uart_read.o)
 .debug_info    0x00002561      0x529 ../12_bsp/\libhal_bsp.a(altera_avalon_jtag_uart_write.o)
 .debug_info    0x00002a8a      0x42d ../12_bsp/\libhal_bsp.a(alt_alarm_start.o)
 .debug_info    0x00002eb7      0x196 ../12_bsp/\libhal_bsp.a(alt_busy_sleep.o)
 .debug_info    0x0000304d      0x452 ../12_bsp/\libhal_bsp.a(alt_close.o)
 .debug_info    0x0000349f      0x147 ../12_bsp/\libhal_bsp.a(alt_dcache_flush_all.o)
 .debug_info    0x000035e6      0x66a ../12_bsp/\libhal_bsp.a(alt_dev.o)
 .debug_info    0x00003c50      0x2a2 ../12_bsp/\libhal_bsp.a(alt_dev_llist_insert.o)
 .debug_info    0x00003ef2       0xfa ../12_bsp/\libhal_bsp.a(alt_do_ctors.o)
 .debug_info    0x00003fec       0xf9 ../12_bsp/\libhal_bsp.a(alt_do_dtors.o)
 .debug_info    0x000040e5      0x14f ../12_bsp/\libhal_bsp.a(alt_errno.o)
 .debug_info    0x00004234      0x147 ../12_bsp/\libhal_bsp.a(alt_icache_flush_all.o)
 .debug_info    0x0000437b      0x47e ../12_bsp/\libhal_bsp.a(alt_iic.o)
 .debug_info    0x000047f9      0x2ff ../12_bsp/\libhal_bsp.a(alt_iic_isr_register.o)
 .debug_info    0x00004af8      0x680 ../12_bsp/\libhal_bsp.a(alt_io_redirect.o)
 .debug_info    0x00005178       0x6f ../12_bsp/\libhal_bsp.a(alt_irq_entry.o)
 .debug_info    0x000051e7      0x260 ../12_bsp/\libhal_bsp.a(alt_irq_handler.o)
 .debug_info    0x00005447      0x152 ../12_bsp/\libhal_bsp.a(alt_irq_vars.o)
 .debug_info    0x00005599      0x510 ../12_bsp/\libhal_bsp.a(alt_open.o)
 .debug_info    0x00005aa9      0x3dd ../12_bsp/\libhal_bsp.a(alt_release_fd.o)
 .debug_info    0x00005e86      0x3e9 ../12_bsp/\libhal_bsp.a(alt_tick.o)
 .debug_info    0x0000626f      0x14e ../12_bsp/\libhal_bsp.a(altera_nios2_qsys_irq.o)
 .debug_info    0x000063bd       0x75 ../12_bsp/\libhal_bsp.a(alt_exception_entry.o)
 .debug_info    0x00006432      0x403 ../12_bsp/\libhal_bsp.a(alt_find_dev.o)
 .debug_info    0x00006835      0x40a ../12_bsp/\libhal_bsp.a(alt_find_file.o)
 .debug_info    0x00006c3f      0x44b ../12_bsp/\libhal_bsp.a(alt_get_fd.o)
 .debug_info    0x0000708a      0x181 c:/altera/13.0sp1/nios2eds/bin/gnu/h-i686-mingw32/bin/../lib/gcc/nios2-elf/4.1.2/../../../../nios2-elf/lib/mno-hw-mul\libc.a(lib_a-atexit.o)
 .debug_info    0x0000720b      0x93f c:/altera/13.0sp1/nios2eds/bin/gnu/h-i686-mingw32/bin/../lib/gcc/nios2-elf/4.1.2/../../../../nios2-elf/lib/mno-hw-mul\libc.a(lib_a-exit.o)
 .debug_info    0x00007b4a      0x93d c:/altera/13.0sp1/nios2eds/bin/gnu/h-i686-mingw32/bin/../lib/gcc/nios2-elf/4.1.2/../../../../nios2-elf/lib/mno-hw-mul\libc.a(lib_a-impure.o)
 .debug_info    0x00008487       0x8c c:/altera/13.0sp1/nios2eds/bin/gnu/h-i686-mingw32/bin/../lib/gcc/nios2-elf/4.1.2/../../../../nios2-elf/lib/mno-hw-mul\libc.a(lib_a-int_errno.o)
 .debug_info    0x00008513      0x115 c:/altera/13.0sp1/nios2eds/bin/gnu/h-i686-mingw32/bin/../lib/gcc/nios2-elf/4.1.2/../../../../nios2-elf/lib/mno-hw-mul\libc.a(lib_a-memcmp.o)
 .debug_info    0x00008628      0x106 c:/altera/13.0sp1/nios2eds/bin/gnu/h-i686-mingw32/bin/../lib/gcc/nios2-elf/4.1.2/../../../../nios2-elf/lib/mno-hw-mul\libc.a(lib_a-memcpy.o)
 .debug_info    0x0000872e       0xdb c:/altera/13.0sp1/nios2eds/bin/gnu/h-i686-mingw32/bin/../lib/gcc/nios2-elf/4.1.2/../../../../nios2-elf/lib/mno-hw-mul\libc.a(lib_a-strlen.o)
 .debug_info    0x00008809      0x99c c:/altera/13.0sp1/nios2eds/bin/gnu/h-i686-mingw32/bin/../lib/gcc/nios2-elf/4.1.2/../../../../nios2-elf/lib/mno-hw-mul\libc.a(lib_a-__atexit.o)
 .debug_info    0x000091a5      0x9e2 c:/altera/13.0sp1/nios2eds/bin/gnu/h-i686-mingw32/bin/../lib/gcc/nios2-elf/4.1.2/../../../../nios2-elf/lib/mno-hw-mul\libc.a(lib_a-__call_atexit.o)
 .debug_info    0x00009b87      0x21c c:/altera/13.0sp1/nios2eds/bin/gnu/h-i686-mingw32/bin/../lib/gcc/nios2-elf/4.1.2/mno-hw-mul\libgcc.a(lib2-divmod.o)
 .debug_info    0x00009da3       0xf3 c:/altera/13.0sp1/nios2eds/bin/gnu/h-i686-mingw32/bin/../lib/gcc/nios2-elf/4.1.2/mno-hw-mul\libgcc.a(lib2-mul.o)
 .debug_info    0x00009e96      0x178 ../12_bsp/\libhal_bsp.a(alt_exit.o)

.debug_abbrev   0x00000000     0x25dc
 *(.debug_abbrev)
 .debug_abbrev  0x00000000       0x12 ../12_bsp//obj/HAL/src/crt0.o
 .debug_abbrev  0x00000012       0x60 obj/default/hello_world.o
 .debug_abbrev  0x00000072       0x88 ../12_bsp/\libhal_bsp.a(alt_load.o)
 .debug_abbrev  0x000000fa       0xb7 ../12_bsp/\libhal_bsp.a(alt_main.o)
 .debug_abbrev  0x000001b1       0x5d ../12_bsp/\libhal_bsp.a(alt_usleep.o)
 .debug_abbrev  0x0000020e      0x142 ../12_bsp/\libhal_bsp.a(alt_sys_init.o)
 .debug_abbrev  0x00000350       0xf7 ../12_bsp/\libhal_bsp.a(altera_avalon_jtag_uart_fd.o)
 .debug_abbrev  0x00000447      0x17c ../12_bsp/\libhal_bsp.a(altera_avalon_jtag_uart_init.o)
 .debug_abbrev  0x000005c3       0xf0 ../12_bsp/\libhal_bsp.a(altera_avalon_jtag_uart_ioctl.o)
 .debug_abbrev  0x000006b3      0x191 ../12_bsp/\libhal_bsp.a(altera_avalon_jtag_uart_read.o)
 .debug_abbrev  0x00000844      0x18d ../12_bsp/\libhal_bsp.a(altera_avalon_jtag_uart_write.o)
 .debug_abbrev  0x000009d1      0x172 ../12_bsp/\libhal_bsp.a(alt_alarm_start.o)
 .debug_abbrev  0x00000b43       0x6c ../12_bsp/\libhal_bsp.a(alt_busy_sleep.o)
 .debug_abbrev  0x00000baf       0xfb ../12_bsp/\libhal_bsp.a(alt_close.o)
 .debug_abbrev  0x00000caa       0x3f ../12_bsp/\libhal_bsp.a(alt_dcache_flush_all.o)
 .debug_abbrev  0x00000ce9       0xc7 ../12_bsp/\libhal_bsp.a(alt_dev.o)
 .debug_abbrev  0x00000db0       0xf6 ../12_bsp/\libhal_bsp.a(alt_dev_llist_insert.o)
 .debug_abbrev  0x00000ea6       0x76 ../12_bsp/\libhal_bsp.a(alt_do_ctors.o)
 .debug_abbrev  0x00000f1c       0x76 ../12_bsp/\libhal_bsp.a(alt_do_dtors.o)
 .debug_abbrev  0x00000f92       0x5e ../12_bsp/\libhal_bsp.a(alt_errno.o)
 .debug_abbrev  0x00000ff0       0x3f ../12_bsp/\libhal_bsp.a(alt_icache_flush_all.o)
 .debug_abbrev  0x0000102f      0x134 ../12_bsp/\libhal_bsp.a(alt_iic.o)
 .debug_abbrev  0x00001163      0x14e ../12_bsp/\libhal_bsp.a(alt_iic_isr_register.o)
 .debug_abbrev  0x000012b1       0xf0 ../12_bsp/\libhal_bsp.a(alt_io_redirect.o)
 .debug_abbrev  0x000013a1       0x12 ../12_bsp/\libhal_bsp.a(alt_irq_entry.o)
 .debug_abbrev  0x000013b3      0x10c ../12_bsp/\libhal_bsp.a(alt_irq_handler.o)
 .debug_abbrev  0x000014bf       0x44 ../12_bsp/\libhal_bsp.a(alt_irq_vars.o)
 .debug_abbrev  0x00001503      0x112 ../12_bsp/\libhal_bsp.a(alt_open.o)
 .debug_abbrev  0x00001615       0xc1 ../12_bsp/\libhal_bsp.a(alt_release_fd.o)
 .debug_abbrev  0x000016d6      0x150 ../12_bsp/\libhal_bsp.a(alt_tick.o)
 .debug_abbrev  0x00001826       0x3f ../12_bsp/\libhal_bsp.a(altera_nios2_qsys_irq.o)
 .debug_abbrev  0x00001865       0x12 ../12_bsp/\libhal_bsp.a(alt_exception_entry.o)
 .debug_abbrev  0x00001877       0xcf ../12_bsp/\libhal_bsp.a(alt_find_dev.o)
 .debug_abbrev  0x00001946       0xcf ../12_bsp/\libhal_bsp.a(alt_find_file.o)
 .debug_abbrev  0x00001a15       0xfb ../12_bsp/\libhal_bsp.a(alt_get_fd.o)
 .debug_abbrev  0x00001b10       0xb7 c:/altera/13.0sp1/nios2eds/bin/gnu/h-i686-mingw32/bin/../lib/gcc/nios2-elf/4.1.2/../../../../nios2-elf/lib/mno-hw-mul\libc.a(lib_a-atexit.o)
 .debug_abbrev  0x00001bc7      0x16e c:/altera/13.0sp1/nios2eds/bin/gnu/h-i686-mingw32/bin/../lib/gcc/nios2-elf/4.1.2/../../../../nios2-elf/lib/mno-hw-mul\libc.a(lib_a-exit.o)
 .debug_abbrev  0x00001d35      0x157 c:/altera/13.0sp1/nios2eds/bin/gnu/h-i686-mingw32/bin/../lib/gcc/nios2-elf/4.1.2/../../../../nios2-elf/lib/mno-hw-mul\libc.a(lib_a-impure.o)
 .debug_abbrev  0x00001e8c       0x3b c:/altera/13.0sp1/nios2eds/bin/gnu/h-i686-mingw32/bin/../lib/gcc/nios2-elf/4.1.2/../../../../nios2-elf/lib/mno-hw-mul\libc.a(lib_a-int_errno.o)
 .debug_abbrev  0x00001ec7       0x7c c:/altera/13.0sp1/nios2eds/bin/gnu/h-i686-mingw32/bin/../lib/gcc/nios2-elf/4.1.2/../../../../nios2-elf/lib/mno-hw-mul\libc.a(lib_a-memcmp.o)
 .debug_abbrev  0x00001f43       0xb5 c:/altera/13.0sp1/nios2eds/bin/gnu/h-i686-mingw32/bin/../lib/gcc/nios2-elf/4.1.2/../../../../nios2-elf/lib/mno-hw-mul\libc.a(lib_a-memcpy.o)
 .debug_abbrev  0x00001ff8       0x8b c:/altera/13.0sp1/nios2eds/bin/gnu/h-i686-mingw32/bin/../lib/gcc/nios2-elf/4.1.2/../../../../nios2-elf/lib/mno-hw-mul\libc.a(lib_a-strlen.o)
 .debug_abbrev  0x00002083      0x1ae c:/altera/13.0sp1/nios2eds/bin/gnu/h-i686-mingw32/bin/../lib/gcc/nios2-elf/4.1.2/../../../../nios2-elf/lib/mno-hw-mul\libc.a(lib_a-__atexit.o)
 .debug_abbrev  0x00002231      0x1de c:/altera/13.0sp1/nios2eds/bin/gnu/h-i686-mingw32/bin/../lib/gcc/nios2-elf/4.1.2/../../../../nios2-elf/lib/mno-hw-mul\libc.a(lib_a-__call_atexit.o)
 .debug_abbrev  0x0000240f       0xe0 c:/altera/13.0sp1/nios2eds/bin/gnu/h-i686-mingw32/bin/../lib/gcc/nios2-elf/4.1.2/mno-hw-mul\libgcc.a(lib2-divmod.o)
 .debug_abbrev  0x000024ef       0x7b c:/altera/13.0sp1/nios2eds/bin/gnu/h-i686-mingw32/bin/../lib/gcc/nios2-elf/4.1.2/mno-hw-mul\libgcc.a(lib2-mul.o)
 .debug_abbrev  0x0000256a       0x72 ../12_bsp/\libhal_bsp.a(alt_exit.o)

.debug_line     0x00000000     0x6712
 *(.debug_line)
 .debug_line    0x00000000       0x66 ../12_bsp//obj/HAL/src/crt0.o
 .debug_line    0x00000066      0x20c obj/default/hello_world.o
 .debug_line    0x00000272      0x217 ../12_bsp/\libhal_bsp.a(alt_load.o)
 .debug_line    0x00000489      0x2ca ../12_bsp/\libhal_bsp.a(alt_main.o)
 .debug_line    0x00000753      0x202 ../12_bsp/\libhal_bsp.a(alt_usleep.o)
 .debug_line    0x00000955      0x2a6 ../12_bsp/\libhal_bsp.a(alt_sys_init.o)
 .debug_line    0x00000bfb      0x217 ../12_bsp/\libhal_bsp.a(altera_avalon_jtag_uart_fd.o)
 .debug_line    0x00000e12      0x4ab ../12_bsp/\libhal_bsp.a(altera_avalon_jtag_uart_init.o)
 .debug_line    0x000012bd      0x317 ../12_bsp/\libhal_bsp.a(altera_avalon_jtag_uart_ioctl.o)
 .debug_line    0x000015d4      0x3f7 ../12_bsp/\libhal_bsp.a(altera_avalon_jtag_uart_read.o)
 .debug_line    0x000019cb      0x405 ../12_bsp/\libhal_bsp.a(altera_avalon_jtag_uart_write.o)
 .debug_line    0x00001dd0      0x2dc ../12_bsp/\libhal_bsp.a(alt_alarm_start.o)
 .debug_line    0x000020ac      0x25c ../12_bsp/\libhal_bsp.a(alt_busy_sleep.o)
 .debug_line    0x00002308      0x299 ../12_bsp/\libhal_bsp.a(alt_close.o)
 .debug_line    0x000025a1      0x1b5 ../12_bsp/\libhal_bsp.a(alt_dcache_flush_all.o)
 .debug_line    0x00002756      0x254 ../12_bsp/\libhal_bsp.a(alt_dev.o)
 .debug_line    0x000029aa      0x25a ../12_bsp/\libhal_bsp.a(alt_dev_llist_insert.o)
 .debug_line    0x00002c04       0x83 ../12_bsp/\libhal_bsp.a(alt_do_ctors.o)
 .debug_line    0x00002c87       0x83 ../12_bsp/\libhal_bsp.a(alt_do_dtors.o)
 .debug_line    0x00002d0a      0x1aa ../12_bsp/\libhal_bsp.a(alt_errno.o)
 .debug_line    0x00002eb4      0x1b5 ../12_bsp/\libhal_bsp.a(alt_icache_flush_all.o)
 .debug_line    0x00003069      0x2c8 ../12_bsp/\libhal_bsp.a(alt_iic.o)
 .debug_line    0x00003331      0x249 ../12_bsp/\libhal_bsp.a(alt_iic_isr_register.o)
 .debug_line    0x0000357a      0x2b4 ../12_bsp/\libhal_bsp.a(alt_io_redirect.o)
 .debug_line    0x0000382e       0x6b ../12_bsp/\libhal_bsp.a(alt_irq_entry.o)
 .debug_line    0x00003899      0x248 ../12_bsp/\libhal_bsp.a(alt_irq_handler.o)
 .debug_line    0x00003ae1       0x72 ../12_bsp/\libhal_bsp.a(alt_irq_vars.o)
 .debug_line    0x00003b53      0x2ff ../12_bsp/\libhal_bsp.a(alt_open.o)
 .debug_line    0x00003e52       0xed ../12_bsp/\libhal_bsp.a(alt_release_fd.o)
 .debug_line    0x00003f3f      0x2dc ../12_bsp/\libhal_bsp.a(alt_tick.o)
 .debug_line    0x0000421b      0x1ce ../12_bsp/\libhal_bsp.a(altera_nios2_qsys_irq.o)
 .debug_line    0x000043e9       0xab ../12_bsp/\libhal_bsp.a(alt_exception_entry.o)
 .debug_line    0x00004494      0x26b ../12_bsp/\libhal_bsp.a(alt_find_dev.o)
 .debug_line    0x000046ff      0x27c ../12_bsp/\libhal_bsp.a(alt_find_file.o)
 .debug_line    0x0000497b      0x297 ../12_bsp/\libhal_bsp.a(alt_get_fd.o)
 .debug_line    0x00004c12      0x203 c:/altera/13.0sp1/nios2eds/bin/gnu/h-i686-mingw32/bin/../lib/gcc/nios2-elf/4.1.2/../../../../nios2-elf/lib/mno-hw-mul\libc.a(lib_a-atexit.o)
 .debug_line    0x00004e15      0x23b c:/altera/13.0sp1/nios2eds/bin/gnu/h-i686-mingw32/bin/../lib/gcc/nios2-elf/4.1.2/../../../../nios2-elf/lib/mno-hw-mul\libc.a(lib_a-exit.o)
 .debug_line    0x00005050      0x230 c:/altera/13.0sp1/nios2eds/bin/gnu/h-i686-mingw32/bin/../lib/gcc/nios2-elf/4.1.2/../../../../nios2-elf/lib/mno-hw-mul\libc.a(lib_a-impure.o)
 .debug_line    0x00005280      0x1e2 c:/altera/13.0sp1/nios2eds/bin/gnu/h-i686-mingw32/bin/../lib/gcc/nios2-elf/4.1.2/../../../../nios2-elf/lib/mno-hw-mul\libc.a(lib_a-int_errno.o)
 .debug_line    0x00005462      0x2a2 c:/altera/13.0sp1/nios2eds/bin/gnu/h-i686-mingw32/bin/../lib/gcc/nios2-elf/4.1.2/../../../../nios2-elf/lib/mno-hw-mul\libc.a(lib_a-memcmp.o)
 .debug_line    0x00005704      0x1af c:/altera/13.0sp1/nios2eds/bin/gnu/h-i686-mingw32/bin/../lib/gcc/nios2-elf/4.1.2/../../../../nios2-elf/lib/mno-hw-mul\libc.a(lib_a-memcpy.o)
 .debug_line    0x000058b3      0x270 c:/altera/13.0sp1/nios2eds/bin/gnu/h-i686-mingw32/bin/../lib/gcc/nios2-elf/4.1.2/../../../../nios2-elf/lib/mno-hw-mul\libc.a(lib_a-strlen.o)
 .debug_line    0x00005b23      0x316 c:/altera/13.0sp1/nios2eds/bin/gnu/h-i686-mingw32/bin/../lib/gcc/nios2-elf/4.1.2/../../../../nios2-elf/lib/mno-hw-mul\libc.a(lib_a-__atexit.o)
 .debug_line    0x00005e39      0x36a c:/altera/13.0sp1/nios2eds/bin/gnu/h-i686-mingw32/bin/../lib/gcc/nios2-elf/4.1.2/../../../../nios2-elf/lib/mno-hw-mul\libc.a(lib_a-__call_atexit.o)
 .debug_line    0x000061a3      0x24f c:/altera/13.0sp1/nios2eds/bin/gnu/h-i686-mingw32/bin/../lib/gcc/nios2-elf/4.1.2/mno-hw-mul\libgcc.a(lib2-divmod.o)
 .debug_line    0x000063f2      0x11a c:/altera/13.0sp1/nios2eds/bin/gnu/h-i686-mingw32/bin/../lib/gcc/nios2-elf/4.1.2/mno-hw-mul\libgcc.a(lib2-mul.o)
 .debug_line    0x0000650c      0x206 ../12_bsp/\libhal_bsp.a(alt_exit.o)

.debug_frame    0x00000000      0x930
 *(.debug_frame)
 .debug_frame   0x00000000       0x2c obj/default/hello_world.o
 .debug_frame   0x0000002c       0x48 ../12_bsp/\libhal_bsp.a(alt_load.o)
 .debug_frame   0x00000074       0x2c ../12_bsp/\libhal_bsp.a(alt_main.o)
 .debug_frame   0x000000a0       0x2c ../12_bsp/\libhal_bsp.a(alt_usleep.o)
 .debug_frame   0x000000cc       0x64 ../12_bsp/\libhal_bsp.a(alt_sys_init.o)
 .debug_frame   0x00000130       0x80 ../12_bsp/\libhal_bsp.a(altera_avalon_jtag_uart_fd.o)
 .debug_frame   0x000001b0       0x80 ../12_bsp/\libhal_bsp.a(altera_avalon_jtag_uart_init.o)
 .debug_frame   0x00000230       0x2c ../12_bsp/\libhal_bsp.a(altera_avalon_jtag_uart_ioctl.o)
 .debug_frame   0x0000025c       0x2c ../12_bsp/\libhal_bsp.a(altera_avalon_jtag_uart_read.o)
 .debug_frame   0x00000288       0x2c ../12_bsp/\libhal_bsp.a(altera_avalon_jtag_uart_write.o)
 .debug_frame   0x000002b4       0x2c ../12_bsp/\libhal_bsp.a(alt_alarm_start.o)
 .debug_frame   0x000002e0       0x2c ../12_bsp/\libhal_bsp.a(alt_busy_sleep.o)
 .debug_frame   0x0000030c       0x48 ../12_bsp/\libhal_bsp.a(alt_close.o)
 .debug_frame   0x00000354       0x2c ../12_bsp/\libhal_bsp.a(alt_dcache_flush_all.o)
 .debug_frame   0x00000380       0x2c ../12_bsp/\libhal_bsp.a(alt_dev.o)
 .debug_frame   0x000003ac       0x48 ../12_bsp/\libhal_bsp.a(alt_dev_llist_insert.o)
 .debug_frame   0x000003f4       0x2c ../12_bsp/\libhal_bsp.a(alt_do_ctors.o)
 .debug_frame   0x00000420       0x2c ../12_bsp/\libhal_bsp.a(alt_do_dtors.o)
 .debug_frame   0x0000044c       0x2c ../12_bsp/\libhal_bsp.a(alt_icache_flush_all.o)
 .debug_frame   0x00000478       0x80 ../12_bsp/\libhal_bsp.a(alt_iic.o)
 .debug_frame   0x000004f8       0x2c ../12_bsp/\libhal_bsp.a(alt_iic_isr_register.o)
 .debug_frame   0x00000524       0x4c ../12_bsp/\libhal_bsp.a(alt_io_redirect.o)
 .debug_frame   0x00000570       0x2c ../12_bsp/\libhal_bsp.a(alt_irq_handler.o)
 .debug_frame   0x0000059c       0x68 ../12_bsp/\libhal_bsp.a(alt_open.o)
 .debug_frame   0x00000604       0x30 ../12_bsp/\libhal_bsp.a(alt_release_fd.o)
 .debug_frame   0x00000634       0x48 ../12_bsp/\libhal_bsp.a(alt_tick.o)
 .debug_frame   0x0000067c       0x2c ../12_bsp/\libhal_bsp.a(altera_nios2_qsys_irq.o)
 .debug_frame   0x000006a8       0x2c ../12_bsp/\libhal_bsp.a(alt_find_dev.o)
 .debug_frame   0x000006d4       0x2c ../12_bsp/\libhal_bsp.a(alt_find_file.o)
 .debug_frame   0x00000700       0x30 ../12_bsp/\libhal_bsp.a(alt_get_fd.o)
 .debug_frame   0x00000730       0x20 c:/altera/13.0sp1/nios2eds/bin/gnu/h-i686-mingw32/bin/../lib/gcc/nios2-elf/4.1.2/../../../../nios2-elf/lib/mno-hw-mul\libc.a(lib_a-atexit.o)
 .debug_frame   0x00000750       0x28 c:/altera/13.0sp1/nios2eds/bin/gnu/h-i686-mingw32/bin/../lib/gcc/nios2-elf/4.1.2/../../../../nios2-elf/lib/mno-hw-mul\libc.a(lib_a-exit.o)
 .debug_frame   0x00000778       0x20 c:/altera/13.0sp1/nios2eds/bin/gnu/h-i686-mingw32/bin/../lib/gcc/nios2-elf/4.1.2/../../../../nios2-elf/lib/mno-hw-mul\libc.a(lib_a-memcmp.o)
 .debug_frame   0x00000798       0x20 c:/altera/13.0sp1/nios2eds/bin/gnu/h-i686-mingw32/bin/../lib/gcc/nios2-elf/4.1.2/../../../../nios2-elf/lib/mno-hw-mul\libc.a(lib_a-memcpy.o)
 .debug_frame   0x000007b8       0x20 c:/altera/13.0sp1/nios2eds/bin/gnu/h-i686-mingw32/bin/../lib/gcc/nios2-elf/4.1.2/../../../../nios2-elf/lib/mno-hw-mul\libc.a(lib_a-strlen.o)
 .debug_frame   0x000007d8       0x34 c:/altera/13.0sp1/nios2eds/bin/gnu/h-i686-mingw32/bin/../lib/gcc/nios2-elf/4.1.2/../../../../nios2-elf/lib/mno-hw-mul\libc.a(lib_a-__atexit.o)
 .debug_frame   0x0000080c       0x4c c:/altera/13.0sp1/nios2eds/bin/gnu/h-i686-mingw32/bin/../lib/gcc/nios2-elf/4.1.2/../../../../nios2-elf/lib/mno-hw-mul\libc.a(lib_a-__call_atexit.o)
 .debug_frame   0x00000858       0x70 c:/altera/13.0sp1/nios2eds/bin/gnu/h-i686-mingw32/bin/../lib/gcc/nios2-elf/4.1.2/mno-hw-mul\libgcc.a(lib2-divmod.o)
 .debug_frame   0x000008c8       0x20 c:/altera/13.0sp1/nios2eds/bin/gnu/h-i686-mingw32/bin/../lib/gcc/nios2-elf/4.1.2/mno-hw-mul\libgcc.a(lib2-mul.o)
 .debug_frame   0x000008e8       0x48 ../12_bsp/\libhal_bsp.a(alt_exit.o)

.debug_str      0x00000000      0xc35
 *(.debug_str)
 .debug_str     0x00000000       0x12 obj/default/hello_world.o
 .debug_str     0x00000012       0x12 ../12_bsp/\libhal_bsp.a(alt_load.o)
 .debug_str     0x00000024       0x12 ../12_bsp/\libhal_bsp.a(alt_main.o)
 .debug_str     0x00000036       0x12 ../12_bsp/\libhal_bsp.a(alt_usleep.o)
 .debug_str     0x00000048       0x12 ../12_bsp/\libhal_bsp.a(alt_sys_init.o)
 .debug_str     0x0000005a       0x12 ../12_bsp/\libhal_bsp.a(altera_avalon_jtag_uart_fd.o)
 .debug_str     0x0000006c       0x1a ../12_bsp/\libhal_bsp.a(altera_avalon_jtag_uart_init.o)
 .debug_str     0x00000086       0x12 ../12_bsp/\libhal_bsp.a(altera_avalon_jtag_uart_ioctl.o)
 .debug_str     0x00000098       0x1a ../12_bsp/\libhal_bsp.a(altera_avalon_jtag_uart_read.o)
 .debug_str     0x000000b2       0x1a ../12_bsp/\libhal_bsp.a(altera_avalon_jtag_uart_write.o)
 .debug_str     0x000000cc       0x23 ../12_bsp/\libhal_bsp.a(alt_alarm_start.o)
 .debug_str     0x000000ef       0x12 ../12_bsp/\libhal_bsp.a(alt_busy_sleep.o)
 .debug_str     0x00000101       0x12 ../12_bsp/\libhal_bsp.a(alt_close.o)
 .debug_str     0x00000113       0x12 ../12_bsp/\libhal_bsp.a(alt_dcache_flush_all.o)
 .debug_str     0x00000125       0x12 ../12_bsp/\libhal_bsp.a(alt_dev.o)
 .debug_str     0x00000137       0x12 ../12_bsp/\libhal_bsp.a(alt_dev_llist_insert.o)
 .debug_str     0x00000149       0x12 ../12_bsp/\libhal_bsp.a(alt_errno.o)
 .debug_str     0x0000015b       0x12 ../12_bsp/\libhal_bsp.a(alt_icache_flush_all.o)
 .debug_str     0x0000016d       0x18 ../12_bsp/\libhal_bsp.a(alt_iic.o)
 .debug_str     0x00000185       0x1a ../12_bsp/\libhal_bsp.a(alt_iic_isr_register.o)
 .debug_str     0x0000019f       0x12 ../12_bsp/\libhal_bsp.a(alt_io_redirect.o)
 .debug_str     0x000001b1       0x12 ../12_bsp/\libhal_bsp.a(alt_irq_handler.o)
 .debug_str     0x000001c3       0x12 ../12_bsp/\libhal_bsp.a(alt_open.o)
 .debug_str     0x000001d5       0x1a ../12_bsp/\libhal_bsp.a(alt_tick.o)
 .debug_str     0x000001ef       0x12 ../12_bsp/\libhal_bsp.a(altera_nios2_qsys_irq.o)
 .debug_str     0x00000201       0x12 ../12_bsp/\libhal_bsp.a(alt_find_dev.o)
 .debug_str     0x00000213       0x12 ../12_bsp/\libhal_bsp.a(alt_find_file.o)
 .debug_str     0x00000225       0x12 ../12_bsp/\libhal_bsp.a(alt_get_fd.o)
 .debug_str     0x00000237      0x187 c:/altera/13.0sp1/nios2eds/bin/gnu/h-i686-mingw32/bin/../lib/gcc/nios2-elf/4.1.2/../../../../nios2-elf/lib/mno-hw-mul\libc.a(lib_a-atexit.o)
                                0x1cd (size before relaxing)
 .debug_str     0x000003be      0x387 c:/altera/13.0sp1/nios2eds/bin/gnu/h-i686-mingw32/bin/../lib/gcc/nios2-elf/4.1.2/../../../../nios2-elf/lib/mno-hw-mul\libc.a(lib_a-exit.o)
                                0x51a (size before relaxing)
 .debug_str     0x00000745       0xdf c:/altera/13.0sp1/nios2eds/bin/gnu/h-i686-mingw32/bin/../lib/gcc/nios2-elf/4.1.2/../../../../nios2-elf/lib/mno-hw-mul\libc.a(lib_a-impure.o)
                                0x528 (size before relaxing)
 .debug_str     0x00000824       0x40 c:/altera/13.0sp1/nios2eds/bin/gnu/h-i686-mingw32/bin/../lib/gcc/nios2-elf/4.1.2/../../../../nios2-elf/lib/mno-hw-mul\libc.a(lib_a-int_errno.o)
                                0x171 (size before relaxing)
 .debug_str     0x00000864       0xe3 c:/altera/13.0sp1/nios2eds/bin/gnu/h-i686-mingw32/bin/../lib/gcc/nios2-elf/4.1.2/../../../../nios2-elf/lib/mno-hw-mul\libc.a(lib_a-memcmp.o)
                                0x178 (size before relaxing)
 .debug_str     0x00000947       0x6c c:/altera/13.0sp1/nios2eds/bin/gnu/h-i686-mingw32/bin/../lib/gcc/nios2-elf/4.1.2/../../../../nios2-elf/lib/mno-hw-mul\libc.a(lib_a-memcpy.o)
                                0x136 (size before relaxing)
 .debug_str     0x000009b3       0x52 c:/altera/13.0sp1/nios2eds/bin/gnu/h-i686-mingw32/bin/../lib/gcc/nios2-elf/4.1.2/../../../../nios2-elf/lib/mno-hw-mul\libc.a(lib_a-strlen.o)
                                0x18b (size before relaxing)
 .debug_str     0x00000a05       0x54 c:/altera/13.0sp1/nios2eds/bin/gnu/h-i686-mingw32/bin/../lib/gcc/nios2-elf/4.1.2/../../../../nios2-elf/lib/mno-hw-mul\libc.a(lib_a-__atexit.o)
                                0x532 (size before relaxing)
 .debug_str     0x00000a59       0x7e c:/altera/13.0sp1/nios2eds/bin/gnu/h-i686-mingw32/bin/../lib/gcc/nios2-elf/4.1.2/../../../../nios2-elf/lib/mno-hw-mul\libc.a(lib_a-__call_atexit.o)
                                0x55c (size before relaxing)
 .debug_str     0x00000ad7      0x10b c:/altera/13.0sp1/nios2eds/bin/gnu/h-i686-mingw32/bin/../lib/gcc/nios2-elf/4.1.2/mno-hw-mul\libgcc.a(lib2-divmod.o)
                                0x1b4 (size before relaxing)
 .debug_str     0x00000be2       0x37 c:/altera/13.0sp1/nios2eds/bin/gnu/h-i686-mingw32/bin/../lib/gcc/nios2-elf/4.1.2/mno-hw-mul\libgcc.a(lib2-mul.o)
                                0x175 (size before relaxing)
 .debug_str     0x00000c19       0x1c ../12_bsp/\libhal_bsp.a(alt_exit.o)

.debug_loc      0x00000000      0xfe7
 *(.debug_loc)
 .debug_loc     0x00000000       0x2b obj/default/hello_world.o
 .debug_loc     0x0000002b       0x56 ../12_bsp/\libhal_bsp.a(alt_load.o)
 .debug_loc     0x00000081       0x2b ../12_bsp/\libhal_bsp.a(alt_main.o)
 .debug_loc     0x000000ac       0x2b ../12_bsp/\libhal_bsp.a(alt_usleep.o)
 .debug_loc     0x000000d7       0x81 ../12_bsp/\libhal_bsp.a(alt_sys_init.o)
 .debug_loc     0x00000158       0xac ../12_bsp/\libhal_bsp.a(altera_avalon_jtag_uart_fd.o)
 .debug_loc     0x00000204       0xac ../12_bsp/\libhal_bsp.a(altera_avalon_jtag_uart_init.o)
 .debug_loc     0x000002b0       0x2b ../12_bsp/\libhal_bsp.a(altera_avalon_jtag_uart_ioctl.o)
 .debug_loc     0x000002db       0x2b ../12_bsp/\libhal_bsp.a(altera_avalon_jtag_uart_read.o)
 .debug_loc     0x00000306       0x2b ../12_bsp/\libhal_bsp.a(altera_avalon_jtag_uart_write.o)
 .debug_loc     0x00000331       0x2b ../12_bsp/\libhal_bsp.a(alt_alarm_start.o)
 .debug_loc     0x0000035c       0x2b ../12_bsp/\libhal_bsp.a(alt_busy_sleep.o)
 .debug_loc     0x00000387       0x56 ../12_bsp/\libhal_bsp.a(alt_close.o)
 .debug_loc     0x000003dd       0x2b ../12_bsp/\libhal_bsp.a(alt_dcache_flush_all.o)
 .debug_loc     0x00000408       0x2b ../12_bsp/\libhal_bsp.a(alt_dev.o)
 .debug_loc     0x00000433       0x56 ../12_bsp/\libhal_bsp.a(alt_dev_llist_insert.o)
 .debug_loc     0x00000489       0x2b ../12_bsp/\libhal_bsp.a(alt_do_ctors.o)
 .debug_loc     0x000004b4       0x2b ../12_bsp/\libhal_bsp.a(alt_do_dtors.o)
 .debug_loc     0x000004df       0x2b ../12_bsp/\libhal_bsp.a(alt_icache_flush_all.o)
 .debug_loc     0x0000050a       0xac ../12_bsp/\libhal_bsp.a(alt_iic.o)
 .debug_loc     0x000005b6       0x2b ../12_bsp/\libhal_bsp.a(alt_iic_isr_register.o)
 .debug_loc     0x000005e1       0x56 ../12_bsp/\libhal_bsp.a(alt_io_redirect.o)
 .debug_loc     0x00000637       0x2b ../12_bsp/\libhal_bsp.a(alt_irq_handler.o)
 .debug_loc     0x00000662       0x81 ../12_bsp/\libhal_bsp.a(alt_open.o)
 .debug_loc     0x000006e3       0x2b ../12_bsp/\libhal_bsp.a(alt_release_fd.o)
 .debug_loc     0x0000070e       0x56 ../12_bsp/\libhal_bsp.a(alt_tick.o)
 .debug_loc     0x00000764       0x2b ../12_bsp/\libhal_bsp.a(altera_nios2_qsys_irq.o)
 .debug_loc     0x0000078f       0x2b ../12_bsp/\libhal_bsp.a(alt_find_dev.o)
 .debug_loc     0x000007ba       0x2b ../12_bsp/\libhal_bsp.a(alt_find_file.o)
 .debug_loc     0x000007e5       0x2b ../12_bsp/\libhal_bsp.a(alt_get_fd.o)
 .debug_loc     0x00000810       0x1e c:/altera/13.0sp1/nios2eds/bin/gnu/h-i686-mingw32/bin/../lib/gcc/nios2-elf/4.1.2/../../../../nios2-elf/lib/mno-hw-mul\libc.a(lib_a-atexit.o)
 .debug_loc     0x0000082e       0x3d c:/altera/13.0sp1/nios2eds/bin/gnu/h-i686-mingw32/bin/../lib/gcc/nios2-elf/4.1.2/../../../../nios2-elf/lib/mno-hw-mul\libc.a(lib_a-exit.o)
 .debug_loc     0x0000086b      0x114 c:/altera/13.0sp1/nios2eds/bin/gnu/h-i686-mingw32/bin/../lib/gcc/nios2-elf/4.1.2/../../../../nios2-elf/lib/mno-hw-mul\libc.a(lib_a-memcmp.o)
 .debug_loc     0x0000097f       0xca c:/altera/13.0sp1/nios2eds/bin/gnu/h-i686-mingw32/bin/../lib/gcc/nios2-elf/4.1.2/../../../../nios2-elf/lib/mno-hw-mul\libc.a(lib_a-memcpy.o)
 .debug_loc     0x00000a49       0x3c c:/altera/13.0sp1/nios2eds/bin/gnu/h-i686-mingw32/bin/../lib/gcc/nios2-elf/4.1.2/../../../../nios2-elf/lib/mno-hw-mul\libc.a(lib_a-strlen.o)
 .debug_loc     0x00000a85      0x120 c:/altera/13.0sp1/nios2eds/bin/gnu/h-i686-mingw32/bin/../lib/gcc/nios2-elf/4.1.2/../../../../nios2-elf/lib/mno-hw-mul\libc.a(lib_a-__atexit.o)
 .debug_loc     0x00000ba5      0x1cb c:/altera/13.0sp1/nios2eds/bin/gnu/h-i686-mingw32/bin/../lib/gcc/nios2-elf/4.1.2/../../../../nios2-elf/lib/mno-hw-mul\libc.a(lib_a-__call_atexit.o)
 .debug_loc     0x00000d70      0x1d2 c:/altera/13.0sp1/nios2eds/bin/gnu/h-i686-mingw32/bin/../lib/gcc/nios2-elf/4.1.2/mno-hw-mul\libgcc.a(lib2-divmod.o)
 .debug_loc     0x00000f42       0x4f c:/altera/13.0sp1/nios2eds/bin/gnu/h-i686-mingw32/bin/../lib/gcc/nios2-elf/4.1.2/mno-hw-mul\libgcc.a(lib2-mul.o)
 .debug_loc     0x00000f91       0x56 ../12_bsp/\libhal_bsp.a(alt_exit.o)

.debug_macinfo
 *(.debug_macinfo)

.debug_weaknames
 *(.debug_weaknames)

.debug_funcnames
 *(.debug_funcnames)

.debug_typenames
 *(.debug_typenames)

.debug_varnames
 *(.debug_varnames)

.debug_alt_sim_info
                0x00000000       0x40
 *(.debug_alt_sim_info)
 .debug_alt_sim_info
                0x00000000       0x10 ../12_bsp//obj/HAL/src/crt0.o
 .debug_alt_sim_info
                0x00000010       0x30 ../12_bsp/\libhal_bsp.a(alt_busy_sleep.o)
                0x03000000                __alt_data_end = 0x3000000
                0x03000000                PROVIDE (__alt_stack_pointer, __alt_data_end)
                0x02805778                PROVIDE (__alt_stack_limit, __alt_stack_base)
                0x02805778                PROVIDE (__alt_heap_start, end)
                0x03000000                PROVIDE (__alt_heap_limit, 0x3000000)
OUTPUT(12.elf elf32-littlenios2)

.debug_ranges   0x00000000       0x90
 .debug_ranges  0x00000000       0x20 ../12_bsp//obj/HAL/src/crt0.o
 .debug_ranges  0x00000020       0x28 ../12_bsp/\libhal_bsp.a(alt_irq_entry.o)
 .debug_ranges  0x00000048       0x30 ../12_bsp/\libhal_bsp.a(alt_exception_entry.o)
 .debug_ranges  0x00000078       0x18 c:/altera/13.0sp1/nios2eds/bin/gnu/h-i686-mingw32/bin/../lib/gcc/nios2-elf/4.1.2/../../../../nios2-elf/lib/mno-hw-mul\libc.a(lib_a-__call_atexit.o)
