Archive member included because of file (symbol)

../123_bsp/\libhal_bsp.a(alt_load.o)
                              ../123_bsp//obj/HAL/src/crt0.o (alt_load)
../123_bsp/\libhal_bsp.a(alt_main.o)
                              ../123_bsp//obj/HAL/src/crt0.o (alt_main)
../123_bsp/\libhal_bsp.a(alt_usleep.o)
                              obj/default/hello_world.o (usleep)
../123_bsp/\libhal_bsp.a(alt_sys_init.o)
                              ../123_bsp/\libhal_bsp.a(alt_main.o) (alt_irq_init)
../123_bsp/\libhal_bsp.a(altera_avalon_jtag_uart_fd.o)
                              ../123_bsp/\libhal_bsp.a(alt_sys_init.o) (altera_avalon_jtag_uart_read_fd)
../123_bsp/\libhal_bsp.a(altera_avalon_jtag_uart_init.o)
                              ../123_bsp/\libhal_bsp.a(alt_sys_init.o) (altera_avalon_jtag_uart_init)
../123_bsp/\libhal_bsp.a(altera_avalon_jtag_uart_ioctl.o)
                              ../123_bsp/\libhal_bsp.a(altera_avalon_jtag_uart_fd.o) (altera_avalon_jtag_uart_ioctl)
../123_bsp/\libhal_bsp.a(altera_avalon_jtag_uart_read.o)
                              ../123_bsp/\libhal_bsp.a(altera_avalon_jtag_uart_fd.o) (altera_avalon_jtag_uart_read)
../123_bsp/\libhal_bsp.a(altera_avalon_jtag_uart_write.o)
                              ../123_bsp/\libhal_bsp.a(altera_avalon_jtag_uart_fd.o) (altera_avalon_jtag_uart_write)
../123_bsp/\libhal_bsp.a(alt_alarm_start.o)
                              ../123_bsp/\libhal_bsp.a(altera_avalon_jtag_uart_init.o) (alt_alarm_start)
../123_bsp/\libhal_bsp.a(alt_busy_sleep.o)
                              ../123_bsp/\libhal_bsp.a(alt_usleep.o) (alt_busy_sleep)
../123_bsp/\libhal_bsp.a(alt_close.o)
                              ../123_bsp/\libhal_bsp.a(alt_main.o) (close)
../123_bsp/\libhal_bsp.a(alt_dcache_flush_all.o)
                              ../123_bsp/\libhal_bsp.a(alt_load.o) (alt_dcache_flush_all)
../123_bsp/\libhal_bsp.a(alt_dev.o)
                              ../123_bsp/\libhal_bsp.a(alt_sys_init.o) (alt_dev_list)
../123_bsp/\libhal_bsp.a(alt_dev_llist_insert.o)
                              ../123_bsp/\libhal_bsp.a(alt_sys_init.o) (alt_dev_llist_insert)
../123_bsp/\libhal_bsp.a(alt_do_ctors.o)
                              ../123_bsp/\libhal_bsp.a(alt_main.o) (_do_ctors)
../123_bsp/\libhal_bsp.a(alt_do_dtors.o)
                              ../123_bsp/\libhal_bsp.a(alt_main.o) (_do_dtors)
../123_bsp/\libhal_bsp.a(alt_errno.o)
                              ../123_bsp/\libhal_bsp.a(alt_close.o) (alt_errno)
../123_bsp/\libhal_bsp.a(alt_icache_flush_all.o)
                              ../123_bsp/\libhal_bsp.a(alt_load.o) (alt_icache_flush_all)
../123_bsp/\libhal_bsp.a(alt_iic.o)
                              ../123_bsp/\libhal_bsp.a(altera_avalon_jtag_uart_init.o) (alt_ic_isr_register)
../123_bsp/\libhal_bsp.a(alt_iic_isr_register.o)
                              ../123_bsp/\libhal_bsp.a(alt_iic.o) (alt_iic_isr_register)
../123_bsp/\libhal_bsp.a(alt_irq_entry.o)
                              ../123_bsp/\libhal_bsp.a(alt_iic_isr_register.o) (alt_irq_entry)
../123_bsp/\libhal_bsp.a(alt_irq_handler.o)
                              ../123_bsp/\libhal_bsp.a(alt_iic_isr_register.o) (alt_irq_handler)
../123_bsp/\libhal_bsp.a(alt_irq_vars.o)
                              ../123_bsp/\libhal_bsp.a(alt_iic.o) (alt_irq_active)
../123_bsp/\libhal_bsp.a(alt_release_fd.o)
                              ../123_bsp/\libhal_bsp.a(alt_close.o) (alt_release_fd)
../123_bsp/\libhal_bsp.a(alt_tick.o)
                              ../123_bsp/\libhal_bsp.a(altera_avalon_jtag_uart_init.o) (_alt_tick_rate)
../123_bsp/\libhal_bsp.a(altera_nios2_qsys_irq.o)
                              ../123_bsp/\libhal_bsp.a(alt_sys_init.o) (altera_nios2_qsys_irq_init)
../123_bsp/\libhal_bsp.a(alt_exception_entry.o)
                              ../123_bsp/\libhal_bsp.a(alt_irq_entry.o) (alt_exception)
c:/altera/13.0sp1/nios2eds/bin/gnu/h-i686-mingw32/bin/../lib/gcc/nios2-elf/4.1.2/../../../../nios2-elf/lib/mno-hw-mul\libc.a(lib_a-atexit.o)
                              ../123_bsp/\libhal_bsp.a(alt_main.o) (atexit)
c:/altera/13.0sp1/nios2eds/bin/gnu/h-i686-mingw32/bin/../lib/gcc/nios2-elf/4.1.2/../../../../nios2-elf/lib/mno-hw-mul\libc.a(lib_a-exit.o)
                              ../123_bsp/\libhal_bsp.a(alt_main.o) (exit)
c:/altera/13.0sp1/nios2eds/bin/gnu/h-i686-mingw32/bin/../lib/gcc/nios2-elf/4.1.2/../../../../nios2-elf/lib/mno-hw-mul\libc.a(lib_a-impure.o)
                              c:/altera/13.0sp1/nios2eds/bin/gnu/h-i686-mingw32/bin/../lib/gcc/nios2-elf/4.1.2/../../../../nios2-elf/lib/mno-hw-mul\libc.a(lib_a-exit.o) (_global_impure_ptr)
c:/altera/13.0sp1/nios2eds/bin/gnu/h-i686-mingw32/bin/../lib/gcc/nios2-elf/4.1.2/../../../../nios2-elf/lib/mno-hw-mul\libc.a(lib_a-int_errno.o)
                              ../123_bsp/\libhal_bsp.a(alt_close.o) (errno)
c:/altera/13.0sp1/nios2eds/bin/gnu/h-i686-mingw32/bin/../lib/gcc/nios2-elf/4.1.2/../../../../nios2-elf/lib/mno-hw-mul\libc.a(lib_a-memcpy.o)
                              ../123_bsp/\libhal_bsp.a(altera_avalon_jtag_uart_read.o) (memcpy)
c:/altera/13.0sp1/nios2eds/bin/gnu/h-i686-mingw32/bin/../lib/gcc/nios2-elf/4.1.2/../../../../nios2-elf/lib/mno-hw-mul\libc.a(lib_a-__atexit.o)
                              c:/altera/13.0sp1/nios2eds/bin/gnu/h-i686-mingw32/bin/../lib/gcc/nios2-elf/4.1.2/../../../../nios2-elf/lib/mno-hw-mul\libc.a(lib_a-atexit.o) (__register_exitproc)
c:/altera/13.0sp1/nios2eds/bin/gnu/h-i686-mingw32/bin/../lib/gcc/nios2-elf/4.1.2/../../../../nios2-elf/lib/mno-hw-mul\libc.a(lib_a-__call_atexit.o)
                              c:/altera/13.0sp1/nios2eds/bin/gnu/h-i686-mingw32/bin/../lib/gcc/nios2-elf/4.1.2/../../../../nios2-elf/lib/mno-hw-mul\libc.a(lib_a-exit.o) (__call_exitprocs)
c:/altera/13.0sp1/nios2eds/bin/gnu/h-i686-mingw32/bin/../lib/gcc/nios2-elf/4.1.2/mno-hw-mul\libgcc.a(lib2-divmod.o)
                              ../123_bsp/\libhal_bsp.a(alt_busy_sleep.o) (__udivsi3)
c:/altera/13.0sp1/nios2eds/bin/gnu/h-i686-mingw32/bin/../lib/gcc/nios2-elf/4.1.2/mno-hw-mul\libgcc.a(lib2-mul.o)
                              ../123_bsp/\libhal_bsp.a(alt_busy_sleep.o) (__mulsi3)
../123_bsp/\libhal_bsp.a(alt_exit.o)
                              c:/altera/13.0sp1/nios2eds/bin/gnu/h-i686-mingw32/bin/../lib/gcc/nios2-elf/4.1.2/../../../../nios2-elf/lib/mno-hw-mul\libc.a(lib_a-exit.o) (_exit)

Allocating common symbols
Common symbol       size              file

alt_irq             0x100             ../123_bsp/\libhal_bsp.a(alt_irq_handler.o)
errno               0x4               c:/altera/13.0sp1/nios2eds/bin/gnu/h-i686-mingw32/bin/../lib/gcc/nios2-elf/4.1.2/../../../../nios2-elf/lib/mno-hw-mul\libc.a(lib_a-int_errno.o)
_atexit0            0x190             c:/altera/13.0sp1/nios2eds/bin/gnu/h-i686-mingw32/bin/../lib/gcc/nios2-elf/4.1.2/../../../../nios2-elf/lib/mno-hw-mul\libc.a(lib_a-atexit.o)

Memory Configuration

Name             Origin             Length             Attributes
reset            0x02800000         0x00000020
sdram_ctrl       0x02800020         0x007fffe0
*default*        0x00000000         0xffffffff

Linker script and memory map

LOAD ../123_bsp//obj/HAL/src/crt0.o
LOAD obj/default/hello_world.o
LOAD c:/altera/13.0sp1/nios2eds/bin/gnu/h-i686-mingw32/bin/../lib/gcc/nios2-elf/4.1.2/../../../../nios2-elf/lib/mno-hw-mul\libstdc++.a
LOAD c:/altera/13.0sp1/nios2eds/bin/gnu/h-i686-mingw32/bin/../lib/gcc/nios2-elf/4.1.2/../../../../nios2-elf/lib/mno-hw-mul\libm.a
LOAD c:/altera/13.0sp1/nios2eds/bin/gnu/h-i686-mingw32/bin/../lib/gcc/nios2-elf/4.1.2/mno-hw-mul\libgcc.a
START GROUP
LOAD c:/altera/13.0sp1/nios2eds/bin/gnu/h-i686-mingw32/bin/../lib/gcc/nios2-elf/4.1.2/../../../../nios2-elf/lib/mno-hw-mul\libc.a
LOAD c:/altera/13.0sp1/nios2eds/bin/gnu/h-i686-mingw32/bin/../lib/gcc/nios2-elf/4.1.2/mno-hw-mul\libgcc.a
LOAD ../123_bsp/\libhal_bsp.a
END GROUP
LOAD c:/altera/13.0sp1/nios2eds/bin/gnu/h-i686-mingw32/bin/../lib/gcc/nios2-elf/4.1.2/mno-hw-mul\libgcc.a
                0x02800000                __alt_mem_sdram_ctrl = 0x2800000

.entry          0x02800000       0x20
 *(.entry)
 .entry         0x02800000       0x20 ../123_bsp//obj/HAL/src/crt0.o
                0x02800000                __reset

.exceptions     0x02800020      0x194
                0x02800020                PROVIDE (__ram_exceptions_start, ABSOLUTE (.))
                0x02800020                . = ALIGN (0x20)
 *(.irq)
 *(.exceptions.entry.label)
 .exceptions.entry.label
                0x02800020        0x0 ../123_bsp/\libhal_bsp.a(alt_irq_entry.o)
                0x02800020                alt_irq_entry
 .exceptions.entry.label
                0x02800020        0x0 ../123_bsp/\libhal_bsp.a(alt_exception_entry.o)
                0x02800020                alt_exception
 *(.exceptions.entry.user)
 *(.exceptions.entry)
 .exceptions.entry
                0x02800020       0x54 ../123_bsp/\libhal_bsp.a(alt_exception_entry.o)
 *(.exceptions.irqtest.user)
 *(.exceptions.irqtest)
 .exceptions.irqtest
                0x02800074       0x10 ../123_bsp/\libhal_bsp.a(alt_irq_entry.o)
 *(.exceptions.irqhandler.user)
 *(.exceptions.irqhandler)
 .exceptions.irqhandler
                0x02800084        0x4 ../123_bsp/\libhal_bsp.a(alt_irq_entry.o)
 *(.exceptions.irqreturn.user)
 *(.exceptions.irqreturn)
 .exceptions.irqreturn
                0x02800088        0x4 ../123_bsp/\libhal_bsp.a(alt_irq_entry.o)
 *(.exceptions.notirq.label)
 .exceptions.notirq.label
                0x0280008c        0x0 ../123_bsp/\libhal_bsp.a(alt_irq_entry.o)
 *(.exceptions.notirq.user)
 *(.exceptions.notirq)
 .exceptions.notirq
                0x0280008c        0x8 ../123_bsp/\libhal_bsp.a(alt_exception_entry.o)
 *(.exceptions.soft.user)
 *(.exceptions.soft)
 *(.exceptions.unknown.user)
 *(.exceptions.unknown)
 .exceptions.unknown
                0x02800094        0x4 ../123_bsp/\libhal_bsp.a(alt_exception_entry.o)
 *(.exceptions.exit.label)
 .exceptions.exit.label
                0x02800098        0x0 ../123_bsp/\libhal_bsp.a(alt_irq_entry.o)
 .exceptions.exit.label
                0x02800098        0x0 ../123_bsp/\libhal_bsp.a(alt_exception_entry.o)
 *(.exceptions.exit.user)
 *(.exceptions.exit)
 .exceptions.exit
                0x02800098       0x54 ../123_bsp/\libhal_bsp.a(alt_exception_entry.o)
 *(.exceptions)
 .exceptions    0x028000ec       0xc8 ../123_bsp/\libhal_bsp.a(alt_irq_handler.o)
                0x028000ec                alt_irq_handler
                0x028001b4                PROVIDE (__ram_exceptions_end, ABSOLUTE (.))
                0x02800020                PROVIDE (__flash_exceptions_start, LOADADDR (.exceptions))

.text           0x028001b4     0x1ec0
                0x028001b4                PROVIDE (stext, ABSOLUTE (.))
 *(.interp)
 *(.hash)
 *(.dynsym)
 *(.dynstr)
 *(.gnu.version)
 *(.gnu.version_d)
 *(.gnu.version_r)
 *(.rel.init)
 *(.rela.init)
 *(.rel.text .rel.text.* .rel.gnu.linkonce.t.*)
 *(.rela.text .rela.text.* .rela.gnu.linkonce.t.*)
 *(.rel.fini)
 *(.rela.fini)
 *(.rel.rodata .rel.rodata.* .rel.gnu.linkonce.r.*)
 *(.rela.rodata .rela.rodata.* .rela.gnu.linkonce.r.*)
 *(.rel.data .rel.data.* .rel.gnu.linkonce.d.*)
 *(.rela.data .rela.data.* .rela.gnu.linkonce.d.*)
 *(.rel.tdata .rel.tdata.* .rel.gnu.linkonce.td.*)
 *(.rela.tdata .rela.tdata.* .rela.gnu.linkonce.td.*)
 *(.rel.tbss .rel.tbss.* .rel.gnu.linkonce.tb.*)
 *(.rela.tbss .rela.tbss.* .rela.gnu.linkonce.tb.*)
 *(.rel.ctors)
 *(.rela.ctors)
 *(.rel.dtors)
 *(.rela.dtors)
 *(.rel.got)
 *(.rela.got)
 *(.rel.sdata .rel.sdata.* .rel.gnu.linkonce.s.*)
 *(.rela.sdata .rela.sdata.* .rela.gnu.linkonce.s.*)
 *(.rel.sbss .rel.sbss.* .rel.gnu.linkonce.sb.*)
 *(.rela.sbss .rela.sbss.* .rela.gnu.linkonce.sb.*)
 *(.rel.sdata2 .rel.sdata2.* .rel.gnu.linkonce.s2.*)
 *(.rela.sdata2 .rela.sdata2.* .rela.gnu.linkonce.s2.*)
 *(.rel.sbss2 .rel.sbss2.* .rel.gnu.linkonce.sb2.*)
 *(.rela.sbss2 .rela.sbss2.* .rela.gnu.linkonce.sb2.*)
 *(.rel.bss .rel.bss.* .rel.gnu.linkonce.b.*)
 *(.rela.bss .rela.bss.* .rela.gnu.linkonce.b.*)
 *(.rel.plt)
 *(.rela.plt)
 *(.rel.dyn)
 *(.init)
 *(.plt)
 *(.text .stub .text.* .gnu.linkonce.t.*)
 .text          0x028001b4       0x3c ../123_bsp//obj/HAL/src/crt0.o
                0x028001b4                _start
 .text          0x028001f0       0xa8 obj/default/hello_world.o
                0x028001f0                main
 .text          0x02800298       0xec ../123_bsp/\libhal_bsp.a(alt_load.o)
                0x02800298                alt_load
 .text          0x02800384       0x50 ../123_bsp/\libhal_bsp.a(alt_main.o)
                0x02800384                alt_main
 .text          0x028003d4       0x30 ../123_bsp/\libhal_bsp.a(alt_usleep.o)
                0x028003d4                usleep
 .text          0x02800404       0xb0 ../123_bsp/\libhal_bsp.a(alt_sys_init.o)
                0x02800404                alt_irq_init
                0x02800438                alt_sys_init
 .text          0x028004b4      0x148 ../123_bsp/\libhal_bsp.a(altera_avalon_jtag_uart_fd.o)
                0x028004b4                altera_avalon_jtag_uart_read_fd
                0x0280050c                altera_avalon_jtag_uart_write_fd
                0x02800564                altera_avalon_jtag_uart_close_fd
                0x028005ac                altera_avalon_jtag_uart_ioctl_fd
 .text          0x028005fc      0x40c ../123_bsp/\libhal_bsp.a(altera_avalon_jtag_uart_init.o)
                0x028005fc                altera_avalon_jtag_uart_init
                0x02800994                altera_avalon_jtag_uart_close
 .text          0x02800a08       0xf4 ../123_bsp/\libhal_bsp.a(altera_avalon_jtag_uart_ioctl.o)
                0x02800a08                altera_avalon_jtag_uart_ioctl
 .text          0x02800afc      0x224 ../123_bsp/\libhal_bsp.a(altera_avalon_jtag_uart_read.o)
                0x02800afc                altera_avalon_jtag_uart_read
 .text          0x02800d20      0x240 ../123_bsp/\libhal_bsp.a(altera_avalon_jtag_uart_write.o)
                0x02800d20                altera_avalon_jtag_uart_write
 .text          0x02800f60      0x154 ../123_bsp/\libhal_bsp.a(alt_alarm_start.o)
                0x02800f60                alt_alarm_start
 .text          0x028010b4      0x15c ../123_bsp/\libhal_bsp.a(alt_busy_sleep.o)
                0x028010b4                alt_busy_sleep
 .text          0x02801210      0x160 ../123_bsp/\libhal_bsp.a(alt_close.o)
                0x02801210                close
 .text          0x02801370       0x1c ../123_bsp/\libhal_bsp.a(alt_dcache_flush_all.o)
                0x02801370                alt_dcache_flush_all
 .text          0x0280138c       0x2c ../123_bsp/\libhal_bsp.a(alt_dev.o)
 .text          0x028013b8      0x114 ../123_bsp/\libhal_bsp.a(alt_dev_llist_insert.o)
                0x028013b8                alt_dev_llist_insert
 .text          0x028014cc       0x64 ../123_bsp/\libhal_bsp.a(alt_do_ctors.o)
                0x028014cc                _do_ctors
 .text          0x02801530       0x64 ../123_bsp/\libhal_bsp.a(alt_do_dtors.o)
                0x02801530                _do_dtors
 .text          0x02801594        0x0 ../123_bsp/\libhal_bsp.a(alt_errno.o)
 .text          0x02801594       0x1c ../123_bsp/\libhal_bsp.a(alt_icache_flush_all.o)
                0x02801594                alt_icache_flush_all
 .text          0x028015b0      0x1d4 ../123_bsp/\libhal_bsp.a(alt_iic.o)
                0x028015b0                alt_ic_isr_register
                0x02801600                alt_ic_irq_enable
                0x0280169c                alt_ic_irq_disable
                0x0280173c                alt_ic_irq_enabled
 .text          0x02801784       0xf8 ../123_bsp/\libhal_bsp.a(alt_iic_isr_register.o)
                0x02801784                alt_iic_isr_register
 .text          0x0280187c        0x0 ../123_bsp/\libhal_bsp.a(alt_irq_entry.o)
 .text          0x0280187c        0x0 ../123_bsp/\libhal_bsp.a(alt_irq_handler.o)
 .text          0x0280187c        0x0 ../123_bsp/\libhal_bsp.a(alt_irq_vars.o)
 .text          0x0280187c       0x78 ../123_bsp/\libhal_bsp.a(alt_release_fd.o)
                0x0280187c                alt_release_fd
 .text          0x028018f4      0x1a4 ../123_bsp/\libhal_bsp.a(alt_tick.o)
                0x028018f4                alt_alarm_stop
                0x0280198c                alt_tick
 .text          0x02801a98       0x20 ../123_bsp/\libhal_bsp.a(altera_nios2_qsys_irq.o)
                0x02801a98                altera_nios2_qsys_irq_init
 .text          0x02801ab8        0x0 ../123_bsp/\libhal_bsp.a(alt_exception_entry.o)
 .text          0x02801ab8       0x14 c:/altera/13.0sp1/nios2eds/bin/gnu/h-i686-mingw32/bin/../lib/gcc/nios2-elf/4.1.2/../../../../nios2-elf/lib/mno-hw-mul\libc.a(lib_a-atexit.o)
                0x02801ab8                atexit
 .text          0x02801acc       0x38 c:/altera/13.0sp1/nios2eds/bin/gnu/h-i686-mingw32/bin/../lib/gcc/nios2-elf/4.1.2/../../../../nios2-elf/lib/mno-hw-mul\libc.a(lib_a-exit.o)
                0x02801acc                exit
 .text          0x02801b04        0x0 c:/altera/13.0sp1/nios2eds/bin/gnu/h-i686-mingw32/bin/../lib/gcc/nios2-elf/4.1.2/../../../../nios2-elf/lib/mno-hw-mul\libc.a(lib_a-impure.o)
 .text          0x02801b04        0x0 c:/altera/13.0sp1/nios2eds/bin/gnu/h-i686-mingw32/bin/../lib/gcc/nios2-elf/4.1.2/../../../../nios2-elf/lib/mno-hw-mul\libc.a(lib_a-int_errno.o)
 .text          0x02801b04       0xa0 c:/altera/13.0sp1/nios2eds/bin/gnu/h-i686-mingw32/bin/../lib/gcc/nios2-elf/4.1.2/../../../../nios2-elf/lib/mno-hw-mul\libc.a(lib_a-memcpy.o)
                0x02801b04                memcpy
 .text          0x02801ba4      0x134 c:/altera/13.0sp1/nios2eds/bin/gnu/h-i686-mingw32/bin/../lib/gcc/nios2-elf/4.1.2/../../../../nios2-elf/lib/mno-hw-mul\libc.a(lib_a-__atexit.o)
                0x02801ba4                __register_exitproc
 .text          0x02801cd8      0x1b4 c:/altera/13.0sp1/nios2eds/bin/gnu/h-i686-mingw32/bin/../lib/gcc/nios2-elf/4.1.2/../../../../nios2-elf/lib/mno-hw-mul\libc.a(lib_a-__call_atexit.o)
                0x02801cdc                __call_exitprocs
 .text          0x02801e8c      0x14c c:/altera/13.0sp1/nios2eds/bin/gnu/h-i686-mingw32/bin/../lib/gcc/nios2-elf/4.1.2/mno-hw-mul\libgcc.a(lib2-divmod.o)
                0x02801f08                __divsi3
                0x02801f68                __modsi3
                0x02801fc8                __udivsi3
                0x02801fd0                __umodsi3
 .text          0x02801fd8       0x38 c:/altera/13.0sp1/nios2eds/bin/gnu/h-i686-mingw32/bin/../lib/gcc/nios2-elf/4.1.2/mno-hw-mul\libgcc.a(lib2-mul.o)
                0x02801fd8                __mulsi3
 .text          0x02802010       0x60 ../123_bsp/\libhal_bsp.a(alt_exit.o)
                0x02802050                _exit
 *(.gnu.warning.*)
 *(.fini)
                0x02802070                PROVIDE (__etext, ABSOLUTE (.))
                0x02802070                PROVIDE (_etext, ABSOLUTE (.))
                0x02802070                PROVIDE (etext, ABSOLUTE (.))
 *(.eh_frame_hdr)
                0x02802070                . = ALIGN (0x4)
                0x02802070                PROVIDE (__preinit_array_start, ABSOLUTE (.))
 *(.preinit_array)
                0x02802070                PROVIDE (__preinit_array_end, ABSOLUTE (.))
                0x02802070                PROVIDE (__init_array_start, ABSOLUTE (.))
 *(.init_array)
                0x02802070                PROVIDE (__init_array_end, ABSOLUTE (.))
                0x02802070                PROVIDE (__fini_array_start, ABSOLUTE (.))
 *(.fini_array)
                0x02802070                PROVIDE (__fini_array_end, ABSOLUTE (.))
 *(.eh_frame)
 *(.gcc_except_table)
 *(.dynamic)
                0x02802070                PROVIDE (__CTOR_LIST__, ABSOLUTE (.))
 *(.ctors)
 *(SORT(.ctors.*))
 .ctors.65535   0x02802070        0x4 c:/altera/13.0sp1/nios2eds/bin/gnu/h-i686-mingw32/bin/../lib/gcc/nios2-elf/4.1.2/../../../../nios2-elf/lib/mno-hw-mul\libc.a(lib_a-__call_atexit.o)
                0x02802074                PROVIDE (__CTOR_END__, ABSOLUTE (.))
                0x02802074                PROVIDE (__DTOR_LIST__, ABSOLUTE (.))
 *(.dtors)
 *(SORT(.dtors.*))
                0x02802074                PROVIDE (__DTOR_END__, ABSOLUTE (.))
 *(.jcr)
                0x02802074                . = ALIGN (0x4)

.rodata         0x02802074       0x20
                0x02802074                PROVIDE (__ram_rodata_start, ABSOLUTE (.))
                0x02802074                . = ALIGN (0x4)
 *(.rodata .rodata.* .gnu.linkonce.r.*)
 .rodata        0x02802074       0x10 ../123_bsp/\libhal_bsp.a(alt_sys_init.o)
 .rodata        0x02802084        0xc ../123_bsp/\libhal_bsp.a(alt_dev.o)
 .rodata.str1.4
                0x02802090        0x4 c:/altera/13.0sp1/nios2eds/bin/gnu/h-i686-mingw32/bin/../lib/gcc/nios2-elf/4.1.2/../../../../nios2-elf/lib/mno-hw-mul\libc.a(lib_a-impure.o)
 *(.rodata1)
                0x02802094                . = ALIGN (0x4)
                0x02802094                PROVIDE (__ram_rodata_end, ABSOLUTE (.))
                0x02802074                PROVIDE (__flash_rodata_start, LOADADDR (.rodata))

.rwdata         0x02802094     0x1634 load address 0x028036c8
                0x02802094                PROVIDE (__ram_rwdata_start, ABSOLUTE (.))
                0x02802094                . = ALIGN (0x4)
 *(.got.plt)
 *(.got)
 *(.data1)
 *(.data .data.* .gnu.linkonce.d.*)
 .data          0x02802094        0x0 ../123_bsp//obj/HAL/src/crt0.o
 .data          0x02802094        0x0 obj/default/hello_world.o
 .data          0x02802094        0x0 ../123_bsp/\libhal_bsp.a(alt_load.o)
 .data          0x02802094        0x0 ../123_bsp/\libhal_bsp.a(alt_main.o)
 .data          0x02802094        0x0 ../123_bsp/\libhal_bsp.a(alt_usleep.o)
 .data          0x02802094     0x1060 ../123_bsp/\libhal_bsp.a(alt_sys_init.o)
 .data          0x028030f4        0x0 ../123_bsp/\libhal_bsp.a(altera_avalon_jtag_uart_fd.o)
 .data          0x028030f4        0x0 ../123_bsp/\libhal_bsp.a(altera_avalon_jtag_uart_init.o)
 .data          0x028030f4        0x0 ../123_bsp/\libhal_bsp.a(altera_avalon_jtag_uart_ioctl.o)
 .data          0x028030f4        0x0 ../123_bsp/\libhal_bsp.a(altera_avalon_jtag_uart_read.o)
 .data          0x028030f4        0x0 ../123_bsp/\libhal_bsp.a(altera_avalon_jtag_uart_write.o)
 .data          0x028030f4        0x0 ../123_bsp/\libhal_bsp.a(alt_alarm_start.o)
 .data          0x028030f4        0x0 ../123_bsp/\libhal_bsp.a(alt_busy_sleep.o)
 .data          0x028030f4        0x0 ../123_bsp/\libhal_bsp.a(alt_close.o)
 .data          0x028030f4        0x0 ../123_bsp/\libhal_bsp.a(alt_dcache_flush_all.o)
 .data          0x028030f4      0x1a8 ../123_bsp/\libhal_bsp.a(alt_dev.o)
                0x028030f4                alt_dev_null
                0x0280311c                alt_fd_list
 .data          0x0280329c        0x0 ../123_bsp/\libhal_bsp.a(alt_dev_llist_insert.o)
 .data          0x0280329c        0x0 ../123_bsp/\libhal_bsp.a(alt_do_ctors.o)
 .data          0x0280329c        0x0 ../123_bsp/\libhal_bsp.a(alt_do_dtors.o)
 .data          0x0280329c        0x0 ../123_bsp/\libhal_bsp.a(alt_errno.o)
 .data          0x0280329c        0x0 ../123_bsp/\libhal_bsp.a(alt_icache_flush_all.o)
 .data          0x0280329c        0x0 ../123_bsp/\libhal_bsp.a(alt_iic.o)
 .data          0x0280329c        0x0 ../123_bsp/\libhal_bsp.a(alt_iic_isr_register.o)
 .data          0x0280329c        0x0 ../123_bsp/\libhal_bsp.a(alt_irq_entry.o)
 .data          0x0280329c        0x0 ../123_bsp/\libhal_bsp.a(alt_irq_handler.o)
 .data          0x0280329c        0x0 ../123_bsp/\libhal_bsp.a(alt_irq_vars.o)
 .data          0x0280329c        0x0 ../123_bsp/\libhal_bsp.a(alt_release_fd.o)
 .data          0x0280329c        0x0 ../123_bsp/\libhal_bsp.a(alt_tick.o)
 .data          0x0280329c        0x0 ../123_bsp/\libhal_bsp.a(altera_nios2_qsys_irq.o)
 .data          0x0280329c        0x0 ../123_bsp/\libhal_bsp.a(alt_exception_entry.o)
 .data          0x0280329c        0x0 c:/altera/13.0sp1/nios2eds/bin/gnu/h-i686-mingw32/bin/../lib/gcc/nios2-elf/4.1.2/../../../../nios2-elf/lib/mno-hw-mul\libc.a(lib_a-atexit.o)
 .data          0x0280329c        0x0 c:/altera/13.0sp1/nios2eds/bin/gnu/h-i686-mingw32/bin/../lib/gcc/nios2-elf/4.1.2/../../../../nios2-elf/lib/mno-hw-mul\libc.a(lib_a-exit.o)
 .data          0x0280329c      0x400 c:/altera/13.0sp1/nios2eds/bin/gnu/h-i686-mingw32/bin/../lib/gcc/nios2-elf/4.1.2/../../../../nios2-elf/lib/mno-hw-mul\libc.a(lib_a-impure.o)
 .data          0x0280369c        0x0 c:/altera/13.0sp1/nios2eds/bin/gnu/h-i686-mingw32/bin/../lib/gcc/nios2-elf/4.1.2/../../../../nios2-elf/lib/mno-hw-mul\libc.a(lib_a-int_errno.o)
 .data          0x0280369c        0x0 c:/altera/13.0sp1/nios2eds/bin/gnu/h-i686-mingw32/bin/../lib/gcc/nios2-elf/4.1.2/../../../../nios2-elf/lib/mno-hw-mul\libc.a(lib_a-memcpy.o)
 .data          0x0280369c        0x0 c:/altera/13.0sp1/nios2eds/bin/gnu/h-i686-mingw32/bin/../lib/gcc/nios2-elf/4.1.2/../../../../nios2-elf/lib/mno-hw-mul\libc.a(lib_a-__atexit.o)
 .data          0x0280369c        0x0 c:/altera/13.0sp1/nios2eds/bin/gnu/h-i686-mingw32/bin/../lib/gcc/nios2-elf/4.1.2/../../../../nios2-elf/lib/mno-hw-mul\libc.a(lib_a-__call_atexit.o)
 .data          0x0280369c        0x0 c:/altera/13.0sp1/nios2eds/bin/gnu/h-i686-mingw32/bin/../lib/gcc/nios2-elf/4.1.2/mno-hw-mul\libgcc.a(lib2-divmod.o)
 .data          0x0280369c        0x0 c:/altera/13.0sp1/nios2eds/bin/gnu/h-i686-mingw32/bin/../lib/gcc/nios2-elf/4.1.2/mno-hw-mul\libgcc.a(lib2-mul.o)
 .data          0x0280369c        0x0 ../123_bsp/\libhal_bsp.a(alt_exit.o)
                0x0280b69c                _gp = ABSOLUTE ((. + 0x8000))
                0x0280b69c                PROVIDE (gp, _gp)
 *(.rwdata .rwdata.*)
 *(.sdata .sdata.* .gnu.linkonce.s.*)
 .sdata         0x0280369c       0x14 ../123_bsp/\libhal_bsp.a(alt_dev.o)
                0x0280369c                alt_fs_list
                0x028036a4                alt_dev_list
                0x028036ac                alt_max_fd
 .sdata         0x028036b0        0x4 ../123_bsp/\libhal_bsp.a(alt_errno.o)
                0x028036b0                alt_errno
 .sdata         0x028036b4        0x4 ../123_bsp/\libhal_bsp.a(alt_irq_vars.o)
                0x028036b4                alt_priority_mask
 .sdata         0x028036b8        0x8 ../123_bsp/\libhal_bsp.a(alt_tick.o)
                0x028036b8                alt_alarm_list
 .sdata         0x028036c0        0x8 c:/altera/13.0sp1/nios2eds/bin/gnu/h-i686-mingw32/bin/../lib/gcc/nios2-elf/4.1.2/../../../../nios2-elf/lib/mno-hw-mul\libc.a(lib_a-impure.o)
                0x028036c0                _impure_ptr
                0x028036c4                _global_impure_ptr
 *(.sdata2 .sdata2.* .gnu.linkonce.s2.*)
                0x028036c8                . = ALIGN (0x4)
                0x028036c8                _edata = ABSOLUTE (.)
                0x028036c8                PROVIDE (edata, ABSOLUTE (.))
                0x028036c8                PROVIDE (__ram_rwdata_end, ABSOLUTE (.))
                0x028036c8                PROVIDE (__flash_rwdata_start, LOADADDR (.rwdata))

.bss            0x02804cfc      0x2ac
                0x02804cfc                __bss_start = ABSOLUTE (.)
                0x02804cfc                PROVIDE (__sbss_start, ABSOLUTE (.))
                0x02804cfc                PROVIDE (___sbss_start, ABSOLUTE (.))
 *(.dynsbss)
 *(.sbss .sbss.* .gnu.linkonce.sb.*)
 .sbss          0x02804cfc        0xc ../123_bsp/\libhal_bsp.a(alt_main.o)
                0x02804cfc                alt_argc
                0x02804d00                alt_argv
                0x02804d04                alt_envp
 .sbss          0x02804d08        0x4 ../123_bsp/\libhal_bsp.a(alt_irq_vars.o)
                0x02804d08                alt_irq_active
 .sbss          0x02804d0c        0x8 ../123_bsp/\libhal_bsp.a(alt_tick.o)
                0x02804d0c                _alt_tick_rate
                0x02804d10                _alt_nticks
 .sbss          0x02804d14        0x4 c:/altera/13.0sp1/nios2eds/bin/gnu/h-i686-mingw32/bin/../lib/gcc/nios2-elf/4.1.2/../../../../nios2-elf/lib/mno-hw-mul\libc.a(lib_a-int_errno.o)
                0x02804d14                errno
 *(.sbss2 .sbss2.* .gnu.linkonce.sb2.*)
 *(.scommon)
                0x02804d18                PROVIDE (__sbss_end, ABSOLUTE (.))
                0x02804d18                PROVIDE (___sbss_end, ABSOLUTE (.))
 *(.dynbss)
 *(.bss .bss.* .gnu.linkonce.b.*)
 .bss           0x02804d18        0x0 ../123_bsp//obj/HAL/src/crt0.o
 .bss           0x02804d18        0x0 obj/default/hello_world.o
 .bss           0x02804d18        0x0 ../123_bsp/\libhal_bsp.a(alt_load.o)
 .bss           0x02804d18        0x0 ../123_bsp/\libhal_bsp.a(alt_main.o)
 .bss           0x02804d18        0x0 ../123_bsp/\libhal_bsp.a(alt_usleep.o)
 .bss           0x02804d18        0x0 ../123_bsp/\libhal_bsp.a(alt_sys_init.o)
 .bss           0x02804d18        0x0 ../123_bsp/\libhal_bsp.a(altera_avalon_jtag_uart_fd.o)
 .bss           0x02804d18        0x0 ../123_bsp/\libhal_bsp.a(altera_avalon_jtag_uart_init.o)
 .bss           0x02804d18        0x0 ../123_bsp/\libhal_bsp.a(altera_avalon_jtag_uart_ioctl.o)
 .bss           0x02804d18        0x0 ../123_bsp/\libhal_bsp.a(altera_avalon_jtag_uart_read.o)
 .bss           0x02804d18        0x0 ../123_bsp/\libhal_bsp.a(altera_avalon_jtag_uart_write.o)
 .bss           0x02804d18        0x0 ../123_bsp/\libhal_bsp.a(alt_alarm_start.o)
 .bss           0x02804d18        0x0 ../123_bsp/\libhal_bsp.a(alt_busy_sleep.o)
 .bss           0x02804d18        0x0 ../123_bsp/\libhal_bsp.a(alt_close.o)
 .bss           0x02804d18        0x0 ../123_bsp/\libhal_bsp.a(alt_dcache_flush_all.o)
 .bss           0x02804d18        0x0 ../123_bsp/\libhal_bsp.a(alt_dev.o)
 .bss           0x02804d18        0x0 ../123_bsp/\libhal_bsp.a(alt_dev_llist_insert.o)
 .bss           0x02804d18        0x0 ../123_bsp/\libhal_bsp.a(alt_do_ctors.o)
 .bss           0x02804d18        0x0 ../123_bsp/\libhal_bsp.a(alt_do_dtors.o)
 .bss           0x02804d18        0x0 ../123_bsp/\libhal_bsp.a(alt_errno.o)
 .bss           0x02804d18        0x0 ../123_bsp/\libhal_bsp.a(alt_icache_flush_all.o)
 .bss           0x02804d18        0x0 ../123_bsp/\libhal_bsp.a(alt_iic.o)
 .bss           0x02804d18        0x0 ../123_bsp/\libhal_bsp.a(alt_iic_isr_register.o)
 .bss           0x02804d18        0x0 ../123_bsp/\libhal_bsp.a(alt_irq_entry.o)
 .bss           0x02804d18        0x0 ../123_bsp/\libhal_bsp.a(alt_irq_handler.o)
 .bss           0x02804d18        0x0 ../123_bsp/\libhal_bsp.a(alt_irq_vars.o)
 .bss           0x02804d18        0x0 ../123_bsp/\libhal_bsp.a(alt_release_fd.o)
 .bss           0x02804d18        0x0 ../123_bsp/\libhal_bsp.a(alt_tick.o)
 .bss           0x02804d18        0x0 ../123_bsp/\libhal_bsp.a(altera_nios2_qsys_irq.o)
 .bss           0x02804d18        0x0 ../123_bsp/\libhal_bsp.a(alt_exception_entry.o)
 .bss           0x02804d18        0x0 c:/altera/13.0sp1/nios2eds/bin/gnu/h-i686-mingw32/bin/../lib/gcc/nios2-elf/4.1.2/../../../../nios2-elf/lib/mno-hw-mul\libc.a(lib_a-atexit.o)
 .bss           0x02804d18        0x0 c:/altera/13.0sp1/nios2eds/bin/gnu/h-i686-mingw32/bin/../lib/gcc/nios2-elf/4.1.2/../../../../nios2-elf/lib/mno-hw-mul\libc.a(lib_a-exit.o)
 .bss           0x02804d18        0x0 c:/altera/13.0sp1/nios2eds/bin/gnu/h-i686-mingw32/bin/../lib/gcc/nios2-elf/4.1.2/../../../../nios2-elf/lib/mno-hw-mul\libc.a(lib_a-impure.o)
 .bss           0x02804d18        0x0 c:/altera/13.0sp1/nios2eds/bin/gnu/h-i686-mingw32/bin/../lib/gcc/nios2-elf/4.1.2/../../../../nios2-elf/lib/mno-hw-mul\libc.a(lib_a-int_errno.o)
 .bss           0x02804d18        0x0 c:/altera/13.0sp1/nios2eds/bin/gnu/h-i686-mingw32/bin/../lib/gcc/nios2-elf/4.1.2/../../../../nios2-elf/lib/mno-hw-mul\libc.a(lib_a-memcpy.o)
 .bss           0x02804d18        0x0 c:/altera/13.0sp1/nios2eds/bin/gnu/h-i686-mingw32/bin/../lib/gcc/nios2-elf/4.1.2/../../../../nios2-elf/lib/mno-hw-mul\libc.a(lib_a-__atexit.o)
 .bss           0x02804d18        0x0 c:/altera/13.0sp1/nios2eds/bin/gnu/h-i686-mingw32/bin/../lib/gcc/nios2-elf/4.1.2/../../../../nios2-elf/lib/mno-hw-mul\libc.a(lib_a-__call_atexit.o)
 .bss           0x02804d18        0x0 c:/altera/13.0sp1/nios2eds/bin/gnu/h-i686-mingw32/bin/../lib/gcc/nios2-elf/4.1.2/mno-hw-mul\libgcc.a(lib2-divmod.o)
 .bss           0x02804d18        0x0 c:/altera/13.0sp1/nios2eds/bin/gnu/h-i686-mingw32/bin/../lib/gcc/nios2-elf/4.1.2/mno-hw-mul\libgcc.a(lib2-mul.o)
 .bss           0x02804d18        0x0 ../123_bsp/\libhal_bsp.a(alt_exit.o)
 *(COMMON)
 COMMON         0x02804d18      0x100 ../123_bsp/\libhal_bsp.a(alt_irq_handler.o)
                0x02804d18                alt_irq
 COMMON         0x02804e18      0x190 c:/altera/13.0sp1/nios2eds/bin/gnu/h-i686-mingw32/bin/../lib/gcc/nios2-elf/4.1.2/../../../../nios2-elf/lib/mno-hw-mul\libc.a(lib_a-atexit.o)
                0x02804e18                _atexit0
                0x02804fa8                . = ALIGN (0x4)
                0x02804fa8                __bss_end = ABSOLUTE (.)

.sdram_ctrl     0x02804fa8        0x0
                0x02804fa8                PROVIDE (_alt_partition_sdram_ctrl_start, ABSOLUTE (.))
 *(.sdram_ctrl. sdram_ctrl.*)
                0x02804fa8                . = ALIGN (0x4)
                0x02804fa8                PROVIDE (_alt_partition_sdram_ctrl_end, ABSOLUTE (.))
                0x02804fa8                _end = ABSOLUTE (.)
                0x02804fa8                end = ABSOLUTE (.)
                0x02804fa8                __alt_stack_base = ABSOLUTE (.)
                0x02804fa8                PROVIDE (_alt_partition_sdram_ctrl_load_addr, LOADADDR (.sdram_ctrl))

.stab
 *(.stab)

.stabstr
 *(.stabstr)

.stab.excl
 *(.stab.excl)

.stab.exclstr
 *(.stab.exclstr)

.stab.index
 *(.stab.index)

.stab.indexstr
 *(.stab.indexstr)

.comment        0x00000000       0x26
 *(.comment)
 .comment       0x00000000       0x26 obj/default/hello_world.o
                                 0x27 (size before relaxing)
 .comment       0x00000000       0x27 ../123_bsp/\libhal_bsp.a(alt_load.o)
 .comment       0x00000000       0x27 ../123_bsp/\libhal_bsp.a(alt_main.o)
 .comment       0x00000000       0x27 ../123_bsp/\libhal_bsp.a(alt_usleep.o)
 .comment       0x00000000       0x27 ../123_bsp/\libhal_bsp.a(alt_sys_init.o)
 .comment       0x00000000       0x27 ../123_bsp/\libhal_bsp.a(altera_avalon_jtag_uart_fd.o)
 .comment       0x00000000       0x27 ../123_bsp/\libhal_bsp.a(altera_avalon_jtag_uart_init.o)
 .comment       0x00000000       0x27 ../123_bsp/\libhal_bsp.a(altera_avalon_jtag_uart_ioctl.o)
 .comment       0x00000000       0x27 ../123_bsp/\libhal_bsp.a(altera_avalon_jtag_uart_read.o)
 .comment       0x00000000       0x27 ../123_bsp/\libhal_bsp.a(altera_avalon_jtag_uart_write.o)
 .comment       0x00000000       0x27 ../123_bsp/\libhal_bsp.a(alt_alarm_start.o)
 .comment       0x00000000       0x27 ../123_bsp/\libhal_bsp.a(alt_busy_sleep.o)
 .comment       0x00000000       0x27 ../123_bsp/\libhal_bsp.a(alt_close.o)
 .comment       0x00000000       0x27 ../123_bsp/\libhal_bsp.a(alt_dcache_flush_all.o)
 .comment       0x00000000       0x27 ../123_bsp/\libhal_bsp.a(alt_dev.o)
 .comment       0x00000000       0x27 ../123_bsp/\libhal_bsp.a(alt_dev_llist_insert.o)
 .comment       0x00000000       0x27 ../123_bsp/\libhal_bsp.a(alt_do_ctors.o)
 .comment       0x00000000       0x27 ../123_bsp/\libhal_bsp.a(alt_do_dtors.o)
 .comment       0x00000000       0x27 ../123_bsp/\libhal_bsp.a(alt_errno.o)
 .comment       0x00000000       0x27 ../123_bsp/\libhal_bsp.a(alt_icache_flush_all.o)
 .comment       0x00000000       0x27 ../123_bsp/\libhal_bsp.a(alt_iic.o)
 .comment       0x00000000       0x27 ../123_bsp/\libhal_bsp.a(alt_iic_isr_register.o)
 .comment       0x00000000       0x27 ../123_bsp/\libhal_bsp.a(alt_irq_handler.o)
 .comment       0x00000000       0x27 ../123_bsp/\libhal_bsp.a(alt_irq_vars.o)
 .comment       0x00000000       0x27 ../123_bsp/\libhal_bsp.a(alt_release_fd.o)
 .comment       0x00000000       0x27 ../123_bsp/\libhal_bsp.a(alt_tick.o)
 .comment       0x00000000       0x27 ../123_bsp/\libhal_bsp.a(altera_nios2_qsys_irq.o)
 .comment       0x00000000       0x27 c:/altera/13.0sp1/nios2eds/bin/gnu/h-i686-mingw32/bin/../lib/gcc/nios2-elf/4.1.2/../../../../nios2-elf/lib/mno-hw-mul\libc.a(lib_a-atexit.o)
 .comment       0x00000000       0x27 c:/altera/13.0sp1/nios2eds/bin/gnu/h-i686-mingw32/bin/../lib/gcc/nios2-elf/4.1.2/../../../../nios2-elf/lib/mno-hw-mul\libc.a(lib_a-exit.o)
 .comment       0x00000000       0x27 c:/altera/13.0sp1/nios2eds/bin/gnu/h-i686-mingw32/bin/../lib/gcc/nios2-elf/4.1.2/../../../../nios2-elf/lib/mno-hw-mul\libc.a(lib_a-impure.o)
 .comment       0x00000000       0x27 c:/altera/13.0sp1/nios2eds/bin/gnu/h-i686-mingw32/bin/../lib/gcc/nios2-elf/4.1.2/../../../../nios2-elf/lib/mno-hw-mul\libc.a(lib_a-int_errno.o)
 .comment       0x00000000       0x27 c:/altera/13.0sp1/nios2eds/bin/gnu/h-i686-mingw32/bin/../lib/gcc/nios2-elf/4.1.2/../../../../nios2-elf/lib/mno-hw-mul\libc.a(lib_a-memcpy.o)
 .comment       0x00000000       0x27 c:/altera/13.0sp1/nios2eds/bin/gnu/h-i686-mingw32/bin/../lib/gcc/nios2-elf/4.1.2/../../../../nios2-elf/lib/mno-hw-mul\libc.a(lib_a-__atexit.o)
 .comment       0x00000000       0x27 c:/altera/13.0sp1/nios2eds/bin/gnu/h-i686-mingw32/bin/../lib/gcc/nios2-elf/4.1.2/../../../../nios2-elf/lib/mno-hw-mul\libc.a(lib_a-__call_atexit.o)
 .comment       0x00000000       0x27 c:/altera/13.0sp1/nios2eds/bin/gnu/h-i686-mingw32/bin/../lib/gcc/nios2-elf/4.1.2/mno-hw-mul\libgcc.a(lib2-divmod.o)
 .comment       0x00000000       0x27 c:/altera/13.0sp1/nios2eds/bin/gnu/h-i686-mingw32/bin/../lib/gcc/nios2-elf/4.1.2/mno-hw-mul\libgcc.a(lib2-mul.o)
 .comment       0x00000000       0x27 ../123_bsp/\libhal_bsp.a(alt_exit.o)

.debug
 *(.debug)

.line
 *(.line)

.debug_srcinfo
 *(.debug_srcinfo)

.debug_sfnames
 *(.debug_sfnames)

.debug_aranges  0x00000000      0x4b8
 *(.debug_aranges)
 .debug_aranges
                0x00000000       0x28 ../123_bsp//obj/HAL/src/crt0.o
 .debug_aranges
                0x00000028       0x20 obj/default/hello_world.o
 .debug_aranges
                0x00000048       0x20 ../123_bsp/\libhal_bsp.a(alt_load.o)
 .debug_aranges
                0x00000068       0x20 ../123_bsp/\libhal_bsp.a(alt_main.o)
 .debug_aranges
                0x00000088       0x20 ../123_bsp/\libhal_bsp.a(alt_usleep.o)
 .debug_aranges
                0x000000a8       0x20 ../123_bsp/\libhal_bsp.a(alt_sys_init.o)
 .debug_aranges
                0x000000c8       0x20 ../123_bsp/\libhal_bsp.a(altera_avalon_jtag_uart_fd.o)
 .debug_aranges
                0x000000e8       0x20 ../123_bsp/\libhal_bsp.a(altera_avalon_jtag_uart_init.o)
 .debug_aranges
                0x00000108       0x20 ../123_bsp/\libhal_bsp.a(altera_avalon_jtag_uart_ioctl.o)
 .debug_aranges
                0x00000128       0x20 ../123_bsp/\libhal_bsp.a(altera_avalon_jtag_uart_read.o)
 .debug_aranges
                0x00000148       0x20 ../123_bsp/\libhal_bsp.a(altera_avalon_jtag_uart_write.o)
 .debug_aranges
                0x00000168       0x20 ../123_bsp/\libhal_bsp.a(alt_alarm_start.o)
 .debug_aranges
                0x00000188       0x20 ../123_bsp/\libhal_bsp.a(alt_busy_sleep.o)
 .debug_aranges
                0x000001a8       0x20 ../123_bsp/\libhal_bsp.a(alt_close.o)
 .debug_aranges
                0x000001c8       0x20 ../123_bsp/\libhal_bsp.a(alt_dcache_flush_all.o)
 .debug_aranges
                0x000001e8       0x20 ../123_bsp/\libhal_bsp.a(alt_dev.o)
 .debug_aranges
                0x00000208       0x20 ../123_bsp/\libhal_bsp.a(alt_dev_llist_insert.o)
 .debug_aranges
                0x00000228       0x20 ../123_bsp/\libhal_bsp.a(alt_do_ctors.o)
 .debug_aranges
                0x00000248       0x20 ../123_bsp/\libhal_bsp.a(alt_do_dtors.o)
 .debug_aranges
                0x00000268       0x20 ../123_bsp/\libhal_bsp.a(alt_icache_flush_all.o)
 .debug_aranges
                0x00000288       0x20 ../123_bsp/\libhal_bsp.a(alt_iic.o)
 .debug_aranges
                0x000002a8       0x20 ../123_bsp/\libhal_bsp.a(alt_iic_isr_register.o)
 .debug_aranges
                0x000002c8       0x30 ../123_bsp/\libhal_bsp.a(alt_irq_entry.o)
 .debug_aranges
                0x000002f8       0x28 ../123_bsp/\libhal_bsp.a(alt_irq_handler.o)
 .debug_aranges
                0x00000320       0x20 ../123_bsp/\libhal_bsp.a(alt_release_fd.o)
 .debug_aranges
                0x00000340       0x20 ../123_bsp/\libhal_bsp.a(alt_tick.o)
 .debug_aranges
                0x00000360       0x20 ../123_bsp/\libhal_bsp.a(altera_nios2_qsys_irq.o)
 .debug_aranges
                0x00000380       0x38 ../123_bsp/\libhal_bsp.a(alt_exception_entry.o)
 .debug_aranges
                0x000003b8       0x20 c:/altera/13.0sp1/nios2eds/bin/gnu/h-i686-mingw32/bin/../lib/gcc/nios2-elf/4.1.2/../../../../nios2-elf/lib/mno-hw-mul\libc.a(lib_a-atexit.o)
 .debug_aranges
                0x000003d8       0x20 c:/altera/13.0sp1/nios2eds/bin/gnu/h-i686-mingw32/bin/../lib/gcc/nios2-elf/4.1.2/../../../../nios2-elf/lib/mno-hw-mul\libc.a(lib_a-exit.o)
 .debug_aranges
                0x000003f8       0x20 c:/altera/13.0sp1/nios2eds/bin/gnu/h-i686-mingw32/bin/../lib/gcc/nios2-elf/4.1.2/../../../../nios2-elf/lib/mno-hw-mul\libc.a(lib_a-memcpy.o)
 .debug_aranges
                0x00000418       0x20 c:/altera/13.0sp1/nios2eds/bin/gnu/h-i686-mingw32/bin/../lib/gcc/nios2-elf/4.1.2/../../../../nios2-elf/lib/mno-hw-mul\libc.a(lib_a-__atexit.o)
 .debug_aranges
                0x00000438       0x20 c:/altera/13.0sp1/nios2eds/bin/gnu/h-i686-mingw32/bin/../lib/gcc/nios2-elf/4.1.2/../../../../nios2-elf/lib/mno-hw-mul\libc.a(lib_a-__call_atexit.o)
 .debug_aranges
                0x00000458       0x20 c:/altera/13.0sp1/nios2eds/bin/gnu/h-i686-mingw32/bin/../lib/gcc/nios2-elf/4.1.2/mno-hw-mul\libgcc.a(lib2-divmod.o)
 .debug_aranges
                0x00000478       0x20 c:/altera/13.0sp1/nios2eds/bin/gnu/h-i686-mingw32/bin/../lib/gcc/nios2-elf/4.1.2/mno-hw-mul\libgcc.a(lib2-mul.o)
 .debug_aranges
                0x00000498       0x20 ../123_bsp/\libhal_bsp.a(alt_exit.o)

.debug_pubnames
                0x00000000      0x760
 *(.debug_pubnames)
 .debug_pubnames
                0x00000000       0x1b obj/default/hello_world.o
 .debug_pubnames
                0x0000001b       0x1f ../123_bsp/\libhal_bsp.a(alt_load.o)
 .debug_pubnames
                0x0000003a       0x46 ../123_bsp/\libhal_bsp.a(alt_main.o)
 .debug_pubnames
                0x00000080       0x1d ../123_bsp/\libhal_bsp.a(alt_usleep.o)
 .debug_pubnames
                0x0000009d       0x34 ../123_bsp/\libhal_bsp.a(alt_sys_init.o)
 .debug_pubnames
                0x000000d1       0xa5 ../123_bsp/\libhal_bsp.a(altera_avalon_jtag_uart_fd.o)
 .debug_pubnames
                0x00000176       0x55 ../123_bsp/\libhal_bsp.a(altera_avalon_jtag_uart_init.o)
 .debug_pubnames
                0x000001cb       0x34 ../123_bsp/\libhal_bsp.a(altera_avalon_jtag_uart_ioctl.o)
 .debug_pubnames
                0x000001ff       0x33 ../123_bsp/\libhal_bsp.a(altera_avalon_jtag_uart_read.o)
 .debug_pubnames
                0x00000232       0x34 ../123_bsp/\libhal_bsp.a(altera_avalon_jtag_uart_write.o)
 .debug_pubnames
                0x00000266       0x26 ../123_bsp/\libhal_bsp.a(alt_alarm_start.o)
 .debug_pubnames
                0x0000028c       0x25 ../123_bsp/\libhal_bsp.a(alt_busy_sleep.o)
 .debug_pubnames
                0x000002b1       0x1c ../123_bsp/\libhal_bsp.a(alt_close.o)
 .debug_pubnames
                0x000002cd       0x2b ../123_bsp/\libhal_bsp.a(alt_dcache_flush_all.o)
 .debug_pubnames
                0x000002f8       0x63 ../123_bsp/\libhal_bsp.a(alt_dev.o)
 .debug_pubnames
                0x0000035b       0x2b ../123_bsp/\libhal_bsp.a(alt_dev_llist_insert.o)
 .debug_pubnames
                0x00000386       0x20 ../123_bsp/\libhal_bsp.a(alt_do_ctors.o)
 .debug_pubnames
                0x000003a6       0x20 ../123_bsp/\libhal_bsp.a(alt_do_dtors.o)
 .debug_pubnames
                0x000003c6       0x20 ../123_bsp/\libhal_bsp.a(alt_errno.o)
 .debug_pubnames
                0x000003e6       0x2b ../123_bsp/\libhal_bsp.a(alt_icache_flush_all.o)
 .debug_pubnames
                0x00000411       0x6e ../123_bsp/\libhal_bsp.a(alt_iic.o)
 .debug_pubnames
                0x0000047f       0x2b ../123_bsp/\libhal_bsp.a(alt_iic_isr_register.o)
 .debug_pubnames
                0x000004aa       0x32 ../123_bsp/\libhal_bsp.a(alt_irq_handler.o)
 .debug_pubnames
                0x000004dc       0x3b ../123_bsp/\libhal_bsp.a(alt_irq_vars.o)
 .debug_pubnames
                0x00000517       0x25 ../123_bsp/\libhal_bsp.a(alt_release_fd.o)
 .debug_pubnames
                0x0000053c       0x68 ../123_bsp/\libhal_bsp.a(alt_tick.o)
 .debug_pubnames
                0x000005a4       0x31 ../123_bsp/\libhal_bsp.a(altera_nios2_qsys_irq.o)
 .debug_pubnames
                0x000005d5       0x2a c:/altera/13.0sp1/nios2eds/bin/gnu/h-i686-mingw32/bin/../lib/gcc/nios2-elf/4.1.2/../../../../nios2-elf/lib/mno-hw-mul\libc.a(lib_a-atexit.o)
 .debug_pubnames
                0x000005ff       0x1b c:/altera/13.0sp1/nios2eds/bin/gnu/h-i686-mingw32/bin/../lib/gcc/nios2-elf/4.1.2/../../../../nios2-elf/lib/mno-hw-mul\libc.a(lib_a-exit.o)
 .debug_pubnames
                0x0000061a       0x39 c:/altera/13.0sp1/nios2eds/bin/gnu/h-i686-mingw32/bin/../lib/gcc/nios2-elf/4.1.2/../../../../nios2-elf/lib/mno-hw-mul\libc.a(lib_a-impure.o)
 .debug_pubnames
                0x00000653       0x1c c:/altera/13.0sp1/nios2eds/bin/gnu/h-i686-mingw32/bin/../lib/gcc/nios2-elf/4.1.2/../../../../nios2-elf/lib/mno-hw-mul\libc.a(lib_a-int_errno.o)
 .debug_pubnames
                0x0000066f       0x1d c:/altera/13.0sp1/nios2eds/bin/gnu/h-i686-mingw32/bin/../lib/gcc/nios2-elf/4.1.2/../../../../nios2-elf/lib/mno-hw-mul\libc.a(lib_a-memcpy.o)
 .debug_pubnames
                0x0000068c       0x2a c:/altera/13.0sp1/nios2eds/bin/gnu/h-i686-mingw32/bin/../lib/gcc/nios2-elf/4.1.2/../../../../nios2-elf/lib/mno-hw-mul\libc.a(lib_a-__atexit.o)
 .debug_pubnames
                0x000006b6       0x27 c:/altera/13.0sp1/nios2eds/bin/gnu/h-i686-mingw32/bin/../lib/gcc/nios2-elf/4.1.2/../../../../nios2-elf/lib/mno-hw-mul\libc.a(lib_a-__call_atexit.o)
 .debug_pubnames
                0x000006dd       0x48 c:/altera/13.0sp1/nios2eds/bin/gnu/h-i686-mingw32/bin/../lib/gcc/nios2-elf/4.1.2/mno-hw-mul\libgcc.a(lib2-divmod.o)
 .debug_pubnames
                0x00000725       0x1f c:/altera/13.0sp1/nios2eds/bin/gnu/h-i686-mingw32/bin/../lib/gcc/nios2-elf/4.1.2/mno-hw-mul\libgcc.a(lib2-mul.o)
 .debug_pubnames
                0x00000744       0x1c ../123_bsp/\libhal_bsp.a(alt_exit.o)

.debug_info     0x00000000     0x85f7
 *(.debug_info .gnu.linkonce.wi.*)
 .debug_info    0x00000000       0x64 ../123_bsp//obj/HAL/src/crt0.o
 .debug_info    0x00000064      0x14d obj/default/hello_world.o
 .debug_info    0x000001b1      0x276 ../123_bsp/\libhal_bsp.a(alt_load.o)
 .debug_info    0x00000427      0x20e ../123_bsp/\libhal_bsp.a(alt_main.o)
 .debug_info    0x00000635      0x151 ../123_bsp/\libhal_bsp.a(alt_usleep.o)
 .debug_info    0x00000786      0x6bf ../123_bsp/\libhal_bsp.a(alt_sys_init.o)
 .debug_info    0x00000e45      0x7c2 ../123_bsp/\libhal_bsp.a(altera_avalon_jtag_uart_fd.o)
 .debug_info    0x00001607      0x5ea ../123_bsp/\libhal_bsp.a(altera_avalon_jtag_uart_init.o)
 .debug_info    0x00001bf1      0x42c ../123_bsp/\libhal_bsp.a(altera_avalon_jtag_uart_ioctl.o)
 .debug_info    0x0000201d      0x52f ../123_bsp/\libhal_bsp.a(altera_avalon_jtag_uart_read.o)
 .debug_info    0x0000254c      0x527 ../123_bsp/\libhal_bsp.a(altera_avalon_jtag_uart_write.o)
 .debug_info    0x00002a73      0x42b ../123_bsp/\libhal_bsp.a(alt_alarm_start.o)
 .debug_info    0x00002e9e      0x194 ../123_bsp/\libhal_bsp.a(alt_busy_sleep.o)
 .debug_info    0x00003032      0x450 ../123_bsp/\libhal_bsp.a(alt_close.o)
 .debug_info    0x00003482      0x145 ../123_bsp/\libhal_bsp.a(alt_dcache_flush_all.o)
 .debug_info    0x000035c7      0x668 ../123_bsp/\libhal_bsp.a(alt_dev.o)
 .debug_info    0x00003c2f      0x2a0 ../123_bsp/\libhal_bsp.a(alt_dev_llist_insert.o)
 .debug_info    0x00003ecf       0xf8 ../123_bsp/\libhal_bsp.a(alt_do_ctors.o)
 .debug_info    0x00003fc7       0xf7 ../123_bsp/\libhal_bsp.a(alt_do_dtors.o)
 .debug_info    0x000040be      0x14d ../123_bsp/\libhal_bsp.a(alt_errno.o)
 .debug_info    0x0000420b      0x145 ../123_bsp/\libhal_bsp.a(alt_icache_flush_all.o)
 .debug_info    0x00004350      0x47c ../123_bsp/\libhal_bsp.a(alt_iic.o)
 .debug_info    0x000047cc      0x2fd ../123_bsp/\libhal_bsp.a(alt_iic_isr_register.o)
 .debug_info    0x00004ac9       0x6d ../123_bsp/\libhal_bsp.a(alt_irq_entry.o)
 .debug_info    0x00004b36      0x25e ../123_bsp/\libhal_bsp.a(alt_irq_handler.o)
 .debug_info    0x00004d94      0x150 ../123_bsp/\libhal_bsp.a(alt_irq_vars.o)
 .debug_info    0x00004ee4      0x3db ../123_bsp/\libhal_bsp.a(alt_release_fd.o)
 .debug_info    0x000052bf      0x3e7 ../123_bsp/\libhal_bsp.a(alt_tick.o)
 .debug_info    0x000056a6      0x14c ../123_bsp/\libhal_bsp.a(altera_nios2_qsys_irq.o)
 .debug_info    0x000057f2       0x73 ../123_bsp/\libhal_bsp.a(alt_exception_entry.o)
 .debug_info    0x00005865      0x181 c:/altera/13.0sp1/nios2eds/bin/gnu/h-i686-mingw32/bin/../lib/gcc/nios2-elf/4.1.2/../../../../nios2-elf/lib/mno-hw-mul\libc.a(lib_a-atexit.o)
 .debug_info    0x000059e6      0x93f c:/altera/13.0sp1/nios2eds/bin/gnu/h-i686-mingw32/bin/../lib/gcc/nios2-elf/4.1.2/../../../../nios2-elf/lib/mno-hw-mul\libc.a(lib_a-exit.o)
 .debug_info    0x00006325      0x93d c:/altera/13.0sp1/nios2eds/bin/gnu/h-i686-mingw32/bin/../lib/gcc/nios2-elf/4.1.2/../../../../nios2-elf/lib/mno-hw-mul\libc.a(lib_a-impure.o)
 .debug_info    0x00006c62       0x8c c:/altera/13.0sp1/nios2eds/bin/gnu/h-i686-mingw32/bin/../lib/gcc/nios2-elf/4.1.2/../../../../nios2-elf/lib/mno-hw-mul\libc.a(lib_a-int_errno.o)
 .debug_info    0x00006cee      0x106 c:/altera/13.0sp1/nios2eds/bin/gnu/h-i686-mingw32/bin/../lib/gcc/nios2-elf/4.1.2/../../../../nios2-elf/lib/mno-hw-mul\libc.a(lib_a-memcpy.o)
 .debug_info    0x00006df4      0x99c c:/altera/13.0sp1/nios2eds/bin/gnu/h-i686-mingw32/bin/../lib/gcc/nios2-elf/4.1.2/../../../../nios2-elf/lib/mno-hw-mul\libc.a(lib_a-__atexit.o)
 .debug_info    0x00007790      0x9e2 c:/altera/13.0sp1/nios2eds/bin/gnu/h-i686-mingw32/bin/../lib/gcc/nios2-elf/4.1.2/../../../../nios2-elf/lib/mno-hw-mul\libc.a(lib_a-__call_atexit.o)
 .debug_info    0x00008172      0x21c c:/altera/13.0sp1/nios2eds/bin/gnu/h-i686-mingw32/bin/../lib/gcc/nios2-elf/4.1.2/mno-hw-mul\libgcc.a(lib2-divmod.o)
 .debug_info    0x0000838e       0xf3 c:/altera/13.0sp1/nios2eds/bin/gnu/h-i686-mingw32/bin/../lib/gcc/nios2-elf/4.1.2/mno-hw-mul\libgcc.a(lib2-mul.o)
 .debug_info    0x00008481      0x176 ../123_bsp/\libhal_bsp.a(alt_exit.o)

.debug_abbrev   0x00000000     0x203a
 *(.debug_abbrev)
 .debug_abbrev  0x00000000       0x12 ../123_bsp//obj/HAL/src/crt0.o
 .debug_abbrev  0x00000012       0x60 obj/default/hello_world.o
 .debug_abbrev  0x00000072       0x88 ../123_bsp/\libhal_bsp.a(alt_load.o)
 .debug_abbrev  0x000000fa       0xb7 ../123_bsp/\libhal_bsp.a(alt_main.o)
 .debug_abbrev  0x000001b1       0x5d ../123_bsp/\libhal_bsp.a(alt_usleep.o)
 .debug_abbrev  0x0000020e      0x142 ../123_bsp/\libhal_bsp.a(alt_sys_init.o)
 .debug_abbrev  0x00000350       0xf7 ../123_bsp/\libhal_bsp.a(altera_avalon_jtag_uart_fd.o)
 .debug_abbrev  0x00000447      0x17c ../123_bsp/\libhal_bsp.a(altera_avalon_jtag_uart_init.o)
 .debug_abbrev  0x000005c3       0xf0 ../123_bsp/\libhal_bsp.a(altera_avalon_jtag_uart_ioctl.o)
 .debug_abbrev  0x000006b3      0x191 ../123_bsp/\libhal_bsp.a(altera_avalon_jtag_uart_read.o)
 .debug_abbrev  0x00000844      0x18d ../123_bsp/\libhal_bsp.a(altera_avalon_jtag_uart_write.o)
 .debug_abbrev  0x000009d1      0x172 ../123_bsp/\libhal_bsp.a(alt_alarm_start.o)
 .debug_abbrev  0x00000b43       0x6c ../123_bsp/\libhal_bsp.a(alt_busy_sleep.o)
 .debug_abbrev  0x00000baf       0xfb ../123_bsp/\libhal_bsp.a(alt_close.o)
 .debug_abbrev  0x00000caa       0x3f ../123_bsp/\libhal_bsp.a(alt_dcache_flush_all.o)
 .debug_abbrev  0x00000ce9       0xc7 ../123_bsp/\libhal_bsp.a(alt_dev.o)
 .debug_abbrev  0x00000db0       0xf6 ../123_bsp/\libhal_bsp.a(alt_dev_llist_insert.o)
 .debug_abbrev  0x00000ea6       0x76 ../123_bsp/\libhal_bsp.a(alt_do_ctors.o)
 .debug_abbrev  0x00000f1c       0x76 ../123_bsp/\libhal_bsp.a(alt_do_dtors.o)
 .debug_abbrev  0x00000f92       0x5e ../123_bsp/\libhal_bsp.a(alt_errno.o)
 .debug_abbrev  0x00000ff0       0x3f ../123_bsp/\libhal_bsp.a(alt_icache_flush_all.o)
 .debug_abbrev  0x0000102f      0x134 ../123_bsp/\libhal_bsp.a(alt_iic.o)
 .debug_abbrev  0x00001163      0x14e ../123_bsp/\libhal_bsp.a(alt_iic_isr_register.o)
 .debug_abbrev  0x000012b1       0x12 ../123_bsp/\libhal_bsp.a(alt_irq_entry.o)
 .debug_abbrev  0x000012c3      0x10c ../123_bsp/\libhal_bsp.a(alt_irq_handler.o)
 .debug_abbrev  0x000013cf       0x44 ../123_bsp/\libhal_bsp.a(alt_irq_vars.o)
 .debug_abbrev  0x00001413       0xc1 ../123_bsp/\libhal_bsp.a(alt_release_fd.o)
 .debug_abbrev  0x000014d4      0x150 ../123_bsp/\libhal_bsp.a(alt_tick.o)
 .debug_abbrev  0x00001624       0x3f ../123_bsp/\libhal_bsp.a(altera_nios2_qsys_irq.o)
 .debug_abbrev  0x00001663       0x12 ../123_bsp/\libhal_bsp.a(alt_exception_entry.o)
 .debug_abbrev  0x00001675       0xb7 c:/altera/13.0sp1/nios2eds/bin/gnu/h-i686-mingw32/bin/../lib/gcc/nios2-elf/4.1.2/../../../../nios2-elf/lib/mno-hw-mul\libc.a(lib_a-atexit.o)
 .debug_abbrev  0x0000172c      0x16e c:/altera/13.0sp1/nios2eds/bin/gnu/h-i686-mingw32/bin/../lib/gcc/nios2-elf/4.1.2/../../../../nios2-elf/lib/mno-hw-mul\libc.a(lib_a-exit.o)
 .debug_abbrev  0x0000189a      0x157 c:/altera/13.0sp1/nios2eds/bin/gnu/h-i686-mingw32/bin/../lib/gcc/nios2-elf/4.1.2/../../../../nios2-elf/lib/mno-hw-mul\libc.a(lib_a-impure.o)
 .debug_abbrev  0x000019f1       0x3b c:/altera/13.0sp1/nios2eds/bin/gnu/h-i686-mingw32/bin/../lib/gcc/nios2-elf/4.1.2/../../../../nios2-elf/lib/mno-hw-mul\libc.a(lib_a-int_errno.o)
 .debug_abbrev  0x00001a2c       0xb5 c:/altera/13.0sp1/nios2eds/bin/gnu/h-i686-mingw32/bin/../lib/gcc/nios2-elf/4.1.2/../../../../nios2-elf/lib/mno-hw-mul\libc.a(lib_a-memcpy.o)
 .debug_abbrev  0x00001ae1      0x1ae c:/altera/13.0sp1/nios2eds/bin/gnu/h-i686-mingw32/bin/../lib/gcc/nios2-elf/4.1.2/../../../../nios2-elf/lib/mno-hw-mul\libc.a(lib_a-__atexit.o)
 .debug_abbrev  0x00001c8f      0x1de c:/altera/13.0sp1/nios2eds/bin/gnu/h-i686-mingw32/bin/../lib/gcc/nios2-elf/4.1.2/../../../../nios2-elf/lib/mno-hw-mul\libc.a(lib_a-__call_atexit.o)
 .debug_abbrev  0x00001e6d       0xe0 c:/altera/13.0sp1/nios2eds/bin/gnu/h-i686-mingw32/bin/../lib/gcc/nios2-elf/4.1.2/mno-hw-mul\libgcc.a(lib2-divmod.o)
 .debug_abbrev  0x00001f4d       0x7b c:/altera/13.0sp1/nios2eds/bin/gnu/h-i686-mingw32/bin/../lib/gcc/nios2-elf/4.1.2/mno-hw-mul\libgcc.a(lib2-mul.o)
 .debug_abbrev  0x00001fc8       0x72 ../123_bsp/\libhal_bsp.a(alt_exit.o)

.debug_line     0x00000000     0x54c0
 *(.debug_line)
 .debug_line    0x00000000       0x66 ../123_bsp//obj/HAL/src/crt0.o
 .debug_line    0x00000066      0x205 obj/default/hello_world.o
 .debug_line    0x0000026b      0x217 ../123_bsp/\libhal_bsp.a(alt_load.o)
 .debug_line    0x00000482      0x2c2 ../123_bsp/\libhal_bsp.a(alt_main.o)
 .debug_line    0x00000744      0x202 ../123_bsp/\libhal_bsp.a(alt_usleep.o)
 .debug_line    0x00000946      0x2a6 ../123_bsp/\libhal_bsp.a(alt_sys_init.o)
 .debug_line    0x00000bec      0x217 ../123_bsp/\libhal_bsp.a(altera_avalon_jtag_uart_fd.o)
 .debug_line    0x00000e03      0x4ab ../123_bsp/\libhal_bsp.a(altera_avalon_jtag_uart_init.o)
 .debug_line    0x000012ae      0x317 ../123_bsp/\libhal_bsp.a(altera_avalon_jtag_uart_ioctl.o)
 .debug_line    0x000015c5      0x3f7 ../123_bsp/\libhal_bsp.a(altera_avalon_jtag_uart_read.o)
 .debug_line    0x000019bc      0x405 ../123_bsp/\libhal_bsp.a(altera_avalon_jtag_uart_write.o)
 .debug_line    0x00001dc1      0x2dc ../123_bsp/\libhal_bsp.a(alt_alarm_start.o)
 .debug_line    0x0000209d      0x25c ../123_bsp/\libhal_bsp.a(alt_busy_sleep.o)
 .debug_line    0x000022f9      0x299 ../123_bsp/\libhal_bsp.a(alt_close.o)
 .debug_line    0x00002592      0x1b5 ../123_bsp/\libhal_bsp.a(alt_dcache_flush_all.o)
 .debug_line    0x00002747      0x254 ../123_bsp/\libhal_bsp.a(alt_dev.o)
 .debug_line    0x0000299b      0x25a ../123_bsp/\libhal_bsp.a(alt_dev_llist_insert.o)
 .debug_line    0x00002bf5       0x83 ../123_bsp/\libhal_bsp.a(alt_do_ctors.o)
 .debug_line    0x00002c78       0x83 ../123_bsp/\libhal_bsp.a(alt_do_dtors.o)
 .debug_line    0x00002cfb      0x1aa ../123_bsp/\libhal_bsp.a(alt_errno.o)
 .debug_line    0x00002ea5      0x1b5 ../123_bsp/\libhal_bsp.a(alt_icache_flush_all.o)
 .debug_line    0x0000305a      0x2c8 ../123_bsp/\libhal_bsp.a(alt_iic.o)
 .debug_line    0x00003322      0x249 ../123_bsp/\libhal_bsp.a(alt_iic_isr_register.o)
 .debug_line    0x0000356b       0x6b ../123_bsp/\libhal_bsp.a(alt_irq_entry.o)
 .debug_line    0x000035d6      0x248 ../123_bsp/\libhal_bsp.a(alt_irq_handler.o)
 .debug_line    0x0000381e       0x72 ../123_bsp/\libhal_bsp.a(alt_irq_vars.o)
 .debug_line    0x00003890       0xed ../123_bsp/\libhal_bsp.a(alt_release_fd.o)
 .debug_line    0x0000397d      0x2dc ../123_bsp/\libhal_bsp.a(alt_tick.o)
 .debug_line    0x00003c59      0x1ce ../123_bsp/\libhal_bsp.a(altera_nios2_qsys_irq.o)
 .debug_line    0x00003e27       0xab ../123_bsp/\libhal_bsp.a(alt_exception_entry.o)
 .debug_line    0x00003ed2      0x203 c:/altera/13.0sp1/nios2eds/bin/gnu/h-i686-mingw32/bin/../lib/gcc/nios2-elf/4.1.2/../../../../nios2-elf/lib/mno-hw-mul\libc.a(lib_a-atexit.o)
 .debug_line    0x000040d5      0x23b c:/altera/13.0sp1/nios2eds/bin/gnu/h-i686-mingw32/bin/../lib/gcc/nios2-elf/4.1.2/../../../../nios2-elf/lib/mno-hw-mul\libc.a(lib_a-exit.o)
 .debug_line    0x00004310      0x230 c:/altera/13.0sp1/nios2eds/bin/gnu/h-i686-mingw32/bin/../lib/gcc/nios2-elf/4.1.2/../../../../nios2-elf/lib/mno-hw-mul\libc.a(lib_a-impure.o)
 .debug_line    0x00004540      0x1e2 c:/altera/13.0sp1/nios2eds/bin/gnu/h-i686-mingw32/bin/../lib/gcc/nios2-elf/4.1.2/../../../../nios2-elf/lib/mno-hw-mul\libc.a(lib_a-int_errno.o)
 .debug_line    0x00004722      0x1af c:/altera/13.0sp1/nios2eds/bin/gnu/h-i686-mingw32/bin/../lib/gcc/nios2-elf/4.1.2/../../../../nios2-elf/lib/mno-hw-mul\libc.a(lib_a-memcpy.o)
 .debug_line    0x000048d1      0x316 c:/altera/13.0sp1/nios2eds/bin/gnu/h-i686-mingw32/bin/../lib/gcc/nios2-elf/4.1.2/../../../../nios2-elf/lib/mno-hw-mul\libc.a(lib_a-__atexit.o)
 .debug_line    0x00004be7      0x36a c:/altera/13.0sp1/nios2eds/bin/gnu/h-i686-mingw32/bin/../lib/gcc/nios2-elf/4.1.2/../../../../nios2-elf/lib/mno-hw-mul\libc.a(lib_a-__call_atexit.o)
 .debug_line    0x00004f51      0x24f c:/altera/13.0sp1/nios2eds/bin/gnu/h-i686-mingw32/bin/../lib/gcc/nios2-elf/4.1.2/mno-hw-mul\libgcc.a(lib2-divmod.o)
 .debug_line    0x000051a0      0x11a c:/altera/13.0sp1/nios2eds/bin/gnu/h-i686-mingw32/bin/../lib/gcc/nios2-elf/4.1.2/mno-hw-mul\libgcc.a(lib2-mul.o)
 .debug_line    0x000052ba      0x206 ../123_bsp/\libhal_bsp.a(alt_exit.o)

.debug_frame    0x00000000      0x7b4
 *(.debug_frame)
 .debug_frame   0x00000000       0x2c obj/default/hello_world.o
 .debug_frame   0x0000002c       0x48 ../123_bsp/\libhal_bsp.a(alt_load.o)
 .debug_frame   0x00000074       0x2c ../123_bsp/\libhal_bsp.a(alt_main.o)
 .debug_frame   0x000000a0       0x2c ../123_bsp/\libhal_bsp.a(alt_usleep.o)
 .debug_frame   0x000000cc       0x64 ../123_bsp/\libhal_bsp.a(alt_sys_init.o)
 .debug_frame   0x00000130       0x80 ../123_bsp/\libhal_bsp.a(altera_avalon_jtag_uart_fd.o)
 .debug_frame   0x000001b0       0x80 ../123_bsp/\libhal_bsp.a(altera_avalon_jtag_uart_init.o)
 .debug_frame   0x00000230       0x2c ../123_bsp/\libhal_bsp.a(altera_avalon_jtag_uart_ioctl.o)
 .debug_frame   0x0000025c       0x2c ../123_bsp/\libhal_bsp.a(altera_avalon_jtag_uart_read.o)
 .debug_frame   0x00000288       0x2c ../123_bsp/\libhal_bsp.a(altera_avalon_jtag_uart_write.o)
 .debug_frame   0x000002b4       0x2c ../123_bsp/\libhal_bsp.a(alt_alarm_start.o)
 .debug_frame   0x000002e0       0x2c ../123_bsp/\libhal_bsp.a(alt_busy_sleep.o)
 .debug_frame   0x0000030c       0x48 ../123_bsp/\libhal_bsp.a(alt_close.o)
 .debug_frame   0x00000354       0x2c ../123_bsp/\libhal_bsp.a(alt_dcache_flush_all.o)
 .debug_frame   0x00000380       0x2c ../123_bsp/\libhal_bsp.a(alt_dev.o)
 .debug_frame   0x000003ac       0x48 ../123_bsp/\libhal_bsp.a(alt_dev_llist_insert.o)
 .debug_frame   0x000003f4       0x2c ../123_bsp/\libhal_bsp.a(alt_do_ctors.o)
 .debug_frame   0x00000420       0x2c ../123_bsp/\libhal_bsp.a(alt_do_dtors.o)
 .debug_frame   0x0000044c       0x2c ../123_bsp/\libhal_bsp.a(alt_icache_flush_all.o)
 .debug_frame   0x00000478       0x80 ../123_bsp/\libhal_bsp.a(alt_iic.o)
 .debug_frame   0x000004f8       0x2c ../123_bsp/\libhal_bsp.a(alt_iic_isr_register.o)
 .debug_frame   0x00000524       0x2c ../123_bsp/\libhal_bsp.a(alt_irq_handler.o)
 .debug_frame   0x00000550       0x30 ../123_bsp/\libhal_bsp.a(alt_release_fd.o)
 .debug_frame   0x00000580       0x48 ../123_bsp/\libhal_bsp.a(alt_tick.o)
 .debug_frame   0x000005c8       0x2c ../123_bsp/\libhal_bsp.a(altera_nios2_qsys_irq.o)
 .debug_frame   0x000005f4       0x20 c:/altera/13.0sp1/nios2eds/bin/gnu/h-i686-mingw32/bin/../lib/gcc/nios2-elf/4.1.2/../../../../nios2-elf/lib/mno-hw-mul\libc.a(lib_a-atexit.o)
 .debug_frame   0x00000614       0x28 c:/altera/13.0sp1/nios2eds/bin/gnu/h-i686-mingw32/bin/../lib/gcc/nios2-elf/4.1.2/../../../../nios2-elf/lib/mno-hw-mul\libc.a(lib_a-exit.o)
 .debug_frame   0x0000063c       0x20 c:/altera/13.0sp1/nios2eds/bin/gnu/h-i686-mingw32/bin/../lib/gcc/nios2-elf/4.1.2/../../../../nios2-elf/lib/mno-hw-mul\libc.a(lib_a-memcpy.o)
 .debug_frame   0x0000065c       0x34 c:/altera/13.0sp1/nios2eds/bin/gnu/h-i686-mingw32/bin/../lib/gcc/nios2-elf/4.1.2/../../../../nios2-elf/lib/mno-hw-mul\libc.a(lib_a-__atexit.o)
 .debug_frame   0x00000690       0x4c c:/altera/13.0sp1/nios2eds/bin/gnu/h-i686-mingw32/bin/../lib/gcc/nios2-elf/4.1.2/../../../../nios2-elf/lib/mno-hw-mul\libc.a(lib_a-__call_atexit.o)
 .debug_frame   0x000006dc       0x70 c:/altera/13.0sp1/nios2eds/bin/gnu/h-i686-mingw32/bin/../lib/gcc/nios2-elf/4.1.2/mno-hw-mul\libgcc.a(lib2-divmod.o)
 .debug_frame   0x0000074c       0x20 c:/altera/13.0sp1/nios2eds/bin/gnu/h-i686-mingw32/bin/../lib/gcc/nios2-elf/4.1.2/mno-hw-mul\libgcc.a(lib2-mul.o)
 .debug_frame   0x0000076c       0x48 ../123_bsp/\libhal_bsp.a(alt_exit.o)

.debug_str      0x00000000      0xb44
 *(.debug_str)
 .debug_str     0x00000000       0x12 obj/default/hello_world.o
 .debug_str     0x00000012       0x12 ../123_bsp/\libhal_bsp.a(alt_load.o)
 .debug_str     0x00000024       0x12 ../123_bsp/\libhal_bsp.a(alt_main.o)
 .debug_str     0x00000036       0x12 ../123_bsp/\libhal_bsp.a(alt_usleep.o)
 .debug_str     0x00000048       0x12 ../123_bsp/\libhal_bsp.a(alt_sys_init.o)
 .debug_str     0x0000005a       0x12 ../123_bsp/\libhal_bsp.a(altera_avalon_jtag_uart_fd.o)
 .debug_str     0x0000006c       0x1a ../123_bsp/\libhal_bsp.a(altera_avalon_jtag_uart_init.o)
 .debug_str     0x00000086       0x12 ../123_bsp/\libhal_bsp.a(altera_avalon_jtag_uart_ioctl.o)
 .debug_str     0x00000098       0x1a ../123_bsp/\libhal_bsp.a(altera_avalon_jtag_uart_read.o)
 .debug_str     0x000000b2       0x1a ../123_bsp/\libhal_bsp.a(altera_avalon_jtag_uart_write.o)
 .debug_str     0x000000cc       0x23 ../123_bsp/\libhal_bsp.a(alt_alarm_start.o)
 .debug_str     0x000000ef       0x12 ../123_bsp/\libhal_bsp.a(alt_busy_sleep.o)
 .debug_str     0x00000101       0x12 ../123_bsp/\libhal_bsp.a(alt_close.o)
 .debug_str     0x00000113       0x12 ../123_bsp/\libhal_bsp.a(alt_dcache_flush_all.o)
 .debug_str     0x00000125       0x12 ../123_bsp/\libhal_bsp.a(alt_dev.o)
 .debug_str     0x00000137       0x12 ../123_bsp/\libhal_bsp.a(alt_dev_llist_insert.o)
 .debug_str     0x00000149       0x12 ../123_bsp/\libhal_bsp.a(alt_errno.o)
 .debug_str     0x0000015b       0x12 ../123_bsp/\libhal_bsp.a(alt_icache_flush_all.o)
 .debug_str     0x0000016d       0x18 ../123_bsp/\libhal_bsp.a(alt_iic.o)
 .debug_str     0x00000185       0x1a ../123_bsp/\libhal_bsp.a(alt_iic_isr_register.o)
 .debug_str     0x0000019f       0x12 ../123_bsp/\libhal_bsp.a(alt_irq_handler.o)
 .debug_str     0x000001b1       0x1a ../123_bsp/\libhal_bsp.a(alt_tick.o)
 .debug_str     0x000001cb       0x12 ../123_bsp/\libhal_bsp.a(altera_nios2_qsys_irq.o)
 .debug_str     0x000001dd      0x187 c:/altera/13.0sp1/nios2eds/bin/gnu/h-i686-mingw32/bin/../lib/gcc/nios2-elf/4.1.2/../../../../nios2-elf/lib/mno-hw-mul\libc.a(lib_a-atexit.o)
                                0x1cd (size before relaxing)
 .debug_str     0x00000364      0x387 c:/altera/13.0sp1/nios2eds/bin/gnu/h-i686-mingw32/bin/../lib/gcc/nios2-elf/4.1.2/../../../../nios2-elf/lib/mno-hw-mul\libc.a(lib_a-exit.o)
                                0x51a (size before relaxing)
 .debug_str     0x000006eb       0xdf c:/altera/13.0sp1/nios2eds/bin/gnu/h-i686-mingw32/bin/../lib/gcc/nios2-elf/4.1.2/../../../../nios2-elf/lib/mno-hw-mul\libc.a(lib_a-impure.o)
                                0x528 (size before relaxing)
 .debug_str     0x000007ca       0x40 c:/altera/13.0sp1/nios2eds/bin/gnu/h-i686-mingw32/bin/../lib/gcc/nios2-elf/4.1.2/../../../../nios2-elf/lib/mno-hw-mul\libc.a(lib_a-int_errno.o)
                                0x171 (size before relaxing)
 .debug_str     0x0000080a      0x10a c:/altera/13.0sp1/nios2eds/bin/gnu/h-i686-mingw32/bin/../lib/gcc/nios2-elf/4.1.2/../../../../nios2-elf/lib/mno-hw-mul\libc.a(lib_a-memcpy.o)
                                0x136 (size before relaxing)
 .debug_str     0x00000914       0x54 c:/altera/13.0sp1/nios2eds/bin/gnu/h-i686-mingw32/bin/../lib/gcc/nios2-elf/4.1.2/../../../../nios2-elf/lib/mno-hw-mul\libc.a(lib_a-__atexit.o)
                                0x532 (size before relaxing)
 .debug_str     0x00000968       0x7e c:/altera/13.0sp1/nios2eds/bin/gnu/h-i686-mingw32/bin/../lib/gcc/nios2-elf/4.1.2/../../../../nios2-elf/lib/mno-hw-mul\libc.a(lib_a-__call_atexit.o)
                                0x55c (size before relaxing)
 .debug_str     0x000009e6      0x10b c:/altera/13.0sp1/nios2eds/bin/gnu/h-i686-mingw32/bin/../lib/gcc/nios2-elf/4.1.2/mno-hw-mul\libgcc.a(lib2-divmod.o)
                                0x1b4 (size before relaxing)
 .debug_str     0x00000af1       0x37 c:/altera/13.0sp1/nios2eds/bin/gnu/h-i686-mingw32/bin/../lib/gcc/nios2-elf/4.1.2/mno-hw-mul\libgcc.a(lib2-mul.o)
                                0x175 (size before relaxing)
 .debug_str     0x00000b28       0x1c ../123_bsp/\libhal_bsp.a(alt_exit.o)

.debug_loc      0x00000000      0xd3f
 *(.debug_loc)
 .debug_loc     0x00000000       0x2b obj/default/hello_world.o
 .debug_loc     0x0000002b       0x56 ../123_bsp/\libhal_bsp.a(alt_load.o)
 .debug_loc     0x00000081       0x2b ../123_bsp/\libhal_bsp.a(alt_main.o)
 .debug_loc     0x000000ac       0x2b ../123_bsp/\libhal_bsp.a(alt_usleep.o)
 .debug_loc     0x000000d7       0x81 ../123_bsp/\libhal_bsp.a(alt_sys_init.o)
 .debug_loc     0x00000158       0xac ../123_bsp/\libhal_bsp.a(altera_avalon_jtag_uart_fd.o)
 .debug_loc     0x00000204       0xac ../123_bsp/\libhal_bsp.a(altera_avalon_jtag_uart_init.o)
 .debug_loc     0x000002b0       0x2b ../123_bsp/\libhal_bsp.a(altera_avalon_jtag_uart_ioctl.o)
 .debug_loc     0x000002db       0x2b ../123_bsp/\libhal_bsp.a(altera_avalon_jtag_uart_read.o)
 .debug_loc     0x00000306       0x2b ../123_bsp/\libhal_bsp.a(altera_avalon_jtag_uart_write.o)
 .debug_loc     0x00000331       0x2b ../123_bsp/\libhal_bsp.a(alt_alarm_start.o)
 .debug_loc     0x0000035c       0x2b ../123_bsp/\libhal_bsp.a(alt_busy_sleep.o)
 .debug_loc     0x00000387       0x56 ../123_bsp/\libhal_bsp.a(alt_close.o)
 .debug_loc     0x000003dd       0x2b ../123_bsp/\libhal_bsp.a(alt_dcache_flush_all.o)
 .debug_loc     0x00000408       0x2b ../123_bsp/\libhal_bsp.a(alt_dev.o)
 .debug_loc     0x00000433       0x56 ../123_bsp/\libhal_bsp.a(alt_dev_llist_insert.o)
 .debug_loc     0x00000489       0x2b ../123_bsp/\libhal_bsp.a(alt_do_ctors.o)
 .debug_loc     0x000004b4       0x2b ../123_bsp/\libhal_bsp.a(alt_do_dtors.o)
 .debug_loc     0x000004df       0x2b ../123_bsp/\libhal_bsp.a(alt_icache_flush_all.o)
 .debug_loc     0x0000050a       0xac ../123_bsp/\libhal_bsp.a(alt_iic.o)
 .debug_loc     0x000005b6       0x2b ../123_bsp/\libhal_bsp.a(alt_iic_isr_register.o)
 .debug_loc     0x000005e1       0x2b ../123_bsp/\libhal_bsp.a(alt_irq_handler.o)
 .debug_loc     0x0000060c       0x2b ../123_bsp/\libhal_bsp.a(alt_release_fd.o)
 .debug_loc     0x00000637       0x56 ../123_bsp/\libhal_bsp.a(alt_tick.o)
 .debug_loc     0x0000068d       0x2b ../123_bsp/\libhal_bsp.a(altera_nios2_qsys_irq.o)
 .debug_loc     0x000006b8       0x1e c:/altera/13.0sp1/nios2eds/bin/gnu/h-i686-mingw32/bin/../lib/gcc/nios2-elf/4.1.2/../../../../nios2-elf/lib/mno-hw-mul\libc.a(lib_a-atexit.o)
 .debug_loc     0x000006d6       0x3d c:/altera/13.0sp1/nios2eds/bin/gnu/h-i686-mingw32/bin/../lib/gcc/nios2-elf/4.1.2/../../../../nios2-elf/lib/mno-hw-mul\libc.a(lib_a-exit.o)
 .debug_loc     0x00000713       0xca c:/altera/13.0sp1/nios2eds/bin/gnu/h-i686-mingw32/bin/../lib/gcc/nios2-elf/4.1.2/../../../../nios2-elf/lib/mno-hw-mul\libc.a(lib_a-memcpy.o)
 .debug_loc     0x000007dd      0x120 c:/altera/13.0sp1/nios2eds/bin/gnu/h-i686-mingw32/bin/../lib/gcc/nios2-elf/4.1.2/../../../../nios2-elf/lib/mno-hw-mul\libc.a(lib_a-__atexit.o)
 .debug_loc     0x000008fd      0x1cb c:/altera/13.0sp1/nios2eds/bin/gnu/h-i686-mingw32/bin/../lib/gcc/nios2-elf/4.1.2/../../../../nios2-elf/lib/mno-hw-mul\libc.a(lib_a-__call_atexit.o)
 .debug_loc     0x00000ac8      0x1d2 c:/altera/13.0sp1/nios2eds/bin/gnu/h-i686-mingw32/bin/../lib/gcc/nios2-elf/4.1.2/mno-hw-mul\libgcc.a(lib2-divmod.o)
 .debug_loc     0x00000c9a       0x4f c:/altera/13.0sp1/nios2eds/bin/gnu/h-i686-mingw32/bin/../lib/gcc/nios2-elf/4.1.2/mno-hw-mul\libgcc.a(lib2-mul.o)
 .debug_loc     0x00000ce9       0x56 ../123_bsp/\libhal_bsp.a(alt_exit.o)

.debug_macinfo
 *(.debug_macinfo)

.debug_weaknames
 *(.debug_weaknames)

.debug_funcnames
 *(.debug_funcnames)

.debug_typenames
 *(.debug_typenames)

.debug_varnames
 *(.debug_varnames)

.debug_alt_sim_info
                0x00000000       0x40
 *(.debug_alt_sim_info)
 .debug_alt_sim_info
                0x00000000       0x10 ../123_bsp//obj/HAL/src/crt0.o
 .debug_alt_sim_info
                0x00000010       0x30 ../123_bsp/\libhal_bsp.a(alt_busy_sleep.o)
                0x03000000                __alt_data_end = 0x3000000
                0x03000000                PROVIDE (__alt_stack_pointer, __alt_data_end)
                0x02804fa8                PROVIDE (__alt_stack_limit, __alt_stack_base)
                0x02804fa8                PROVIDE (__alt_heap_start, end)
                0x03000000                PROVIDE (__alt_heap_limit, 0x3000000)
OUTPUT(123.elf elf32-littlenios2)

.debug_ranges   0x00000000       0x90
 .debug_ranges  0x00000000       0x20 ../123_bsp//obj/HAL/src/crt0.o
 .debug_ranges  0x00000020       0x28 ../123_bsp/\libhal_bsp.a(alt_irq_entry.o)
 .debug_ranges  0x00000048       0x30 ../123_bsp/\libhal_bsp.a(alt_exception_entry.o)
 .debug_ranges  0x00000078       0x18 c:/altera/13.0sp1/nios2eds/bin/gnu/h-i686-mingw32/bin/../lib/gcc/nios2-elf/4.1.2/../../../../nios2-elf/lib/mno-hw-mul\libc.a(lib_a-__call_atexit.o)
